[    0.003902] ACPI: DSDT 0x000000007060E000 0147A2 (v24 ALASKA A M I    01072009 INTL 20230331)
[    0.003904] ACPI: FACS 0x0000000072627000 000040
[    0.003905] ACPI: SSDT 0x0000000070637000 00816C (v02 AMD    Splinter 00000002 MSFT 05000000)
[    0.003906] ACPI: SSDT 0x0000000070636000 000221 (v02 ALASKA CPUSSDT  01072009 AMI  01072009)
[    0.003907] ACPI: FIDT 0x0000000070627000 00009C (v01 ALASKA A M I    01072009 AMI  00010013)
[    0.003908] ACPI: MCFG 0x0000000070625000 00003C (v01 ALASKA A M I    01072009 MSFT 00010013)
[    0.003909] ACPI: HPET 0x0000000070624000 000038 (v01 ALASKA A M I    01072009 AMI  00000005)
[    0.003910] ACPI: FPDT 0x0000000070623000 000044 (v01 ALASKA A M I    01072009 AMI  01000013)
[    0.003911] ACPI: VFCT 0x000000007062A000 00AE84 (v01 ALASKA A M I    00000001 AMD  33504F47)
[    0.003912] ACPI: BGRT 0x0000000070629000 000038 (v01 ALASKA A M I    01072009 AMI  00010013)
[    0.003913] ACPI: WPBT 0x00000000704CC000 000040 (v01 ALASKA A M I    00000001 ASUS 00000001)
[    0.003914] ACPI: SSDT 0x00000000704C7000 004DEE (v02 AMD    AMD CPU  00000001 AMD  00000001)
[    0.003915] ACPI: SSDT 0x00000000704C6000 000041 (v01 AMD    AppCompD 00000001 INTL 20230331)
[    0.003916] ACPI: SSDT 0x00000000704B9000 00C682 (v02 AMD    DISCUSB4 00000002 INTL 20230331)
[    0.003917] ACPI: SSDT 0x00000000704B7000 00169E (v02 AMD    CPMDFIG2 00000001 INTL 20230331)
[    0.003918] ACPI: SSDT 0x00000000704B4000 002AA6 (v02 AMD    CDFAAIG2 00000001 INTL 20230331)
[    0.003919] ACPI: SSDT 0x00000000704B3000 00078F (v02 AMD    CPMDFDG1 00000001 INTL 20230331)
[    0.003919] ACPI: SSDT 0x00000000704A8000 00A665 (v02 AMD    CPMCMN   00000001 INTL 20230331)
[    0.003921] ACPI: SSDT 0x00000000704A5000 002959 (v02 AMD    AOD      00000001 INTL 20230331)
[    0.003922] ACPI: TPM2 0x00000000704A4000 00004C (v04 ALASKA A M I    00000001 AMI  00000000)
[    0.003922] ACPI: WSMT 0x00000000704A3000 000028 (v01 ALASKA A M I    01072009 AMI  00010013)
[    0.003923] ACPI: APIC 0x00000000704A2000 00015E (v06 ALASKA A M I    01072009 AMI  00010013)
[    0.003924] ACPI: IVRS 0x00000000704A1000 0000C8 (v02 AMD    AmdTable 00000001 AMD  00000001)
[    0.003925] ACPI: SSDT 0x00000000704A0000 000500 (v02 AMD    MEMTOOL0 00000002 INTL 20230331)
[    0.003926] ACPI: SSDT 0x000000007049F000 0009E6 (v02 AMD    CPMMSOSC 00000001 INTL 20230331)
[    0.003927] ACPI: SSDT 0x000000007049E000 00047C (v02 AMD    AMDWOV   00000001 INTL 20230331)
[    0.003928] ACPI: SSDT 0x000000007049D000 00053E (v01 AMD    CPMAPMFD 00000001 INTL 20230331)
[    0.003929] ACPI: SSDT 0x000000007049C000 00044E (v02 AMD    AmdTable 00000001 INTL 20230331)
[    0.003930] ACPI: SSDT 0x000000007049B000 000771 (v02 AMD    AmdTable 00000001 INTL 20230331)
[    0.003931] ACPI: Reserving FACP table memory at [mem 0x70635000-0x70635113]
[    0.003931] ACPI: Reserving DSDT table memory at [mem 0x7060e000-0x706227a1]
[    0.003932] ACPI: Reserving FACS table memory at [mem 0x72627000-0x7262703f]
[    0.003932] ACPI: Reserving SSDT table memory at [mem 0x70637000-0x7063f16b]
[    0.003932] ACPI: Reserving SSDT table memory at [mem 0x70636000-0x70636220]
[    0.003932] ACPI: Reserving FIDT table memory at [mem 0x70627000-0x7062709b]
[    0.003933] ACPI: Reserving MCFG table memory at [mem 0x70625000-0x7062503b]
[    0.003933] ACPI: Reserving HPET table memory at [mem 0x70624000-0x70624037]
[    0.003933] ACPI: Reserving FPDT table memory at [mem 0x70623000-0x70623043]
[    0.003933] ACPI: Reserving VFCT table memory at [mem 0x7062a000-0x70634e83]
[    0.003933] ACPI: Reserving BGRT table memory at [mem 0x70629000-0x70629037]
[    0.003934] ACPI: Reserving WPBT table memory at [mem 0x704cc000-0x704cc03f]
[    0.003934] ACPI: Reserving SSDT table memory at [mem 0x704c7000-0x704cbded]
[    0.003934] ACPI: Reserving SSDT table memory at [mem 0x704c6000-0x704c6040]
[    0.003934] ACPI: Reserving SSDT table memory at [mem 0x704b9000-0x704c5681]
[    0.003935] ACPI: Reserving SSDT table memory at [mem 0x704b7000-0x704b869d]
[    0.003935] ACPI: Reserving SSDT table memory at [mem 0x704b4000-0x704b6aa5]
[    0.003935] ACPI: Reserving SSDT table memory at [mem 0x704b3000-0x704b378e]
[    0.003935] ACPI: Reserving SSDT table memory at [mem 0x704a8000-0x704b2664]
[    0.003935] ACPI: Reserving SSDT table memory at [mem 0x704a5000-0x704a7958]
[    0.003936] ACPI: Reserving TPM2 table memory at [mem 0x704a4000-0x704a404b]
[    0.003936] ACPI: Reserving WSMT table memory at [mem 0x704a3000-0x704a3027]
[    0.003936] ACPI: Reserving APIC table memory at [mem 0x704a2000-0x704a215d]
[    0.003936] ACPI: Reserving IVRS table memory at [mem 0x704a1000-0x704a10c7]
[    0.003936] ACPI: Reserving SSDT table memory at [mem 0x704a0000-0x704a04ff]
[    0.003937] ACPI: Reserving SSDT table memory at [mem 0x7049f000-0x7049f9e5]
[    0.003937] ACPI: Reserving SSDT table memory at [mem 0x7049e000-0x7049e47b]
[    0.003937] ACPI: Reserving SSDT table memory at [mem 0x7049d000-0x7049d53d]
[    0.003937] ACPI: Reserving SSDT table memory at [mem 0x7049c000-0x7049c44d]
[    0.003937] ACPI: Reserving SSDT table memory at [mem 0x7049b000-0x7049b770]
[    0.003978] No NUMA configuration found
[    0.003978] Faking a node at [mem 0x0000000000000000-0x00000017fde7ffff]
[    0.003980] NODE_DATA(0) allocated [mem 0x17fde7ba80-0x17fde7ffff]
[    0.004030] Zone ranges:
[    0.004030]   DMA      [mem 0x0000000000001000-0x0000000000ffffff]
[    0.004031]   DMA32    [mem 0x0000000001000000-0x00000000ffffffff]
[    0.004032]   Normal   [mem 0x0000000100000000-0x00000017fde7ffff]
[    0.004032] Movable zone start for each node
[    0.004032] Early memory node ranges
[    0.004033]   node   0: [mem 0x0000000000001000-0x000000000009ffff]
[    0.004033]   node   0: [mem 0x0000000000100000-0x0000000009afefff]
[    0.004034]   node   0: [mem 0x000000000a000000-0x000000000a1fffff]
[    0.004034]   node   0: [mem 0x000000000a21e000-0x000000000affffff]
[    0.004034]   node   0: [mem 0x000000000b021000-0x0000000069c7ffff]
[    0.004034]   node   0: [mem 0x00000000781ff000-0x0000000079ff6fff]
[    0.004035]   node   0: [mem 0x0000000079ffc000-0x0000000079ffffff]
[    0.004035]   node   0: [mem 0x0000000100000000-0x00000017fde7ffff]
[    0.004037] Initmem setup node 0 [mem 0x0000000000001000-0x00000017fde7ffff]
[    0.004042] On node 0, zone DMA: 1 pages in unavailable ranges
[    0.004055] On node 0, zone DMA: 96 pages in unavailable ranges
[    0.004164] On node 0, zone DMA32: 1281 pages in unavailable ranges
[    0.004175] On node 0, zone DMA32: 30 pages in unavailable ranges
[    0.005306] On node 0, zone DMA32: 33 pages in unavailable ranges
[    0.005394] On node 0, zone DMA32: 25983 pages in unavailable ranges
[    0.005395] On node 0, zone DMA32: 5 pages in unavailable ranges
[    0.005557] On node 0, zone Normal: 24576 pages in unavailable ranges
[    0.005580] On node 0, zone Normal: 8576 pages in unavailable ranges
[    0.006595] ACPI: PM-Timer IO Port: 0x808
[    0.006600] ACPI: LAPIC_NMI (acpi_id[0xff] high edge lint[0x1])
[    0.006609] IOAPIC[0]: apic_id 32, version 33, address 0xfec00000, GSI 0-23
[    0.006612] IOAPIC[1]: apic_id 33, version 33, address 0xfec01000, GSI 24-55
[    0.006613] ACPI: INT_SRC_OVR (bus 0 bus_irq 0 global_irq 2 dfl dfl)
[    0.006614] ACPI: INT_SRC_OVR (bus 0 bus_irq 9 global_irq 9 low level)
[    0.006616] ACPI: Using ACPI (MADT) for SMP configuration information
[    0.006617] ACPI: HPET id: 0x10228201 base: 0xfed00000
[    0.006621] e820: update [mem 0x631a7000-0x631ecfff] usable ==> reserved
[    0.006629] CPU topo: Max. logical packages:   1
[    0.006630] CPU topo: Max. logical dies:       1
[    0.006630] CPU topo: Max. dies per package:   1
[    0.006632] CPU topo: Max. threads per core:   2
[    0.006632] CPU topo: Num. cores per package:     8
[    0.006632] CPU topo: Num. threads per package:  16
[    0.006632] CPU topo: Allowing 16 present CPUs plus 0 hotplug CPUs
[    0.006644] PM: hibernation: Registered nosave memory: [mem 0x00000000-0x00000fff]
[    0.006645] PM: hibernation: Registered nosave memory: [mem 0x000a0000-0x000fffff]
[    0.006645] PM: hibernation: Registered nosave memory: [mem 0x09aff000-0x09ffffff]
[    0.006646] PM: hibernation: Registered nosave memory: [mem 0x0a200000-0x0a21dfff]
[    0.006646] PM: hibernation: Registered nosave memory: [mem 0x0b000000-0x0b020fff]
[    0.006647] PM: hibernation: Registered nosave memory: [mem 0x631a7000-0x631ecfff]
[    0.006647] PM: hibernation: Registered nosave memory: [mem 0x65f43000-0x65f43fff]
[    0.006648] PM: hibernation: Registered nosave memory: [mem 0x69c80000-0x781fefff]
[    0.006648] PM: hibernation: Registered nosave memory: [mem 0x79ff7000-0x79ffbfff]
[    0.006649] PM: hibernation: Registered nosave memory: [mem 0x7a000000-0xffffffff]
[    0.006650] [mem 0x80000000-0xfedfffff] available for PCI devices
[    0.006650] Booting paravirtualized kernel on bare hardware
[    0.006652] clocksource: refined-jiffies: mask: 0xffffffff max_cycles: 0xffffffff, max_idle_ns: 1910969940391419 ns
[    0.010483] setup_percpu: NR_CPUS:128 nr_cpumask_bits:16 nr_cpu_ids:16 nr_node_ids:1
[    0.010600] percpu: Embedded 61 pages/cpu s212992 r8192 d28672 u262144
[    0.010603] pcpu-alloc: s212992 r8192 d28672 u262144 alloc=1*2097152
[    0.010604] pcpu-alloc: [0] 00 01 02 03 04 05 06 07 [0] 08 09 10 11 12 13 14 15 
[    0.010613] Kernel command line: audit=0 intel_pstate=disable amd_pstate=disable split_lock_detect=off  BOOT_IMAGE=/boot/vmlinuz-6.19.6-1-liquorix-amd64 root=UUID=1ed57562-ba95-49d6-9b23-9ea590095f40 ro quiet loglevel=3 pcie_aspm=off rd.systemd.show_status=false splash nvidia-drm.modeset=1
[    0.010622] audit: disabled (until reboot)
[    0.010648] PCIe ASPM is disabled
[    0.010659] Unknown kernel command line parameters "splash split_lock_detect=off", will be passed to user space.
[    0.010856] printk: log buffer data + meta data: 131072 + 458752 = 589824 bytes
[    0.012048] Dentry cache hash table entries: 8388608 (order: 14, 67108864 bytes, linear)
[    0.013058] Inode-cache hash table entries: 4194304 (order: 13, 33554432 bytes, linear)
[    0.013116] software IO TLB: area num 16.
[    0.015996] Fallback order for Node 0: 0 
[    0.015998] Built 1 zonelists, mobility grouping on.  Total pages: 24548187
[    0.015998] Policy zone: Normal
[    0.016007] mem auto-init: stack:off, heap alloc:on, heap free:off
[    0.020357] SLUB: HWalign=64, Order=0-3, MinObjects=0, CPUs=16, Nodes=1
[    0.028075] ftrace: allocating 56836 entries in 224 pages
[    0.028076] ftrace: allocated 224 pages with 3 groups
[    0.028100] sched/alt: PDS CPU Scheduler v6.19-r2 by Alfred Chen.
[    0.028138] rcu: Preemptible hierarchical RCU implementation.
[    0.028139] rcu: 	RCU restricting CPUs from NR_CPUS=128 to nr_cpu_ids=16.
[    0.028140] 	Trampoline variant of Tasks RCU enabled.
[    0.028140] 	Rude variant of Tasks RCU enabled.
[    0.028140] 	Tracing variant of Tasks RCU enabled.
[    0.028141] rcu: RCU calculated value of scheduler-enlistment delay is 100 jiffies.
[    0.028141] rcu: Adjusting geometry for rcu_fanout_leaf=16, nr_cpu_ids=16
[    0.028148] RCU Tasks: Setting shift to 4 and lim to 1 rcu_task_cb_adjust=1 rcu_task_cpu_ids=16.
[    0.028149] RCU Tasks Rude: Setting shift to 4 and lim to 1 rcu_task_cb_adjust=1 rcu_task_cpu_ids=16.
[    0.028151] RCU Tasks Trace: Setting shift to 4 and lim to 1 rcu_task_cb_adjust=1 rcu_task_cpu_ids=16.
[    0.030615] NR_IRQS: 8448, nr_irqs: 1096, preallocated irqs: 16
[    0.030789] rcu: 	Offload RCU callbacks from CPUs: 0-15.
[    0.030792] rcu: srcu_init: Setting srcu_struct sizes based on contention.
[    0.030908] Console: colour dummy device 80x25
[    0.030909] printk: legacy console [tty0] enabled
[    0.030929] ACPI: Core revision 20250807
[    0.031051] clocksource: hpet: mask: 0xffffffff max_cycles: 0xffffffff, max_idle_ns: 133484873504 ns
[    0.031062] APIC: Switch to symmetric I/O mode setup
[    0.031231] AMD-Vi: Using global IVHD EFR:0x246577efa2254afa, EFR2:0x0
[    0.032005] ..TIMER: vector=0x30 apic1=0 pin1=2 apic2=-1 pin2=-1
[    0.036067] clocksource: tsc-early: mask: 0xffffffffffffffff max_cycles: 0x43bf68aae80, max_idle_ns: 440795362123 ns
[    0.036070] Calibrating delay loop (skipped), value calculated using timer frequency.. 9399.99 BogoMIPS (lpj=4699995)
[    0.036084] RDSEED32 is broken. Disabling the corresponding CPUID bit.
[    0.036089] x86/cpu: User Mode Instruction Prevention (UMIP) activated
[    0.036124] LVT offset 1 assigned for vector 0xf9
[    0.036125] LVT offset 2 assigned for vector 0xf4
[    0.036394] Last level iTLB entries: 4KB 64, 2MB 64, 4MB 32
[    0.036394] Last level dTLB entries: 4KB 128, 2MB 128, 4MB 64, 1GB 0
[    0.036397] process: using mwait in idle threads
[    0.036399] mitigations: Enabled attack vectors: user_kernel, user_user, guest_host, guest_guest, SMT mitigations: auto
[    0.036401] Speculative Store Bypass: Mitigation: Speculative Store Bypass disabled via prctl
[    0.036402] Spectre V2 : Mitigation: Enhanced / Automatic IBRS
[    0.036402] Spectre V2 : User space: Mitigation: STIBP always-on protection
[    0.036403] Speculative Return Stack Overflow: Mitigation: IBPB on VMEXIT only
[    0.036403] VMSCAPE: Mitigation: IBPB on VMEXIT
[    0.036404] Spectre V1 : Mitigation: usercopy/swapgs barriers and __user pointer sanitization
[    0.036405] Spectre V2 : mitigation: Enabling conditional Indirect Branch Prediction Barrier
[    0.036411] x86/fpu: Supporting XSAVE feature 0x001: 'x87 floating point registers'
[    0.036412] x86/fpu: Supporting XSAVE feature 0x002: 'SSE registers'
[    0.036413] x86/fpu: Supporting XSAVE feature 0x004: 'AVX registers'
[    0.036413] x86/fpu: Supporting XSAVE feature 0x020: 'AVX-512 opmask'
[    0.036414] x86/fpu: Supporting XSAVE feature 0x040: 'AVX-512 Hi256'
[    0.036414] x86/fpu: Supporting XSAVE feature 0x080: 'AVX-512 ZMM_Hi256'
[    0.036415] x86/fpu: Supporting XSAVE feature 0x200: 'Protection Keys User registers'
[    0.036415] x86/fpu: Supporting XSAVE feature 0x800: 'Control-flow User registers'
[    0.036416] x86/fpu: Supporting XSAVE feature 0x1000: 'Control-flow Kernel registers (KVM only)'
[    0.036416] x86/fpu: xstate_offset[2]:  576, xstate_sizes[2]:  256
[    0.036417] x86/fpu: xstate_offset[5]:  832, xstate_sizes[5]:   64
[    0.036417] x86/fpu: xstate_offset[6]:  896, xstate_sizes[6]:  512
[    0.036418] x86/fpu: xstate_offset[7]: 1408, xstate_sizes[7]: 1024
[    0.036418] x86/fpu: xstate_offset[9]: 2432, xstate_sizes[9]:    8
[    0.036419] x86/fpu: xstate_offset[11]: 2440, xstate_sizes[11]:   16
[    0.036419] x86/fpu: xstate_offset[12]: 2456, xstate_sizes[12]:   24
[    0.036420] x86/fpu: Enabled xstate features 0x1ae7, context size is 2480 bytes, using 'compacted' format.
[    0.054657] Freeing SMP alternatives memory: 68K
[    0.054659] pid_max: default: 32768 minimum: 301
[    0.054690] Yama: becoming mindful.
[    0.054800] LSM support for eBPF active
[    0.054838] Mount-cache hash table entries: 131072 (order: 8, 1048576 bytes, linear)
[    0.054876] Mountpoint-cache hash table entries: 131072 (order: 8, 1048576 bytes, linear)
[    0.157691] smpboot: CPU0: AMD Ryzen 7 9800X3D 8-Core Processor (family: 0x1a, model: 0x44, stepping: 0x0)
[    0.157738] Performance Events: Fam17h+ 16-deep LBR, core perfctr, AMD PMU driver.
[    0.157755] ... version:                   2
[    0.157756] ... bit width:                 48
[    0.157756] ... generic counters:          6
[    0.157756] ... generic bitmap:            000000000000003f
[    0.157757] ... fixed-purpose counters:    0
[    0.157757] ... fixed-purpose bitmap:      0000000000000000
[    0.157757] ... value mask:                0000ffffffffffff
[    0.157757] ... max period:                00007fffffffffff
[    0.157757] ... global_ctrl mask:          000000000000003f
[    0.157819] signal: max sigframe size: 3376
[    0.157832] rcu: Hierarchical SRCU implementation.
[    0.157832] rcu: 	Max phase no-delay instances is 400.
[    0.157850] Timer migration: 2 hierarchy levels; 8 children per group; 2 crossnode level
[    0.157940] smp: Bringing up secondary CPUs ...
[    0.157967] smpboot: x86: Booting SMP configuration:
[    0.157968] .... node  #0, CPUs:        #1  #2  #3  #4  #5  #6  #7  #8  #9 #10 #11 #12 #13 #14 #15
[    0.160126] Spectre V2 : Update user space SMT mitigation: STIBP always-on
[    0.160126] smp: Brought up 1 node, 16 CPUs
[    0.160126] smpboot: Total of 16 processors activated (150399.84 BogoMIPS)
[    0.161076] sched: smt mask: 0x0000ffff
[    0.161095] sched: idle select func -> p1_idle_select_func
[    0.161096] sched: cpu#00 topo: 0x00000101 - smt
[    0.161097] sched: cpu#00 topo: 0x0000ffff - coregroup
[    0.161098] sched: cpu#00 llc_id = 0, llc_mask idx = 1
[    0.161099] sched: cpu#01 topo: 0x00000202 - smt
[    0.161099] sched: cpu#01 topo: 0x0000ffff - coregroup
[    0.161099] sched: cpu#01 llc_id = 0, llc_mask idx = 1
[    0.161100] sched: cpu#02 topo: 0x00000404 - smt
[    0.161100] sched: cpu#02 topo: 0x0000ffff - coregroup
[    0.161100] sched: cpu#02 llc_id = 0, llc_mask idx = 1
[    0.161100] sched: cpu#03 topo: 0x00000808 - smt
[    0.161101] sched: cpu#03 topo: 0x0000ffff - coregroup
[    0.161101] sched: cpu#03 llc_id = 0, llc_mask idx = 1
[    0.161101] sched: cpu#04 topo: 0x00001010 - smt
[    0.161101] sched: cpu#04 topo: 0x0000ffff - coregroup
[    0.161101] sched: cpu#04 llc_id = 0, llc_mask idx = 1
[    0.161102] sched: cpu#05 topo: 0x00002020 - smt
[    0.161102] sched: cpu#05 topo: 0x0000ffff - coregroup
[    0.161102] sched: cpu#05 llc_id = 0, llc_mask idx = 1
[    0.161103] sched: cpu#06 topo: 0x00004040 - smt
[    0.161103] sched: cpu#06 topo: 0x0000ffff - coregroup
[    0.161103] sched: cpu#06 llc_id = 0, llc_mask idx = 1
[    0.161103] sched: cpu#07 topo: 0x00008080 - smt
[    0.161103] sched: cpu#07 topo: 0x0000ffff - coregroup
[    0.161104] sched: cpu#07 llc_id = 0, llc_mask idx = 1
[    0.161104] sched: cpu#08 topo: 0x00000101 - smt
[    0.161104] sched: cpu#08 topo: 0x0000ffff - coregroup
[    0.161104] sched: cpu#08 llc_id = 0, llc_mask idx = 1
[    0.161104] sched: cpu#09 topo: 0x00000202 - smt
[    0.161105] sched: cpu#09 topo: 0x0000ffff - coregroup
[    0.161105] sched: cpu#09 llc_id = 0, llc_mask idx = 1
[    0.161105] sched: cpu#10 topo: 0x00000404 - smt
[    0.161106] sched: cpu#10 topo: 0x0000ffff - coregroup
[    0.161106] sched: cpu#10 llc_id = 0, llc_mask idx = 1
[    0.161106] sched: cpu#11 topo: 0x00000808 - smt
[    0.161106] sched: cpu#11 topo: 0x0000ffff - coregroup
[    0.161107] sched: cpu#11 llc_id = 0, llc_mask idx = 1
[    0.161107] sched: cpu#12 topo: 0x00001010 - smt
[    0.161107] sched: cpu#12 topo: 0x0000ffff - coregroup
[    0.161107] sched: cpu#12 llc_id = 0, llc_mask idx = 1
[    0.161107] sched: cpu#13 topo: 0x00002020 - smt
[    0.161108] sched: cpu#13 topo: 0x0000ffff - coregroup
[    0.161108] sched: cpu#13 llc_id = 0, llc_mask idx = 1
[    0.161108] sched: cpu#14 topo: 0x00004040 - smt
[    0.161108] sched: cpu#14 topo: 0x0000ffff - coregroup
[    0.161108] sched: cpu#14 llc_id = 0, llc_mask idx = 1
[    0.161109] sched: cpu#15 topo: 0x00008080 - smt
[    0.161109] sched: cpu#15 topo: 0x0000ffff - coregroup
[    0.161109] sched: cpu#15 llc_id = 0, llc_mask idx = 1
[    0.215026] node 0 deferred pages initialised in 53ms
[    0.215027] Memory: 96088848K/98192748K available (22705K kernel code, 2832K rwdata, 14640K rodata, 4080K init, 2876K bss, 2087040K reserved, 0K cma-reserved)
[    0.215582] devtmpfs: initialized
[    0.215582] ACPI: PM: Registering ACPI NVS region [mem 0x0a200000-0x0a21dfff] (122880 bytes)
[    0.215582] ACPI: PM: Registering ACPI NVS region [mem 0x70642000-0x72641fff] (33554432 bytes)
[    0.215582] clocksource: jiffies: mask: 0xffffffff max_cycles: 0xffffffff, max_idle_ns: 1911260446275000 ns
[    0.215582] posixtimers hash table entries: 8192 (order: 5, 131072 bytes, linear)
[    0.215582] futex hash table entries: 4096 (262144 bytes on 1 NUMA nodes, total 256 KiB, linear).
[    0.215582] NET: Registered PF_NETLINK/PF_ROUTE protocol family
[    0.216089] DMA: preallocated 4096 KiB GFP_KERNEL pool for atomic allocations
[    0.216258] DMA: preallocated 4096 KiB GFP_KERNEL|GFP_DMA pool for atomic allocations
[    0.216428] DMA: preallocated 4096 KiB GFP_KERNEL|GFP_DMA32 pool for atomic allocations
[    0.216474] thermal_sys: Registered thermal governor 'fair_share'
[    0.216475] thermal_sys: Registered thermal governor 'bang_bang'
[    0.216475] thermal_sys: Registered thermal governor 'step_wise'
[    0.216476] thermal_sys: Registered thermal governor 'user_space'
[    0.216480] cpuidle: using governor ladder
[    0.216480] cpuidle: using governor menu
[    0.216480] acpiphp: ACPI Hot Plug PCI Controller Driver version: 0.5
[    0.217110] PCI: ECAM [mem 0xe0000000-0xefffffff] (base 0xe0000000) for domain 0000 [bus 00-ff]
[    0.217120] PCI: Using configuration type 1 for base access
[    0.217151] kprobes: kprobe jump-optimization is enabled. All kprobes are optimized if possible.
[    0.217151] HugeTLB: registered 1.00 GiB page size, pre-allocated 0 pages
[    0.217151] HugeTLB: 16380 KiB vmemmap can be freed for a 1.00 GiB page
[    0.217151] HugeTLB: registered 2.00 MiB page size, pre-allocated 0 pages
[    0.217151] HugeTLB: 28 KiB vmemmap can be freed for a 2.00 MiB page
[    0.217540] raid6: skipped pq benchmark and selected avx512x4
[    0.217540] raid6: using avx512x2 recovery algorithm
[    0.217578] ACPI: Added _OSI(Module Device)
[    0.217579] ACPI: Added _OSI(Processor Device)
[    0.217579] ACPI: Added _OSI(Processor Aggregator Device)
[    0.221391] ACPI: 17 ACPI AML tables successfully acquired and loaded
[    0.235988] ACPI: USB4 _OSC: OS supports USB3+ DisplayPort+ PCIe+ XDomain+
[    0.235990] ACPI: USB4 _OSC: OS controls USB3+ DisplayPort+ PCIe+ XDomain+
[    0.236202] ACPI: EC: EC started
[    0.236202] ACPI: EC: interrupt blocked
[    0.236337] ACPI: EC: EC_CMD/EC_SC=0x66, EC_DATA=0x62
[    0.236338] ACPI: \_SB_.PCI0.SBRG.EC0_: Boot DSDT EC used to handle transactions
[    0.236339] ACPI: Interpreter enabled
[    0.236346] ACPI: PM: (supports S0 S3 S4 S5)
[    0.236348] ACPI: Using IOAPIC for interrupt routing
[    0.255459] PCI: Using host bridge windows from ACPI; if necessary, use "pci=nocrs" and report a bug
[    0.255460] PCI: Ignoring E820 reservations for host bridge windows
[    0.255573] ACPI: Enabled 9 GPEs in block 00 to 1F
[    0.256507] ACPI: \_SB_.PCI0.GPP0.M237: New power resource
[    0.257756] ACPI: \_SB_.PCI0.GPP8.PWRS: New power resource
[    0.260018] ACPI: \_SB_.PCI0.GPP8.U4UP.PWRS: New power resource
[    0.263539] ACPI: \_SB_.PCI0.GPP8.U4UP.U4P0.PWRS: New power resource
[    0.267023] ACPI: \_SB_.PCI0.GPP8.U4UP.U4P0.UP0D.PWRS: New power resource
[    0.267208] ACPI: \_SB_.PCI0.GPP8.U4UP.U4P1.PWRS: New power resource
[    0.270684] ACPI: \_SB_.PCI0.GPP8.U4UP.U4P1.UP1D.PWRS: New power resource
[    0.270814] ACPI: \_SB_.PCI0.GPP8.U4UP.U4P2.PWRS: New power resource
[    0.274250] ACPI: \_SB_.PCI0.GPP8.U4UP.U4P2.UXHC.PWRS: New power resource
[    0.277914] ACPI: \_SB_.PCI0.GPP8.U4UP.U4P3.PWRS: New power resource
[    0.281357] ACPI: \_SB_.PCI0.GPP8.U4UP.U4P3.UHI0.PWRS: New power resource
[    0.286005] ACPI: PCI Root Bridge [PCI0] (domain 0000 [bus 00-ff])
[    0.286008] acpi PNP0A08:00: _OSC: OS supports [ExtendedConfig Segments MSI EDR HPX-Type3]
[    0.286009] acpi PNP0A08:00: _OSC: not requesting OS control; OS requires [ExtendedConfig ASPM ClockPM MSI]
[    0.286233] PCI host bridge to bus 0000:00
[    0.286234] pci_bus 0000:00: root bus resource [io  0x0000-0x03af window]
[    0.286235] pci_bus 0000:00: root bus resource [io  0x03e0-0x0cf7 window]
[    0.286236] pci_bus 0000:00: root bus resource [io  0x03b0-0x03df window]
[    0.286236] pci_bus 0000:00: root bus resource [io  0x0d00-0xffff window]
[    0.286237] pci_bus 0000:00: root bus resource [mem 0x000a0000-0x000dffff window]
[    0.286237] pci_bus 0000:00: root bus resource [mem 0x80000000-0xdfffffff window]
[    0.286238] pci_bus 0000:00: root bus resource [mem 0x1880000000-0xffffffffff window]
[    0.286239] pci_bus 0000:00: root bus resource [bus 00-ff]
[    0.286250] pci 0000:00:00.0: [1022:14d8] type 00 class 0x060000 conventional PCI endpoint
[    0.286315] pci 0000:00:00.2: [1022:14d9] type 00 class 0x080600 conventional PCI endpoint
[    0.286365] pci 0000:00:01.0: [1022:14da] type 00 class 0x060000 conventional PCI endpoint
[    0.286407] pci 0000:00:01.1: [1022:14db] type 01 class 0x060400 PCIe Root Port
[    0.286418] pci 0000:00:01.1: PCI bridge to [bus 01]
[    0.286421] pci 0000:00:01.1:   bridge window [io  0xf000-0xffff]
[    0.286422] pci 0000:00:01.1:   bridge window [mem 0xdd000000-0xde0fffff]
[    0.286427] pci 0000:00:01.1:   bridge window [mem 0xf000000000-0xf801ffffff 64bit pref]
[    0.286476] pci 0000:00:01.1: PME# supported from D0 D3hot D3cold
[    0.286625] pci 0000:00:01.2: [1022:14db] type 01 class 0x060400 PCIe Root Port
[    0.286635] pci 0000:00:01.2: PCI bridge to [bus 02]
[    0.286639] pci 0000:00:01.2:   bridge window [mem 0xdf700000-0xdf7fffff]
[    0.286648] pci 0000:00:01.2: enabling Extended Tags
[    0.286691] pci 0000:00:01.2: PME# supported from D0 D3hot D3cold
[    0.286771] pci 0000:00:02.0: [1022:14da] type 00 class 0x060000 conventional PCI endpoint
[    0.286810] pci 0000:00:02.1: [1022:14db] type 01 class 0x060400 PCIe Root Port
[    0.286821] pci 0000:00:02.1: PCI bridge to [bus 03-11]
[    0.286823] pci 0000:00:02.1:   bridge window [io  0xe000-0xefff]
[    0.286825] pci 0000:00:02.1:   bridge window [mem 0xde200000-0xdeffffff]
[    0.286834] pci 0000:00:02.1: enabling Extended Tags
[    0.286876] pci 0000:00:02.1: PME# supported from D0 D3hot D3cold
[    0.286995] pci 0000:00:02.2: [1022:14db] type 01 class 0x060400 PCIe Root Port
[    0.287005] pci 0000:00:02.2: PCI bridge to [bus 12-79]
[    0.287008] pci 0000:00:02.2:   bridge window [io  0x7000-0xcfff]
[    0.287009] pci 0000:00:02.2:   bridge window [mem 0xac000000-0xdc7fffff]
[    0.287013] pci 0000:00:02.2:   bridge window [mem 0xb000000000-0xefffffffff 64bit pref]
[    0.287060] pci 0000:00:02.2: PME# supported from D0 D3hot D3cold
[    0.288177] pci 0000:00:03.0: [1022:14da] type 00 class 0x060000 conventional PCI endpoint
[    0.288220] pci 0000:00:04.0: [1022:14da] type 00 class 0x060000 conventional PCI endpoint
[    0.288267] pci 0000:00:08.0: [1022:14da] type 00 class 0x060000 conventional PCI endpoint
[    0.288308] pci 0000:00:08.1: [1022:14dd] type 01 class 0x060400 PCIe Root Port
[    0.288317] pci 0000:00:08.1: PCI bridge to [bus 7a]
[    0.288319] pci 0000:00:08.1:   bridge window [io  0xd000-0xdfff]
[    0.288320] pci 0000:00:08.1:   bridge window [mem 0xdf000000-0xdf5fffff]
[    0.288323] pci 0000:00:08.1:   bridge window [mem 0xf810000000-0xf81fffffff 64bit pref]
[    0.288327] pci 0000:00:08.1: enabling Extended Tags
[    0.288350] pci 0000:00:08.1: PME# supported from D0 D3hot D3cold
[    0.288409] pci 0000:00:08.3: [1022:14dd] type 01 class 0x060400 PCIe Root Port
[    0.288417] pci 0000:00:08.3: PCI bridge to [bus 7b]
[    0.288420] pci 0000:00:08.3:   bridge window [mem 0xdf600000-0xdf6fffff]
[    0.288426] pci 0000:00:08.3: enabling Extended Tags
[    0.288449] pci 0000:00:08.3: PME# supported from D0 D3hot D3cold
[    0.288511] pci 0000:00:14.0: [1022:790b] type 00 class 0x0c0500 conventional PCI endpoint
[    0.288570] pci 0000:00:14.3: [1022:790e] type 00 class 0x060100 conventional PCI endpoint
[    0.288637] pci 0000:00:18.0: [1022:14e0] type 00 class 0x060000 conventional PCI endpoint
[    0.288657] pci 0000:00:18.1: [1022:14e1] type 00 class 0x060000 conventional PCI endpoint
[    0.288675] pci 0000:00:18.2: [1022:14e2] type 00 class 0x060000 conventional PCI endpoint
[    0.288693] pci 0000:00:18.3: [1022:14e3] type 00 class 0x060000 conventional PCI endpoint
[    0.288711] pci 0000:00:18.4: [1022:14e4] type 00 class 0x060000 conventional PCI endpoint
[    0.288729] pci 0000:00:18.5: [1022:14e5] type 00 class 0x060000 conventional PCI endpoint
[    0.288747] pci 0000:00:18.6: [1022:14e6] type 00 class 0x060000 conventional PCI endpoint
[    0.288765] pci 0000:00:18.7: [1022:14e7] type 00 class 0x060000 conventional PCI endpoint
[    0.288826] pci 0000:01:00.0: [10de:2684] type 00 class 0x030000 PCIe Legacy Endpoint
[    0.288844] pci 0000:01:00.0: BAR 0 [mem 0xdd000000-0xddffffff]
[    0.288845] pci 0000:01:00.0: BAR 1 [mem 0xf000000000-0xf7ffffffff 64bit pref]
[    0.288846] pci 0000:01:00.0: BAR 3 [mem 0xf800000000-0xf801ffffff 64bit pref]
[    0.288847] pci 0000:01:00.0: BAR 5 [io  0xf000-0xf07f]
[    0.288848] pci 0000:01:00.0: ROM [mem 0xde000000-0xde07ffff pref]
[    0.288884] pci 0000:01:00.0: PME# supported from D0 D3hot
[    0.288998] pci 0000:01:00.1: [10de:22ba] type 00 class 0x040300 PCIe Endpoint
[    0.289014] pci 0000:01:00.1: BAR 0 [mem 0xde080000-0xde083fff]
[    0.289081] pci 0000:00:01.1: PCI bridge to [bus 01]
[    0.289273] pci 0000:02:00.0: [15b7:5049] type 00 class 0x010802 PCIe Endpoint
[    0.289295] pci 0000:02:00.0: BAR 0 [mem 0xdf700000-0xdf703fff 64bit]
[    0.289419] pci 0000:00:01.2: PCI bridge to [bus 02]
[    0.289469] pci 0000:03:00.0: [1022:43f4] type 01 class 0x060400 PCIe Switch Upstream Port
[    0.289485] pci 0000:03:00.0: PCI bridge to [bus 04-11]
[    0.289488] pci 0000:03:00.0:   bridge window [io  0xe000-0xefff]
[    0.289490] pci 0000:03:00.0:   bridge window [mem 0xde200000-0xdeffffff]
[    0.289503] pci 0000:03:00.0: enabling Extended Tags
[    0.289546] pci 0000:03:00.0: PME# supported from D0 D3hot D3cold
[    0.289685] pci 0000:00:02.1: PCI bridge to [bus 03-11]
[    0.289737] pci 0000:04:00.0: [1022:43f5] type 01 class 0x060400 PCIe Switch Downstream Port
[    0.289752] pci 0000:04:00.0: PCI bridge to [bus 05]
[    0.289771] pci 0000:04:00.0: enabling Extended Tags
[    0.289814] pci 0000:04:00.0: PME# supported from D0 D3hot D3cold
[    0.289910] pci 0000:04:08.0: [1022:43f5] type 01 class 0x060400 PCIe Switch Downstream Port
[    0.289925] pci 0000:04:08.0: PCI bridge to [bus 06-0f]
[    0.289929] pci 0000:04:08.0:   bridge window [io  0xe000-0xefff]
[    0.289930] pci 0000:04:08.0:   bridge window [mem 0xde200000-0xdecfffff]
[    0.289944] pci 0000:04:08.0: enabling Extended Tags
[    0.289987] pci 0000:04:08.0: PME# supported from D0 D3hot D3cold
[    0.290103] pci 0000:04:0c.0: [1022:43f5] type 01 class 0x060400 PCIe Switch Downstream Port
[    0.290118] pci 0000:04:0c.0: PCI bridge to [bus 10]
[    0.290122] pci 0000:04:0c.0:   bridge window [mem 0xdef00000-0xdeffffff]
[    0.290135] pci 0000:04:0c.0: enabling Extended Tags
[    0.290165] pci 0000:04:0c.0: PME# supported from D0 D3hot D3cold
[    0.290228] pci 0000:04:0d.0: [1022:43f5] type 01 class 0x060400 PCIe Switch Downstream Port
[    0.290243] pci 0000:04:0d.0: PCI bridge to [bus 11]
[    0.290247] pci 0000:04:0d.0:   bridge window [mem 0xdee00000-0xdeefffff]
[    0.290260] pci 0000:04:0d.0: enabling Extended Tags
[    0.290289] pci 0000:04:0d.0: PME# supported from D0 D3hot D3cold
[    0.290342] pci 0000:03:00.0: PCI bridge to [bus 04-11]
[    0.290369] pci 0000:04:00.0: PCI bridge to [bus 05]
[    0.290411] pci 0000:06:00.0: [1022:43f4] type 01 class 0x060400 PCIe Switch Upstream Port
[    0.290436] pci 0000:06:00.0: PCI bridge to [bus 07-0f]
[    0.290442] pci 0000:06:00.0:   bridge window [io  0xe000-0xefff]
[    0.290444] pci 0000:06:00.0:   bridge window [mem 0xde200000-0xdecfffff]
[    0.290465] pci 0000:06:00.0: enabling Extended Tags
[    0.290535] pci 0000:06:00.0: PME# supported from D0 D3hot D3cold
[    0.290694] pci 0000:04:08.0: PCI bridge to [bus 06-0f]
[    0.290769] pci 0000:07:00.0: [1022:43f5] type 01 class 0x060400 PCIe Switch Downstream Port
[    0.290793] pci 0000:07:00.0: PCI bridge to [bus 08]
[    0.290801] pci 0000:07:00.0:   bridge window [mem 0xdec00000-0xdecfffff]
[    0.290823] pci 0000:07:00.0: enabling Extended Tags
[    0.290894] pci 0000:07:00.0: PME# supported from D0 D3hot D3cold
[    0.291038] pci 0000:07:04.0: [1022:43f5] type 01 class 0x060400 PCIe Switch Downstream Port
[    0.291063] pci 0000:07:04.0: PCI bridge to [bus 09]
[    0.291071] pci 0000:07:04.0:   bridge window [mem 0xde200000-0xde4fffff]
[    0.291093] pci 0000:07:04.0: enabling Extended Tags
[    0.291164] pci 0000:07:04.0: PME# supported from D0 D3hot D3cold
[    0.291305] pci 0000:07:05.0: [1022:43f5] type 01 class 0x060400 PCIe Switch Downstream Port
[    0.291330] pci 0000:07:05.0: PCI bridge to [bus 0a]
[    0.291359] pci 0000:07:05.0: enabling Extended Tags
[    0.291430] pci 0000:07:05.0: PME# supported from D0 D3hot D3cold
[    0.291570] pci 0000:07:06.0: [1022:43f5] type 01 class 0x060400 PCIe Switch Downstream Port
[    0.291595] pci 0000:07:06.0: PCI bridge to [bus 0b]
[    0.291602] pci 0000:07:06.0:   bridge window [mem 0xde600000-0xde7fffff]
[    0.291624] pci 0000:07:06.0: enabling Extended Tags
[    0.291695] pci 0000:07:06.0: PME# supported from D0 D3hot D3cold
[    0.291835] pci 0000:07:07.0: [1022:43f5] type 01 class 0x060400 PCIe Switch Downstream Port
[    0.291860] pci 0000:07:07.0: PCI bridge to [bus 0c]
[    0.291865] pci 0000:07:07.0:   bridge window [io  0xe000-0xefff]
[    0.291867] pci 0000:07:07.0:   bridge window [mem 0xdeb00000-0xdebfffff]
[    0.291889] pci 0000:07:07.0: enabling Extended Tags
[    0.291960] pci 0000:07:07.0: PME# supported from D0 D3hot D3cold
[    0.292100] pci 0000:07:08.0: [1022:43f5] type 01 class 0x060400 PCIe Switch Downstream Port
[    0.292125] pci 0000:07:08.0: PCI bridge to [bus 0d]
[    0.292132] pci 0000:07:08.0:   bridge window [mem 0xdea00000-0xdeafffff]
[    0.292154] pci 0000:07:08.0: enabling Extended Tags
[    0.292225] pci 0000:07:08.0: PME# supported from D0 D3hot D3cold
[    0.292368] pci 0000:07:0c.0: [1022:43f5] type 01 class 0x060400 PCIe Switch Downstream Port
[    0.292393] pci 0000:07:0c.0: PCI bridge to [bus 0e]
[    0.292399] pci 0000:07:0c.0:   bridge window [mem 0xde900000-0xde9fffff]
[    0.292419] pci 0000:07:0c.0: enabling Extended Tags
[    0.292467] pci 0000:07:0c.0: PME# supported from D0 D3hot D3cold
[    0.292553] pci 0000:07:0d.0: [1022:43f5] type 01 class 0x060400 PCIe Switch Downstream Port
[    0.292578] pci 0000:07:0d.0: PCI bridge to [bus 0f]
[    0.292583] pci 0000:07:0d.0:   bridge window [mem 0xde800000-0xde8fffff]
[    0.292604] pci 0000:07:0d.0: enabling Extended Tags
[    0.292651] pci 0000:07:0d.0: PME# supported from D0 D3hot D3cold
[    0.292730] pci 0000:06:00.0: PCI bridge to [bus 07-0f]
[    0.292832] pci 0000:08:00.0: [144d:a80c] type 00 class 0x010802 PCIe Endpoint
[    0.292888] pci 0000:08:00.0: BAR 0 [mem 0xdec00000-0xdec03fff 64bit]
[    0.292903] pci 0000:08:00.0: enabling Extended Tags
[    0.293203] pci 0000:07:00.0: PCI bridge to [bus 08]
[    0.293295] pci 0000:09:00.0: [14c3:7927] type 00 class 0x028000 PCIe Endpoint
[    0.293367] pci 0000:09:00.0: BAR 0 [mem 0xde200000-0xde3fffff 64bit]
[    0.293371] pci 0000:09:00.0: BAR 2 [mem 0xde400000-0xde407fff 64bit]
[    0.293388] pci 0000:09:00.0: enabling Extended Tags
[    0.293507] pci 0000:09:00.0: PME# supported from D0 D3hot D3cold
[    0.293713] pci 0000:07:04.0: PCI bridge to [bus 09]
[    0.293755] pci 0000:07:05.0: PCI bridge to [bus 0a]
[    0.293858] pci 0000:0b:00.0: [8086:125c] type 00 class 0x020000 PCIe Endpoint
[    0.293922] pci 0000:0b:00.0: BAR 0 [mem 0xde600000-0xde6fffff]
[    0.293928] pci 0000:0b:00.0: BAR 3 [mem 0xde700000-0xde703fff]
[    0.294056] pci 0000:0b:00.0: PME# supported from D0 D3hot D3cold
[    0.294238] pci 0000:07:06.0: PCI bridge to [bus 0b]
[    0.294309] pci 0000:0c:00.0: [10ec:8126] type 00 class 0x020000 PCIe Endpoint
[    0.294378] pci 0000:0c:00.0: BAR 0 [io  0xe000-0xe0ff]
[    0.294383] pci 0000:0c:00.0: BAR 2 [mem 0xdeb00000-0xdeb0ffff 64bit]
[    0.294387] pci 0000:0c:00.0: BAR 4 [mem 0xdeb10000-0xdeb13fff 64bit]
[    0.294547] pci 0000:0c:00.0: supports D1 D2
[    0.294547] pci 0000:0c:00.0: PME# supported from D0 D1 D2 D3hot D3cold
[    0.294809] pci 0000:07:07.0: PCI bridge to [bus 0c]
[    0.294913] pci 0000:0d:00.0: [15b7:5049] type 00 class 0x010802 PCIe Endpoint
[    0.294964] pci 0000:0d:00.0: BAR 0 [mem 0xdea00000-0xdea03fff 64bit]
[    0.295245] pci 0000:07:08.0: PCI bridge to [bus 0d]
[    0.295304] pci 0000:0e:00.0: [1022:43fd] type 00 class 0x0c0330 PCIe Legacy Endpoint
[    0.295342] pci 0000:0e:00.0: BAR 0 [mem 0xde900000-0xde907fff 64bit]
[    0.295354] pci 0000:0e:00.0: enabling Extended Tags
[    0.295408] pci 0000:0e:00.0: PME# supported from D0 D3hot D3cold
[    0.295483] pci 0000:07:0c.0: PCI bridge to [bus 0e]
[    0.295543] pci 0000:0f:00.0: [1022:43f6] type 00 class 0x010601 PCIe Legacy Endpoint
[    0.295586] pci 0000:0f:00.0: BAR 5 [mem 0xde880000-0xde8803ff]
[    0.295587] pci 0000:0f:00.0: ROM [mem 0xde800000-0xde87ffff pref]
[    0.295593] pci 0000:0f:00.0: enabling Extended Tags
[    0.295638] pci 0000:0f:00.0: PME# supported from D0 D3hot D3cold
[    0.295688] pci 0000:07:0d.0: PCI bridge to [bus 0f]
[    0.295776] pci 0000:10:00.0: [1022:43fd] type 00 class 0x0c0330 PCIe Legacy Endpoint
[    0.295800] pci 0000:10:00.0: BAR 0 [mem 0xdef00000-0xdef07fff 64bit]
[    0.295807] pci 0000:10:00.0: enabling Extended Tags
[    0.295841] pci 0000:10:00.0: PME# supported from D0 D3hot D3cold
[    0.295896] pci 0000:04:0c.0: PCI bridge to [bus 10]
[    0.295932] pci 0000:11:00.0: [1022:43f6] type 00 class 0x010601 PCIe Legacy Endpoint
[    0.295959] pci 0000:11:00.0: BAR 5 [mem 0xdee80000-0xdee803ff]
[    0.295960] pci 0000:11:00.0: ROM [mem 0xdee00000-0xdee7ffff pref]
[    0.295964] pci 0000:11:00.0: enabling Extended Tags
[    0.295991] pci 0000:11:00.0: PME# supported from D0 D3hot D3cold
[    0.296026] pci 0000:04:0d.0: PCI bridge to [bus 11]
[    0.296097] pci 0000:12:00.0: [1b21:2421] type 01 class 0x060400 PCIe Switch Upstream Port
[    0.296113] pci 0000:12:00.0: PCI bridge to [bus 13-79]
[    0.296116] pci 0000:12:00.0:   bridge window [io  0x7000-0xcfff]
[    0.296118] pci 0000:12:00.0:   bridge window [mem 0xac000000-0xdc7fffff]
[    0.296124] pci 0000:12:00.0:   bridge window [mem 0xb000000000-0xefffffffff 64bit pref]
[    0.296175] pci 0000:12:00.0: PME# supported from D0 D3hot D3cold
[    0.297309] pci 0000:00:02.2: PCI bridge to [bus 12-79]
[    0.297351] pci 0000:13:00.0: [1b21:2423] type 01 class 0x060400 PCIe Switch Downstream Port
[    0.297366] pci 0000:13:00.0: PCI bridge to [bus 18-47]
[    0.297370] pci 0000:13:00.0:   bridge window [io  0x7000-0x9fff]
[    0.297371] pci 0000:13:00.0:   bridge window [mem 0xac000000-0xc3ffffff]
[    0.297377] pci 0000:13:00.0:   bridge window [mem 0xb000000000-0xcfffffffff 64bit pref]
[    0.297435] pci 0000:13:00.0: PME# supported from D0 D3hot D3cold
[    0.298662] pci 0000:13:01.0: [1b21:2423] type 01 class 0x060400 PCIe Switch Downstream Port
[    0.298677] pci 0000:13:01.0: PCI bridge to [bus 48-77]
[    0.298680] pci 0000:13:01.0:   bridge window [io  0xa000-0xcfff]
[    0.298682] pci 0000:13:01.0:   bridge window [mem 0xc4000000-0xdbffffff]
[    0.298688] pci 0000:13:01.0:   bridge window [mem 0xd000000000-0xefffffffff 64bit pref]
[    0.298745] pci 0000:13:01.0: PME# supported from D0 D3hot D3cold
[    0.299977] pci 0000:13:02.0: [1b21:2423] type 01 class 0x060400 PCIe Switch Downstream Port
[    0.299993] pci 0000:13:02.0: PCI bridge to [bus 78]
[    0.299996] pci 0000:13:02.0:   bridge window [mem 0xdc000000-0xdc3fffff]
[    0.300045] pci 0000:13:02.0: PME# supported from D0 D3hot D3cold
[    0.301130] pci 0000:13:03.0: [1b21:2423] type 01 class 0x060400 PCIe Switch Downstream Port
[    0.301145] pci 0000:13:03.0: PCI bridge to [bus 79]
[    0.301149] pci 0000:13:03.0:   bridge window [mem 0xdc400000-0xdc7fffff]
[    0.301197] pci 0000:13:03.0: PME# supported from D0 D3hot D3cold
[    0.302290] pci 0000:12:00.0: PCI bridge to [bus 13-79]
[    0.302325] pci 0000:13:00.0: PCI bridge to [bus 18-47]
[    0.302360] pci 0000:13:01.0: PCI bridge to [bus 48-77]
[    0.302399] pci 0000:78:00.0: [1b21:2426] type 00 class 0x0c0330 PCIe Legacy Endpoint
[    0.302423] pci 0000:78:00.0: BAR 0 [mem 0xdc000000-0xdc007fff 64bit]
[    0.302465] pci 0000:78:00.0: PME# supported from D0 D3hot D3cold
[    0.303542] pci 0000:13:02.0: PCI bridge to [bus 78]
[    0.303585] pci 0000:79:00.0: [1b21:2425] type 00 class 0x0c0340 PCIe Legacy Endpoint
[    0.303608] pci 0000:79:00.0: BAR 0 [mem 0xdc400000-0xdc43ffff 64bit]
[    0.303610] pci 0000:79:00.0: BAR 2 [mem 0xdc440000-0xdc44ffff 64bit]
[    0.303650] pci 0000:79:00.0: PME# supported from D0 D3hot D3cold
[    0.304785] pci 0000:13:03.0: PCI bridge to [bus 79]
[    0.304852] pci 0000:7a:00.0: [1002:13c0] type 00 class 0x030000 PCIe Legacy Endpoint
[    0.304866] pci 0000:7a:00.0: BAR 0 [mem 0xf810000000-0xf81fffffff 64bit pref]
[    0.304868] pci 0000:7a:00.0: BAR 2 [mem 0xdf000000-0xdf1fffff 64bit pref]
[    0.304868] pci 0000:7a:00.0: BAR 4 [io  0xd000-0xd0ff]
[    0.304869] pci 0000:7a:00.0: BAR 5 [mem 0xdf500000-0xdf57ffff]
[    0.304872] pci 0000:7a:00.0: enabling Extended Tags
[    0.304905] pci 0000:7a:00.0: PME# supported from D1 D2 D3hot D3cold
[    0.304967] pci 0000:7a:00.1: [1002:1640] type 00 class 0x040300 PCIe Legacy Endpoint
[    0.304980] pci 0000:7a:00.1: BAR 0 [mem 0xdf580000-0xdf583fff]
[    0.304985] pci 0000:7a:00.1: enabling Extended Tags
[    0.305005] pci 0000:7a:00.1: PME# supported from D1 D2 D3hot D3cold
[    0.305047] pci 0000:7a:00.2: [1022:1649] type 00 class 0x108000 PCIe Endpoint
[    0.305081] pci 0000:7a:00.2: BAR 2 [mem 0xdf400000-0xdf4fffff]
[    0.305082] pci 0000:7a:00.2: BAR 5 [mem 0xdf584000-0xdf585fff]
[    0.305085] pci 0000:7a:00.2: enabling Extended Tags
[    0.305137] pci 0000:7a:00.3: [1022:15b6] type 00 class 0x0c0330 PCIe Endpoint
[    0.305152] pci 0000:7a:00.3: BAR 0 [mem 0xdf300000-0xdf3fffff 64bit]
[    0.305156] pci 0000:7a:00.3: enabling Extended Tags
[    0.305178] pci 0000:7a:00.3: PME# supported from D0 D3hot D3cold
[    0.305215] pci 0000:7a:00.4: [1022:15b7] type 00 class 0x0c0330 PCIe Endpoint
[    0.305230] pci 0000:7a:00.4: BAR 0 [mem 0xdf200000-0xdf2fffff 64bit]
[    0.305234] pci 0000:7a:00.4: enabling Extended Tags
[    0.305256] pci 0000:7a:00.4: PME# supported from D0 D3hot D3cold
[    0.305288] pci 0000:00:08.1: PCI bridge to [bus 7a]
[    0.305311] pci 0000:7b:00.0: [1022:15b8] type 00 class 0x0c0330 PCIe Endpoint
[    0.305330] pci 0000:7b:00.0: BAR 0 [mem 0xdf600000-0xdf6fffff 64bit]
[    0.305334] pci 0000:7b:00.0: enabling Extended Tags
[    0.305361] pci 0000:7b:00.0: PME# supported from D0 D3hot D3cold
[    0.305407] pci 0000:00:08.3: PCI bridge to [bus 7b]
[    0.316730] ACPI: PCI: Interrupt link LNKA configured for IRQ 0
[    0.316745] ACPI: PCI: Interrupt link LNKB configured for IRQ 0
[    0.316756] ACPI: PCI: Interrupt link LNKC configured for IRQ 0
[    0.316771] ACPI: PCI: Interrupt link LNKD configured for IRQ 0
[    0.316783] ACPI: PCI: Interrupt link LNKE configured for IRQ 0
[    0.316794] ACPI: PCI: Interrupt link LNKF configured for IRQ 0
[    0.316804] ACPI: PCI: Interrupt link LNKG configured for IRQ 0
[    0.316814] ACPI: PCI: Interrupt link LNKH configured for IRQ 0
[    0.317230] ACPI: EC: interrupt unblocked
[    0.317231] ACPI: EC: event unblocked
[    0.317235] ACPI: EC: EC_CMD/EC_SC=0x66, EC_DATA=0x62
[    0.317235] ACPI: EC: GPE=0x4
[    0.317236] ACPI: \_SB_.PCI0.SBRG.EC0_: Boot DSDT EC initialization complete
[    0.317236] ACPI: \_SB_.PCI0.SBRG.EC0_: EC: Used to handle transactions and events
[    0.317275] iommu: Default domain type: Translated
[    0.317276] iommu: DMA domain TLB invalidation policy: lazy mode
[    0.317283] SCSI subsystem initialized
[    0.317283] libata version 3.00 loaded.
[    0.317283] ACPI: bus type USB registered
[    0.317283] usbcore: registered new interface driver usbfs
[    0.317283] usbcore: registered new interface driver hub
[    0.317283] usbcore: registered new device driver usb
[    0.317283] pps_core: LinuxPPS API ver. 1 registered
[    0.317283] pps_core: Software ver. 5.3.6 - Copyright 2005-2007 Rodolfo Giometti <giometti@linux.it>
[    0.317283] PTP clock support registered
[    0.317283] EDAC MC: Ver: 3.0.0
[    0.318086] efivars: Registered efivars operations
[    0.318127] NetLabel: Initializing
[    0.318127] NetLabel:  domain hash size = 128
[    0.318127] NetLabel:  protocols = UNLABELED CIPSOv4 CALIPSO
[    0.318132] NetLabel:  unlabeled traffic allowed by default
[    0.318134] mctp: management component transport protocol core
[    0.318135] NET: Registered PF_MCTP protocol family
[    0.318140] PCI: Using ACPI for IRQ routing
[    0.323280] PCI: pci_cache_line_size set to 64 bytes
[    0.323283] pci 0000:00:02.1: bridge window [mem 0xde200000-0xdeffffff]: can't claim; address conflict with AMDIF031:00 [mem 0xde800000-0xde800fff]
[    0.323285] pci 0000:03:00.0: bridge window [mem 0xde200000-0xdeffffff]: can't claim; no compatible bridge window
[    0.323287] pci 0000:04:08.0: bridge window [mem 0xde200000-0xdecfffff]: can't claim; no compatible bridge window
[    0.323288] pci 0000:06:00.0: bridge window [mem 0xde200000-0xdecfffff]: can't claim; no compatible bridge window
[    0.323289] pci 0000:07:00.0: bridge window [mem 0xdec00000-0xdecfffff]: can't claim; no compatible bridge window
[    0.323291] pci 0000:07:04.0: bridge window [mem 0xde200000-0xde4fffff]: can't claim; no compatible bridge window
[    0.323292] pci 0000:07:06.0: bridge window [mem 0xde600000-0xde7fffff]: can't claim; no compatible bridge window
[    0.323293] pci 0000:07:07.0: bridge window [mem 0xdeb00000-0xdebfffff]: can't claim; no compatible bridge window
[    0.323295] pci 0000:07:08.0: bridge window [mem 0xdea00000-0xdeafffff]: can't claim; no compatible bridge window
[    0.323296] pci 0000:07:0c.0: bridge window [mem 0xde900000-0xde9fffff]: can't claim; no compatible bridge window
[    0.323298] pci 0000:07:0d.0: bridge window [mem 0xde800000-0xde8fffff]: can't claim; no compatible bridge window
[    0.323299] pci 0000:04:0c.0: bridge window [mem 0xdef00000-0xdeffffff]: can't claim; no compatible bridge window
[    0.323300] pci 0000:04:0d.0: bridge window [mem 0xdee00000-0xdeefffff]: can't claim; no compatible bridge window
[    0.323491] pci 0000:08:00.0: BAR 0 [mem 0xdec00000-0xdec03fff 64bit]: can't claim; no compatible bridge window
[    0.323545] pci 0000:0b:00.0: BAR 0 [mem 0xde600000-0xde6fffff]: can't claim; no compatible bridge window
[    0.323545] pci 0000:0b:00.0: BAR 3 [mem 0xde700000-0xde703fff]: can't claim; no compatible bridge window
[    0.323549] pci 0000:0c:00.0: BAR 2 [mem 0xdeb00000-0xdeb0ffff 64bit]: can't claim; no compatible bridge window
[    0.323549] pci 0000:0c:00.0: BAR 4 [mem 0xdeb10000-0xdeb13fff 64bit]: can't claim; no compatible bridge window
[    0.323592] pci 0000:0d:00.0: BAR 0 [mem 0xdea00000-0xdea03fff 64bit]: can't claim; no compatible bridge window
[    0.323594] pci 0000:0e:00.0: BAR 0 [mem 0xde900000-0xde907fff 64bit]: can't claim; no compatible bridge window
[    0.323597] pci 0000:0f:00.0: BAR 5 [mem 0xde880000-0xde8803ff]: can't claim; no compatible bridge window
[    0.323599] pci 0000:10:00.0: BAR 0 [mem 0xdef00000-0xdef07fff 64bit]: can't claim; no compatible bridge window
[    0.323600] pci 0000:11:00.0: BAR 5 [mem 0xdee80000-0xdee803ff]: can't claim; no compatible bridge window
[    0.323630] pci 0000:09:00.0: BAR 0 [mem 0xde200000-0xde3fffff 64bit]: can't claim; no compatible bridge window
[    0.323630] pci 0000:09:00.0: BAR 2 [mem 0xde400000-0xde407fff 64bit]: can't claim; no compatible bridge window
[    0.323659] e820: reserve RAM buffer [mem 0x09aff000-0x0bffffff]
[    0.323660] e820: reserve RAM buffer [mem 0x0a200000-0x0bffffff]
[    0.323661] e820: reserve RAM buffer [mem 0x0b000000-0x0bffffff]
[    0.323661] e820: reserve RAM buffer [mem 0x631a7000-0x63ffffff]
[    0.323661] e820: reserve RAM buffer [mem 0x65f43000-0x67ffffff]
[    0.323662] e820: reserve RAM buffer [mem 0x69c80000-0x6bffffff]
[    0.323662] e820: reserve RAM buffer [mem 0x79ff7000-0x7bffffff]
[    0.323662] e820: reserve RAM buffer [mem 0x7a000000-0x7bffffff]
[    0.323662] e820: reserve RAM buffer [mem 0x17fde80000-0x17ffffffff]
[    0.324078] pci 0000:01:00.0: vgaarb: setting as boot VGA device
[    0.324078] pci 0000:01:00.0: vgaarb: bridge control possible
[    0.324078] pci 0000:01:00.0: vgaarb: VGA device added: decodes=io+mem,owns=none,locks=none
[    0.324082] pci 0000:7a:00.0: vgaarb: bridge control possible
[    0.324083] pci 0000:7a:00.0: vgaarb: VGA device added: decodes=io+mem,owns=none,locks=none
[    0.324083] vgaarb: loaded
[    0.324085] hpet0: at MMIO 0xfed00000, IRQs 2, 8, 0
[    0.324085] hpet0: 3 comparators, 32-bit 14.318180 MHz counter
[    0.326087] clocksource: Switched to clocksource tsc-early
[    0.326128] VFS: Disk quotas dquot_6.6.0
[    0.326131] VFS: Dquot-cache hash table entries: 512 (order 0, 4096 bytes)
[    0.326174] pnp: PnP ACPI init
[    0.326228] system 00:00: [mem 0xe0000000-0xefffffff] has been reserved
[    0.326254] system 00:01: [mem 0x1800000000-0x187fffffff window] has been reserved
[    0.326324] system 00:03: [io  0x0290-0x029f] has been reserved
[    0.326324] system 00:03: [io  0x0200-0x023f] has been reserved
[    0.326385] system 00:04: [io  0x04d0-0x04d1] has been reserved
[    0.326385] system 00:04: [io  0x040b] has been reserved
[    0.326386] system 00:04: [io  0x04d6] has been reserved
[    0.326386] system 00:04: [io  0x0c00-0x0c01] has been reserved
[    0.326387] system 00:04: [io  0x0c14] has been reserved
[    0.326387] system 00:04: [io  0x0c50-0x0c51] has been reserved
[    0.326388] system 00:04: [io  0x0c52] has been reserved
[    0.326388] system 00:04: [io  0x0c6c] has been reserved
[    0.326389] system 00:04: [io  0x0c6f] has been reserved
[    0.326389] system 00:04: [io  0x0cd8-0x0cdf] has been reserved
[    0.326389] system 00:04: [io  0x0800-0x089f] has been reserved
[    0.326390] system 00:04: [io  0x0b00-0x0b0f] has been reserved
[    0.326390] system 00:04: [io  0x0b20-0x0b3f] has been reserved
[    0.326390] system 00:04: [io  0x0900-0x090f] has been reserved
[    0.326391] system 00:04: [io  0x0910-0x091f] has been reserved
[    0.326391] system 00:04: [mem 0xfedc0000-0xfedc0fff] has been reserved
[    0.326392] system 00:04: [mem 0xfee00000-0xfee00fff] has been reserved
[    0.326393] system 00:04: [mem 0xfec10000-0xfec10fff] has been reserved
[    0.326393] system 00:04: [mem 0xfeb00000-0xfeb00fff] has been reserved
[    0.326394] system 00:04: [mem 0xff000000-0xffffffff] has been reserved
[    0.327241] pnp: PnP ACPI: found 5 devices
[    0.332191] clocksource: acpi_pm: mask: 0xffffff max_cycles: 0xffffff, max_idle_ns: 2085701024 ns
[    0.332213] NET: Registered PF_INET protocol family
[    0.332282] IP idents hash table entries: 262144 (order: 9, 2097152 bytes, linear)
[    0.339331] tcp_listen_portaddr_hash hash table entries: 65536 (order: 8, 1048576 bytes, linear)
[    0.339364] Table-perturb hash table entries: 65536 (order: 6, 262144 bytes, linear)
[    0.339496] TCP established hash table entries: 524288 (order: 10, 4194304 bytes, linear)
[    0.339698] TCP bind hash table entries: 65536 (order: 9, 2097152 bytes, linear)
[    0.339735] TCP: Hash tables configured (established 524288 bind 65536)
[    0.339823] MPTCP token hash table entries: 65536 (order: 9, 1572864 bytes, linear)
[    0.340011] UDP hash table entries: 65536 (order: 10, 4194304 bytes, linear)
[    0.340246] UDP-Lite hash table entries: 65536 (order: 10, 4194304 bytes, linear)
[    0.340365] NET: Registered PF_UNIX/PF_LOCAL protocol family
[    0.340369] NET: Registered PF_XDP protocol family
[    0.340371] pci 0000:0f:00.0: ROM [mem 0xde800000-0xde87ffff pref]: can't claim; no compatible bridge window
[    0.340372] pci 0000:11:00.0: ROM [mem 0xdee00000-0xdee7ffff pref]: can't claim; no compatible bridge window
[    0.340384] pci 0000:00:02.1: bridge window [mem 0x80000000-0x80bfffff]: assigned
[    0.340386] pci 0000:00:01.1: PCI bridge to [bus 01]
[    0.340387] pci 0000:00:01.1:   bridge window [io  0xf000-0xffff]
[    0.340389] pci 0000:00:01.1:   bridge window [mem 0xdd000000-0xde0fffff]
[    0.340391] pci 0000:00:01.1:   bridge window [mem 0xf000000000-0xf801ffffff 64bit pref]
[    0.340400] pci 0000:00:01.2: PCI bridge to [bus 02]
[    0.340402] pci 0000:00:01.2:   bridge window [mem 0xdf700000-0xdf7fffff]
[    0.340412] pci 0000:03:00.0: bridge window [mem 0x80000000-0x80bfffff]: assigned
[    0.340412] pci 0000:04:08.0: bridge window [mem 0x80000000-0x809fffff]: assigned
[    0.340413] pci 0000:04:0c.0: bridge window [mem 0x80a00000-0x80afffff]: assigned
[    0.340413] pci 0000:04:0d.0: bridge window [mem 0x80b00000-0x80bfffff]: assigned
[    0.340414] pci 0000:04:00.0: PCI bridge to [bus 05]
[    0.340425] pci 0000:06:00.0: bridge window [mem 0x80000000-0x809fffff]: assigned
[    0.340426] pci 0000:07:04.0: bridge window [mem 0x80000000-0x802fffff]: assigned
[    0.340427] pci 0000:07:00.0: bridge window [mem 0x80300000-0x803fffff]: assigned
[    0.340427] pci 0000:07:06.0: bridge window [mem 0x80400000-0x805fffff]: assigned
[    0.340427] pci 0000:07:07.0: bridge window [mem 0x80600000-0x806fffff]: assigned
[    0.340428] pci 0000:07:08.0: bridge window [mem 0x80700000-0x807fffff]: assigned
[    0.340428] pci 0000:07:0c.0: bridge window [mem 0x80800000-0x808fffff]: assigned
[    0.340429] pci 0000:07:0d.0: bridge window [mem 0x80900000-0x809fffff]: assigned
[    0.340430] pci 0000:08:00.0: BAR 0 [mem 0x80300000-0x80303fff 64bit]: assigned
[    0.340480] pci 0000:07:00.0: PCI bridge to [bus 08]
[    0.340483] pci 0000:07:00.0:   bridge window [mem 0x80300000-0x803fffff]
[    0.340490] pci 0000:09:00.0: BAR 0 [mem 0x80000000-0x801fffff 64bit]: assigned
[    0.340526] pci 0000:09:00.0: BAR 2 [mem 0x80200000-0x80207fff 64bit]: assigned
[    0.340540] pci 0000:07:04.0: PCI bridge to [bus 09]
[    0.340543] pci 0000:07:04.0:   bridge window [mem 0x80000000-0x802fffff]
[    0.340550] pci 0000:07:05.0: PCI bridge to [bus 0a]
[    0.340559] pci 0000:0b:00.0: BAR 0 [mem 0x80400000-0x804fffff]: assigned
[    0.340587] pci 0000:0b:00.0: BAR 3 [mem 0x80500000-0x80503fff]: assigned
[    0.340591] pci 0000:07:06.0: PCI bridge to [bus 0b]
[    0.340594] pci 0000:07:06.0:   bridge window [mem 0x80400000-0x805fffff]
[    0.340600] pci 0000:0c:00.0: BAR 2 [mem 0x80600000-0x8060ffff 64bit]: assigned
[    0.340613] pci 0000:0c:00.0: BAR 4 [mem 0x80610000-0x80613fff 64bit]: assigned
[    0.340626] pci 0000:07:07.0: PCI bridge to [bus 0c]
[    0.340628] pci 0000:07:07.0:   bridge window [io  0xe000-0xefff]
[    0.340631] pci 0000:07:07.0:   bridge window [mem 0x80600000-0x806fffff]
[    0.340637] pci 0000:0d:00.0: BAR 0 [mem 0x80700000-0x80703fff 64bit]: assigned
[    0.340687] pci 0000:07:08.0: PCI bridge to [bus 0d]
[    0.340690] pci 0000:07:08.0:   bridge window [mem 0x80700000-0x807fffff]
[    0.340697] pci 0000:0e:00.0: BAR 0 [mem 0x80800000-0x80807fff 64bit]: assigned
[    0.340704] pci 0000:07:0c.0: PCI bridge to [bus 0e]
[    0.340707] pci 0000:07:0c.0:   bridge window [mem 0x80800000-0x808fffff]
[    0.340713] pci 0000:0f:00.0: ROM [mem 0x80900000-0x8097ffff pref]: assigned
[    0.340714] pci 0000:0f:00.0: BAR 5 [mem 0x80980000-0x809803ff]: assigned
[    0.340716] pci 0000:07:0d.0: PCI bridge to [bus 0f]
[    0.340719] pci 0000:07:0d.0:   bridge window [mem 0x80900000-0x809fffff]
[    0.340726] pci 0000:06:00.0: PCI bridge to [bus 07-0f]
[    0.340727] pci 0000:06:00.0:   bridge window [io  0xe000-0xefff]
[    0.340730] pci 0000:06:00.0:   bridge window [mem 0x80000000-0x809fffff]
[    0.340736] pci 0000:04:08.0: PCI bridge to [bus 06-0f]
[    0.340737] pci 0000:04:08.0:   bridge window [io  0xe000-0xefff]
[    0.340739] pci 0000:04:08.0:   bridge window [mem 0x80000000-0x809fffff]
[    0.340744] pci 0000:10:00.0: BAR 0 [mem 0x80a00000-0x80a07fff 64bit]: assigned
[    0.340748] pci 0000:04:0c.0: PCI bridge to [bus 10]
[    0.340750] pci 0000:04:0c.0:   bridge window [mem 0x80a00000-0x80afffff]
[    0.340754] pci 0000:11:00.0: ROM [mem 0x80b00000-0x80b7ffff pref]: assigned
[    0.340755] pci 0000:11:00.0: BAR 5 [mem 0x80b80000-0x80b803ff]: assigned
[    0.340757] pci 0000:04:0d.0: PCI bridge to [bus 11]
[    0.340759] pci 0000:04:0d.0:   bridge window [mem 0x80b00000-0x80bfffff]
[    0.340763] pci 0000:03:00.0: PCI bridge to [bus 04-11]
[    0.340764] pci 0000:03:00.0:   bridge window [io  0xe000-0xefff]
[    0.340766] pci 0000:03:00.0:   bridge window [mem 0x80000000-0x80bfffff]
[    0.340770] pci 0000:00:02.1: PCI bridge to [bus 03-11]
[    0.340770] pci 0000:00:02.1:   bridge window [io  0xe000-0xefff]
[    0.340772] pci 0000:00:02.1:   bridge window [mem 0x80000000-0x80bfffff]
[    0.340782] pci 0000:13:00.0: PCI bridge to [bus 18-47]
[    0.340783] pci 0000:13:00.0:   bridge window [io  0x7000-0x9fff]
[    0.340785] pci 0000:13:00.0:   bridge window [mem 0xac000000-0xc3ffffff]
[    0.340787] pci 0000:13:00.0:   bridge window [mem 0xb000000000-0xcfffffffff 64bit pref]
[    0.340789] pci 0000:13:01.0: PCI bridge to [bus 48-77]
[    0.340790] pci 0000:13:01.0:   bridge window [io  0xa000-0xcfff]
[    0.340793] pci 0000:13:01.0:   bridge window [mem 0xc4000000-0xdbffffff]
[    0.340794] pci 0000:13:01.0:   bridge window [mem 0xd000000000-0xefffffffff 64bit pref]
[    0.340797] pci 0000:13:02.0: PCI bridge to [bus 78]
[    0.340799] pci 0000:13:02.0:   bridge window [mem 0xdc000000-0xdc3fffff]
[    0.340803] pci 0000:13:03.0: PCI bridge to [bus 79]
[    0.340805] pci 0000:13:03.0:   bridge window [mem 0xdc400000-0xdc7fffff]
[    0.340809] pci 0000:12:00.0: PCI bridge to [bus 13-79]
[    0.340810] pci 0000:12:00.0:   bridge window [io  0x7000-0xcfff]
[    0.340812] pci 0000:12:00.0:   bridge window [mem 0xac000000-0xdc7fffff]
[    0.340814] pci 0000:12:00.0:   bridge window [mem 0xb000000000-0xefffffffff 64bit pref]
[    0.340817] pci 0000:00:02.2: PCI bridge to [bus 12-79]
[    0.340817] pci 0000:00:02.2:   bridge window [io  0x7000-0xcfff]
[    0.340819] pci 0000:00:02.2:   bridge window [mem 0xac000000-0xdc7fffff]
[    0.340820] pci 0000:00:02.2:   bridge window [mem 0xb000000000-0xefffffffff 64bit pref]
[    0.340829] pci 0000:00:08.1: PCI bridge to [bus 7a]
[    0.340834] pci 0000:00:08.1:   bridge window [io  0xd000-0xdfff]
[    0.340836] pci 0000:00:08.1:   bridge window [mem 0xdf000000-0xdf5fffff]
[    0.340837] pci 0000:00:08.1:   bridge window [mem 0xf810000000-0xf81fffffff 64bit pref]
[    0.340838] pci 0000:00:08.3: PCI bridge to [bus 7b]
[    0.340840] pci 0000:00:08.3:   bridge window [mem 0xdf600000-0xdf6fffff]
[    0.340842] pci_bus 0000:00: resource 4 [io  0x0000-0x03af window]
[    0.340843] pci_bus 0000:00: resource 5 [io  0x03e0-0x0cf7 window]
[    0.340843] pci_bus 0000:00: resource 6 [io  0x03b0-0x03df window]
[    0.340844] pci_bus 0000:00: resource 7 [io  0x0d00-0xffff window]
[    0.340844] pci_bus 0000:00: resource 8 [mem 0x000a0000-0x000dffff window]
[    0.340845] pci_bus 0000:00: resource 9 [mem 0x80000000-0xdfffffff window]
[    0.340845] pci_bus 0000:00: resource 10 [mem 0x1880000000-0xffffffffff window]
[    0.340845] pci_bus 0000:01: resource 0 [io  0xf000-0xffff]
[    0.340846] pci_bus 0000:01: resource 1 [mem 0xdd000000-0xde0fffff]
[    0.340846] pci_bus 0000:01: resource 2 [mem 0xf000000000-0xf801ffffff 64bit pref]
[    0.340847] pci_bus 0000:02: resource 1 [mem 0xdf700000-0xdf7fffff]
[    0.340847] pci_bus 0000:03: resource 0 [io  0xe000-0xefff]
[    0.340847] pci_bus 0000:03: resource 1 [mem 0x80000000-0x80bfffff]
[    0.340848] pci_bus 0000:04: resource 0 [io  0xe000-0xefff]
[    0.340848] pci_bus 0000:04: resource 1 [mem 0x80000000-0x80bfffff]
[    0.340849] pci_bus 0000:06: resource 0 [io  0xe000-0xefff]
[    0.340849] pci_bus 0000:06: resource 1 [mem 0x80000000-0x809fffff]
[    0.340849] pci_bus 0000:07: resource 0 [io  0xe000-0xefff]
[    0.340850] pci_bus 0000:07: resource 1 [mem 0x80000000-0x809fffff]
[    0.340850] pci_bus 0000:08: resource 1 [mem 0x80300000-0x803fffff]
[    0.340850] pci_bus 0000:09: resource 1 [mem 0x80000000-0x802fffff]
[    0.340851] pci_bus 0000:0b: resource 1 [mem 0x80400000-0x805fffff]
[    0.340851] pci_bus 0000:0c: resource 0 [io  0xe000-0xefff]
[    0.340851] pci_bus 0000:0c: resource 1 [mem 0x80600000-0x806fffff]
[    0.340852] pci_bus 0000:0d: resource 1 [mem 0x80700000-0x807fffff]
[    0.340852] pci_bus 0000:0e: resource 1 [mem 0x80800000-0x808fffff]
[    0.340852] pci_bus 0000:0f: resource 1 [mem 0x80900000-0x809fffff]
[    0.340853] pci_bus 0000:10: resource 1 [mem 0x80a00000-0x80afffff]
[    0.340853] pci_bus 0000:11: resource 1 [mem 0x80b00000-0x80bfffff]
[    0.340853] pci_bus 0000:12: resource 0 [io  0x7000-0xcfff]
[    0.340854] pci_bus 0000:12: resource 1 [mem 0xac000000-0xdc7fffff]
[    0.340854] pci_bus 0000:12: resource 2 [mem 0xb000000000-0xefffffffff 64bit pref]
[    0.340854] pci_bus 0000:13: resource 0 [io  0x7000-0xcfff]
[    0.340855] pci_bus 0000:13: resource 1 [mem 0xac000000-0xdc7fffff]
[    0.340855] pci_bus 0000:13: resource 2 [mem 0xb000000000-0xefffffffff 64bit pref]
[    0.340855] pci_bus 0000:18: resource 0 [io  0x7000-0x9fff]
[    0.340856] pci_bus 0000:18: resource 1 [mem 0xac000000-0xc3ffffff]
[    0.340856] pci_bus 0000:18: resource 2 [mem 0xb000000000-0xcfffffffff 64bit pref]
[    0.340856] pci_bus 0000:48: resource 0 [io  0xa000-0xcfff]
[    0.340857] pci_bus 0000:48: resource 1 [mem 0xc4000000-0xdbffffff]
[    0.340857] pci_bus 0000:48: resource 2 [mem 0xd000000000-0xefffffffff 64bit pref]
[    0.340858] pci_bus 0000:78: resource 1 [mem 0xdc000000-0xdc3fffff]
[    0.340858] pci_bus 0000:79: resource 1 [mem 0xdc400000-0xdc7fffff]
[    0.340858] pci_bus 0000:7a: resource 0 [io  0xd000-0xdfff]
[    0.340859] pci_bus 0000:7a: resource 1 [mem 0xdf000000-0xdf5fffff]
[    0.340859] pci_bus 0000:7a: resource 2 [mem 0xf810000000-0xf81fffffff 64bit pref]
[    0.340859] pci_bus 0000:7b: resource 1 [mem 0xdf600000-0xdf6fffff]
[    0.340921] pci 0000:01:00.1: extending delay after power-on from D3hot to 20 msec
[    0.340932] pci 0000:01:00.1: D0 power state depends on 0000:01:00.0
[    0.341379] pci 0000:7a:00.1: D0 power state depends on 0000:7a:00.0
[    0.341481] PCI: CLS 64 bytes, default 64
[    0.341497] pci 0000:00:00.2: AMD-Vi: IOMMU performance counters supported
[    0.341520] Trying to unpack rootfs image as initramfs...
[    0.341533] pci 0000:00:01.0: Adding to iommu group 0
[    0.341542] pci 0000:00:01.1: Adding to iommu group 1
[    0.341552] pci 0000:00:01.2: Adding to iommu group 2
[    0.341571] pci 0000:00:02.0: Adding to iommu group 3
[    0.341579] pci 0000:00:02.1: Adding to iommu group 4
[    0.341588] pci 0000:00:02.2: Adding to iommu group 5
[    0.341597] pci 0000:00:03.0: Adding to iommu group 6
[    0.341605] pci 0000:00:04.0: Adding to iommu group 7
[    0.341624] pci 0000:00:08.0: Adding to iommu group 8
[    0.341631] pci 0000:00:08.1: Adding to iommu group 9
[    0.341639] pci 0000:00:08.3: Adding to iommu group 10
[    0.341651] pci 0000:00:14.0: Adding to iommu group 11
[    0.341657] pci 0000:00:14.3: Adding to iommu group 11
[    0.341692] pci 0000:00:18.0: Adding to iommu group 12
[    0.341698] pci 0000:00:18.1: Adding to iommu group 12
[    0.341703] pci 0000:00:18.2: Adding to iommu group 12
[    0.341709] pci 0000:00:18.3: Adding to iommu group 12
[    0.341715] pci 0000:00:18.4: Adding to iommu group 12
[    0.341720] pci 0000:00:18.5: Adding to iommu group 12
[    0.341726] pci 0000:00:18.6: Adding to iommu group 12
[    0.341732] pci 0000:00:18.7: Adding to iommu group 12
[    0.341752] pci 0000:01:00.0: Adding to iommu group 13
[    0.341765] pci 0000:01:00.1: Adding to iommu group 13
[    0.341772] pci 0000:02:00.0: Adding to iommu group 14
[    0.341779] pci 0000:03:00.0: Adding to iommu group 15
[    0.341795] pci 0000:04:00.0: Adding to iommu group 16
[    0.341807] pci 0000:04:08.0: Adding to iommu group 17
[    0.341818] pci 0000:04:0c.0: Adding to iommu group 18
[    0.341829] pci 0000:04:0d.0: Adding to iommu group 19
[    0.341834] pci 0000:06:00.0: Adding to iommu group 17
[    0.341846] pci 0000:07:00.0: Adding to iommu group 17
[    0.341857] pci 0000:07:04.0: Adding to iommu group 17
[    0.341868] pci 0000:07:05.0: Adding to iommu group 17
[    0.341879] pci 0000:07:06.0: Adding to iommu group 17
[    0.341890] pci 0000:07:07.0: Adding to iommu group 17
[    0.341901] pci 0000:07:08.0: Adding to iommu group 17
[    0.341913] pci 0000:07:0c.0: Adding to iommu group 17
[    0.341924] pci 0000:07:0d.0: Adding to iommu group 17
[    0.341932] pci 0000:08:00.0: Adding to iommu group 17
[    0.341939] pci 0000:09:00.0: Adding to iommu group 17
[    0.341946] pci 0000:0b:00.0: Adding to iommu group 17
[    0.341953] pci 0000:0c:00.0: Adding to iommu group 17
[    0.341960] pci 0000:0d:00.0: Adding to iommu group 17
[    0.341962] pci 0000:0e:00.0: Adding to iommu group 17
[    0.341965] pci 0000:0f:00.0: Adding to iommu group 17
[    0.341966] pci 0000:10:00.0: Adding to iommu group 18
[    0.341969] pci 0000:11:00.0: Adding to iommu group 19
[    0.341976] pci 0000:12:00.0: Adding to iommu group 20
[    0.341987] pci 0000:13:00.0: Adding to iommu group 21
[    0.341999] pci 0000:13:01.0: Adding to iommu group 22
[    0.342011] pci 0000:13:02.0: Adding to iommu group 23
[    0.342023] pci 0000:13:03.0: Adding to iommu group 24
[    0.342026] pci 0000:78:00.0: Adding to iommu group 23
[    0.342030] pci 0000:79:00.0: Adding to iommu group 24
[    0.342050] pci 0000:7a:00.0: Adding to iommu group 25
[    0.342059] pci 0000:7a:00.1: Adding to iommu group 26
[    0.342068] pci 0000:7a:00.2: Adding to iommu group 27
[    0.342076] pci 0000:7a:00.3: Adding to iommu group 28
[    0.342085] pci 0000:7a:00.4: Adding to iommu group 29
[    0.342093] pci 0000:7b:00.0: Adding to iommu group 30
[    0.343630] AMD-Vi: Extended features (0x246577efa2254afa, 0x0): PPR NX GT [5] IA GA PC GA_vAPIC
[    0.343633] AMD-Vi: Interrupt remapping enabled
[    0.433398] AMD-Vi: Virtual APIC enabled
[    0.433405] PCI-DMA: Using software bounce buffering for IO (SWIOTLB)
[    0.433408] software IO TLB: mapped [mem 0x000000005e1e1000-0x00000000621e1000] (64MB)
[    0.433426] RAPL PMU: API unit is 2^-32 Joules, 2 fixed counters, 163840 ms ovfl timer
[    0.433427] RAPL PMU: hw unit of domain package 2^-16 Joules
[    0.433427] RAPL PMU: hw unit of domain core 2^-16 Joules
[    0.433428] LVT offset 0 assigned for vector 0x400
[    0.433493] perf: AMD IBS detected (0x00081bff)
[    0.433497] perf/amd_iommu: Detected AMD IOMMU #0 (2 banks, 4 counters/bank).
[    0.433877] Initialise system trusted keyrings
[    0.433886] Key type blacklist registered
[    0.433906] workingset: timestamp_bits=40 max_order=25 bucket_order=0
[    0.434148] SGI XFS with ACLs, security attributes, realtime, scrub, repair, quota, debug enabled
[    0.438394] xor: automatically using best checksumming function   avx       
[    0.438395] Key type asymmetric registered
[    0.438396] Asymmetric key parser 'x509' registered
[    0.438402] Block layer SCSI generic (bsg) driver version 0.4 loaded (major 243)
[    0.438418] io scheduler mq-deadline registered
[    0.438418] io scheduler kyber registered
[    0.438422] io scheduler bfq registered
[    0.439239] ledtrig-cpu: registered to indicate activity on CPUs
[    0.441397] input: Power Button as /devices/LNXSYSTM:00/LNXSYBUS:00/PNP0C0C:00/input/input0
[    0.441408] ACPI: button: Power Button [PWRB]
[    0.441419] input: Power Button as /devices/LNXSYSTM:00/LNXPWRBN:00/input/input1
[    0.445284] ACPI: button: Power Button [PWRF]
[    0.445552] Monitor-Mwait will be used to enter C-1 state
[    0.446458] Estimated ratio of average max frequency by base frequency (times 1024): 1086
[    0.446572] Serial: 8250/16550 driver, 4 ports, IRQ sharing enabled
[    0.468027] serial8250: ttyS0 at I/O 0x3f8 (irq = 4, base_baud = 115200) is a 16550A
[    0.468748] Key type psk registered
[    0.468865] nvme nvme0: pci function 0000:02:00.0
[    0.468866] nvme nvme1: pci function 0000:0d:00.0
[    0.468877] nvme nvme2: pci function 0000:08:00.0
[    0.469222] ahci 0000:0f:00.0: AHCI vers 0001.0301, 32 command slots, 6 Gbps, SATA mode
[    0.469224] ahci 0000:0f:00.0: 4/6 ports implemented (port mask 0xf)
[    0.469224] ahci 0000:0f:00.0: flags: 64bit ncq sntf stag pm led clo only pmp pio slum part sxs deso sadm sds apst 
[    0.469405] scsi host0: ahci
[    0.469438] scsi host1: ahci
[    0.469464] scsi host2: ahci
[    0.469485] scsi host3: ahci
[    0.469509] scsi host4: ahci
[    0.469534] scsi host5: ahci
[    0.469544] ata1: SATA max UDMA/133 abar m1024@0x80980000 port 0x80980100 irq 45 lpm-pol 0
[    0.469550] ata2: SATA max UDMA/133 abar m1024@0x80980000 port 0x80980180 irq 45 lpm-pol 0
[    0.469551] ata3: SATA max UDMA/133 abar m1024@0x80980000 port 0x80980200 irq 45 lpm-pol 0
[    0.469553] ata4: SATA max UDMA/133 abar m1024@0x80980000 port 0x80980280 irq 45 lpm-pol 0
[    0.469554] ata5: DUMMY
[    0.469554] ata6: DUMMY
[    0.469633] ahci 0000:11:00.0: AHCI vers 0001.0301, 32 command slots, 6 Gbps, SATA mode
[    0.469634] ahci 0000:11:00.0: 4/6 ports implemented (port mask 0xf)
[    0.469635] ahci 0000:11:00.0: flags: 64bit ncq sntf stag pm led clo only pmp pio slum part sxs deso sadm sds apst 
[    0.469769] scsi host6: ahci
[    0.469803] scsi host7: ahci
[    0.469833] scsi host8: ahci
[    0.469858] scsi host9: ahci
[    0.469885] scsi host10: ahci
[    0.469911] scsi host11: ahci
[    0.469927] ata7: SATA max UDMA/133 abar m1024@0x80b80000 port 0x80b80100 irq 49 lpm-pol 0
[    0.469928] ata8: SATA max UDMA/133 abar m1024@0x80b80000 port 0x80b80180 irq 49 lpm-pol 0
[    0.469928] ata9: SATA max UDMA/133 abar m1024@0x80b80000 port 0x80b80200 irq 49 lpm-pol 0
[    0.469929] ata10: SATA max UDMA/133 abar m1024@0x80b80000 port 0x80b80280 irq 49 lpm-pol 0
[    0.469930] ata11: DUMMY
[    0.469931] ata12: DUMMY
[    0.470035] xhci_hcd 0000:0e:00.0: xHCI Host Controller
[    0.470038] xhci_hcd 0000:0e:00.0: new USB bus registered, assigned bus number 1
[    0.473545] nvme nvme2: D3 entry latency set to 10 seconds
[    0.475965] nvme nvme2: 16/0/0 default/read/poll queues
[    0.482101]  nvme2n1: p1
[    0.499069] nvme nvme0: 16/0/0 default/read/poll queues
[    0.499085] nvme nvme1: 16/0/0 default/read/poll queues
[    0.501757]  nvme1n1: p1 p2 p3 p4
[    0.502003]  nvme0n1: p1 p2 p3 p4 p5 p6 p7 p8
[    0.526097] xhci_hcd 0000:0e:00.0: hcc params 0x0200ef81 hci version 0x110 quirks 0x0000000000000010
[    0.526358] xhci_hcd 0000:0e:00.0: xHCI Host Controller
[    0.526360] xhci_hcd 0000:0e:00.0: new USB bus registered, assigned bus number 2
[    0.526363] xhci_hcd 0000:0e:00.0: Host supports USB 3.2 Enhanced SuperSpeed
[    0.527065] usb usb1: New USB device found, idVendor=1d6b, idProduct=0002, bcdDevice= 6.19
[    0.527066] usb usb1: New USB device strings: Mfr=3, Product=2, SerialNumber=1
[    0.527067] usb usb1: Product: xHCI Host Controller
[    0.527068] usb usb1: Manufacturer: Linux 6.19.6-1-liquorix-amd64 xhci-hcd
[    0.527068] usb usb1: SerialNumber: 0000:0e:00.0
[    0.527158] hub 1-0:1.0: USB hub found
[    0.527176] hub 1-0:1.0: 12 ports detected
[    0.527750] usb usb2: We don't know the algorithms for LPM for this host, disabling LPM.
[    0.527754] usb usb2: New USB device found, idVendor=1d6b, idProduct=0003, bcdDevice= 6.19
[    0.527755] usb usb2: New USB device strings: Mfr=3, Product=2, SerialNumber=1
[    0.527755] usb usb2: Product: xHCI Host Controller
[    0.527756] usb usb2: Manufacturer: Linux 6.19.6-1-liquorix-amd64 xhci-hcd
[    0.527756] usb usb2: SerialNumber: 0000:0e:00.0
[    0.527792] hub 2-0:1.0: USB hub found
[    0.527799] hub 2-0:1.0: 5 ports detected
[    0.528090] xhci_hcd 0000:10:00.0: xHCI Host Controller
[    0.528092] xhci_hcd 0000:10:00.0: new USB bus registered, assigned bus number 3
[    0.584132] xhci_hcd 0000:10:00.0: hcc params 0x0200ef81 hci version 0x110 quirks 0x0000000000000010
[    0.584337] xhci_hcd 0000:10:00.0: xHCI Host Controller
[    0.584338] xhci_hcd 0000:10:00.0: new USB bus registered, assigned bus number 4
[    0.584339] xhci_hcd 0000:10:00.0: Host supports USB 3.2 Enhanced SuperSpeed
[    0.585102] usb usb3: New USB device found, idVendor=1d6b, idProduct=0002, bcdDevice= 6.19
[    0.585103] usb usb3: New USB device strings: Mfr=3, Product=2, SerialNumber=1
[    0.585103] usb usb3: Product: xHCI Host Controller
[    0.585104] usb usb3: Manufacturer: Linux 6.19.6-1-liquorix-amd64 xhci-hcd
[    0.585104] usb usb3: SerialNumber: 0000:10:00.0
[    0.585165] hub 3-0:1.0: USB hub found
[    0.585174] hub 3-0:1.0: 12 ports detected
[    0.585656] usb usb4: We don't know the algorithms for LPM for this host, disabling LPM.
[    0.585660] usb usb4: New USB device found, idVendor=1d6b, idProduct=0003, bcdDevice= 6.19
[    0.585661] usb usb4: New USB device strings: Mfr=3, Product=2, SerialNumber=1
[    0.585661] usb usb4: Product: xHCI Host Controller
[    0.585661] usb usb4: Manufacturer: Linux 6.19.6-1-liquorix-amd64 xhci-hcd
[    0.585662] usb usb4: SerialNumber: 0000:10:00.0
[    0.585686] hub 4-0:1.0: USB hub found
[    0.585690] hub 4-0:1.0: 5 ports detected
[    0.585918] xhci_hcd 0000:78:00.0: xHCI Host Controller
[    0.585919] xhci_hcd 0000:78:00.0: new USB bus registered, assigned bus number 5
[    0.588728] xhci_hcd 0000:78:00.0: hcc params 0x0200ef81 hci version 0x120 quirks 0x0000000200000010
[    0.590943] xhci_hcd 0000:78:00.0: xHCI Host Controller
[    0.590944] xhci_hcd 0000:78:00.0: new USB bus registered, assigned bus number 6
[    0.590944] xhci_hcd 0000:78:00.0: Host supports USB 3.2 Enhanced SuperSpeed
[    0.590961] usb usb5: New USB device found, idVendor=1d6b, idProduct=0002, bcdDevice= 6.19
[    0.590962] usb usb5: New USB device strings: Mfr=3, Product=2, SerialNumber=1
[    0.590962] usb usb5: Product: xHCI Host Controller
[    0.590963] usb usb5: Manufacturer: Linux 6.19.6-1-liquorix-amd64 xhci-hcd
[    0.590963] usb usb5: SerialNumber: 0000:78:00.0
[    0.590988] hub 5-0:1.0: USB hub found
[    0.591204] hub 5-0:1.0: 2 ports detected
[    0.591843] usb usb6: We don't know the algorithms for LPM for this host, disabling LPM.
[    0.591847] usb usb6: New USB device found, idVendor=1d6b, idProduct=0003, bcdDevice= 6.19
[    0.591847] usb usb6: New USB device strings: Mfr=3, Product=2, SerialNumber=1
[    0.591848] usb usb6: Product: xHCI Host Controller
[    0.591848] usb usb6: Manufacturer: Linux 6.19.6-1-liquorix-amd64 xhci-hcd
[    0.591848] usb usb6: SerialNumber: 0000:78:00.0
[    0.591869] hub 6-0:1.0: USB hub found
[    0.592073] hub 6-0:1.0: 2 ports detected
[    0.592530] xhci_hcd 0000:7a:00.3: xHCI Host Controller
[    0.592531] xhci_hcd 0000:7a:00.3: new USB bus registered, assigned bus number 7
[    0.592875] xhci_hcd 0000:7a:00.3: hcc params 0x0120ffc5 hci version 0x120 quirks 0x0000000200000010
[    0.593044] xhci_hcd 0000:7a:00.3: xHCI Host Controller
[    0.593045] xhci_hcd 0000:7a:00.3: new USB bus registered, assigned bus number 8
[    0.593045] xhci_hcd 0000:7a:00.3: Host supports USB 3.1 Enhanced SuperSpeed
[    0.593053] usb usb7: New USB device found, idVendor=1d6b, idProduct=0002, bcdDevice= 6.19
[    0.593053] usb usb7: New USB device strings: Mfr=3, Product=2, SerialNumber=1
[    0.593053] usb usb7: Product: xHCI Host Controller
[    0.593054] usb usb7: Manufacturer: Linux 6.19.6-1-liquorix-amd64 xhci-hcd
[    0.593054] usb usb7: SerialNumber: 0000:7a:00.3
[    0.593078] hub 7-0:1.0: USB hub found
[    0.593080] hub 7-0:1.0: 2 ports detected
[    0.593177] usb usb8: We don't know the algorithms for LPM for this host, disabling LPM.
[    0.593181] usb usb8: New USB device found, idVendor=1d6b, idProduct=0003, bcdDevice= 6.19
[    0.593181] usb usb8: New USB device strings: Mfr=3, Product=2, SerialNumber=1
[    0.593182] usb usb8: Product: xHCI Host Controller
[    0.593182] usb usb8: Manufacturer: Linux 6.19.6-1-liquorix-amd64 xhci-hcd
[    0.593182] usb usb8: SerialNumber: 0000:7a:00.3
[    0.593202] hub 8-0:1.0: USB hub found
[    0.593203] hub 8-0:1.0: 2 ports detected
[    0.593314] xhci_hcd 0000:7a:00.4: xHCI Host Controller
[    0.593316] xhci_hcd 0000:7a:00.4: new USB bus registered, assigned bus number 9
[    0.593655] xhci_hcd 0000:7a:00.4: hcc params 0x0120ffc5 hci version 0x120 quirks 0x0000000200000010
[    0.593814] xhci_hcd 0000:7a:00.4: xHCI Host Controller
[    0.593815] xhci_hcd 0000:7a:00.4: new USB bus registered, assigned bus number 10
[    0.593815] xhci_hcd 0000:7a:00.4: Host supports USB 3.1 Enhanced SuperSpeed
[    0.593824] usb usb9: New USB device found, idVendor=1d6b, idProduct=0002, bcdDevice= 6.19
[    0.593824] usb usb9: New USB device strings: Mfr=3, Product=2, SerialNumber=1
[    0.593825] usb usb9: Product: xHCI Host Controller
[    0.593825] usb usb9: Manufacturer: Linux 6.19.6-1-liquorix-amd64 xhci-hcd
[    0.593825] usb usb9: SerialNumber: 0000:7a:00.4
[    0.593853] hub 9-0:1.0: USB hub found
[    0.593854] hub 9-0:1.0: 2 ports detected
[    0.593952] usb usb10: We don't know the algorithms for LPM for this host, disabling LPM.
[    0.593955] usb usb10: New USB device found, idVendor=1d6b, idProduct=0003, bcdDevice= 6.19
[    0.593956] usb usb10: New USB device strings: Mfr=3, Product=2, SerialNumber=1
[    0.593956] usb usb10: Product: xHCI Host Controller
[    0.593957] usb usb10: Manufacturer: Linux 6.19.6-1-liquorix-amd64 xhci-hcd
[    0.593957] usb usb10: SerialNumber: 0000:7a:00.4
[    0.593975] hub 10-0:1.0: USB hub found
[    0.593985] hub 10-0:1.0: 2 ports detected
[    0.594093] xhci_hcd 0000:7b:00.0: xHCI Host Controller
[    0.594094] xhci_hcd 0000:7b:00.0: new USB bus registered, assigned bus number 11
[    0.595346] xhci_hcd 0000:7b:00.0: USB3 root hub has no ports
[    0.595360] xhci_hcd 0000:7b:00.0: hcc params 0x0110ffc5 hci version 0x120 quirks 0x0000000200000010
[    0.595540] usb usb11: New USB device found, idVendor=1d6b, idProduct=0002, bcdDevice= 6.19
[    0.595540] usb usb11: New USB device strings: Mfr=3, Product=2, SerialNumber=1
[    0.595541] usb usb11: Product: xHCI Host Controller
[    0.595541] usb usb11: Manufacturer: Linux 6.19.6-1-liquorix-amd64 xhci-hcd
[    0.595542] usb usb11: SerialNumber: 0000:7b:00.0
[    0.595566] hub 11-0:1.0: USB hub found
[    0.595568] hub 11-0:1.0: 1 port detected
[    0.595660] i8042: PNP: No PS/2 controller found.
[    0.595697] rtc_cmos 00:02: RTC can wake from S4
[    0.595840] rtc_cmos 00:02: registered as rtc0
[    0.595862] rtc_cmos 00:02: setting system clock to 2026-03-16T06:47:21 UTC (1773643641)
[    0.595880] rtc_cmos 00:02: alarms up to one month, y3k, 114 bytes nvram
[    0.595901] amd_pstate: driver load is disabled, boot with specific mode to enable this
[    0.595915] efifb: probing for efifb
[    0.595920] efifb: framebuffer at 0xf000000000, using 8640k, total 8640k
[    0.595922] efifb: mode is 1920x1080x32, linelength=8192, pages=1
[    0.595922] efifb: scrolling: redraw
[    0.595923] efifb: Truecolor: size=8:8:8:8, shift=24:16:8:0
[    0.596368] Console: switching to colour frame buffer device 240x67
[    0.596756] fb0: EFI VGA frame buffer device
[    0.596770] hid: raw HID events driver (C) Jiri Kosina
[    0.596874] NET: Registered PF_INET6 protocol family
[    0.597038] Segment Routing with IPv6
[    0.597038] RPL Segment Routing with IPv6
[    0.597042] In-situ OAM (IOAM) with IPv6
[    0.597067] Key type dns_resolver registered
[    0.597832] x86/amd: Previous system reset reason [0x00200800]: ACPI power state transition occurred
[    0.597839] microcode: Current revision: 0x0b404023
[    0.598109] resctrl: L3 allocation detected
[    0.598110] resctrl: MB allocation detected
[    0.598110] resctrl: SMBA allocation detected
[    0.598111] resctrl: L3 monitoring detected
[    0.598126] IPI shorthand broadcast: enabled
[    0.598913] sched_clock: Marking stable (598000885, 256885)->(625045934, -26788164)
[    0.599024] registered taskstats version 1
[    0.599138] Loading compiled-in X.509 certificates
[    0.599822] Demotion targets for Node 0: null
[    0.599835] Key type .fscrypt registered
[    0.599836] Key type fscrypt-provisioning registered
[    0.599934] Btrfs loaded, experimental=on, assert=on, zoned=yes, fsverity=yes
[    0.601190] RAS: Correctable Errors collector initialized.
[    0.603089] clk: Disabling unused clocks
[    0.603091] PM: genpd: Disabling unused power domains
[    0.612608] Freeing initrd memory: 321836K
[    0.783314] ata1: SATA link down (SStatus 0 SControl 330)
[    0.783318] ata9: SATA link down (SStatus 0 SControl 300)
[    0.783337] ata7: SATA link down (SStatus 0 SControl 300)
[    0.783341] ata2: SATA link down (SStatus 0 SControl 330)
[    0.783354] ata10: SATA link down (SStatus 0 SControl 300)
[    0.783366] ata4: SATA link down (SStatus 0 SControl 330)
[    0.783388] ata3: SATA link down (SStatus 0 SControl 330)
[    0.827558] usb 1-2: new full-speed USB device number 2 using xhci_hcd
[    0.830571] usb 9-1: new full-speed USB device number 2 using xhci_hcd
[    0.883543] usb 3-1: new full-speed USB device number 2 using xhci_hcd
[    0.942553] ata8: SATA link up 6.0 Gbps (SStatus 133 SControl 300)
[    0.943136] ata8.00: Model 'Samsung SSD 870 EVO 4TB', rev 'SVT03B6Q', applying quirks: noncqtrim zeroaftertrim noncqonati nolpmonati
[    0.943185] ata8.00: supports DRM functions and may not be fully accessible
[    0.943186] ata8.00: ATA-11: Samsung SSD 870 EVO 4TB, SVT03B6Q, max UDMA/133
[    0.943592] ata8.00: 7814037168 sectors, multi 1: LBA48 NCQ (depth 32), AA
[    0.946591] ata8.00: Features: Trust Dev-Sleep DIPM NCQ-sndrcv
[    0.946864] ata8.00: supports DRM functions and may not be fully accessible
[    0.950368] ata8.00: configured for UDMA/133
[    0.950537] scsi 7:0:0:0: Direct-Access     ATA      Samsung SSD 870  3B6Q PQ: 0 ANSI: 5
[    0.950734] ata8.00: Enabling discard_zeroes_data
[    0.950743] sd 7:0:0:0: [sda] 7814037168 512-byte logical blocks: (4.00 TB/3.64 TiB)
[    0.950752] sd 7:0:0:0: [sda] Write Protect is off
[    0.950754] sd 7:0:0:0: [sda] Mode Sense: 00 3a 00 00
[    0.950761] sd 7:0:0:0: [sda] Write cache: enabled, read cache: enabled, doesn't support DPO or FUA
[    0.950780] sd 7:0:0:0: [sda] Preferred minimum I/O size 512 bytes
[    0.950904] ata8.00: Enabling discard_zeroes_data
[    0.963542]  sda: sda1
[    0.964451] sd 7:0:0:0: [sda] supports TCG Opal
[    0.964451] sd 7:0:0:0: [sda] Attached SCSI disk
[    0.965342] Freeing unused decrypted memory: 2028K
[    0.965685] Freeing unused kernel image (initmem) memory: 4080K
[    0.965690] Write protecting the kernel read-only data: 40960k
[    0.965915] Freeing unused kernel image (text/rodata gap) memory: 1868K
[    0.966055] Freeing unused kernel image (rodata/data gap) memory: 1744K
[    0.966059] Run /init as init process
[    0.966059]   with arguments:
[    0.966059]     /init
[    0.966060]     splash
[    0.966060]   with environment:
[    0.966060]     HOME=/
[    0.966060]     TERM=linux
[    0.966061]     split_lock_detect=off
[    0.979774] usb 9-1: New USB device found, idVendor=4098, idProduct=bb80, bcdDevice= 1.09
[    0.979779] usb 9-1: New USB device strings: Mfr=1, Product=2, SerialNumber=3
[    0.979781] usb 9-1: Product: WINCTRL 32 AGP Metal
[    0.979782] usb 9-1: Manufacturer: Winwing
[    0.979783] usb 9-1: SerialNumber: 70F6F0280662487543163052
[    0.994917] Winwing WINCTRL 32 AGP Metal: Invalid code 768 type 1
[    0.994920] Winwing WINCTRL 32 AGP Metal: Invalid code 769 type 1
[    0.994921] Winwing WINCTRL 32 AGP Metal: Invalid code 770 type 1
[    0.994921] Winwing WINCTRL 32 AGP Metal: Invalid code 771 type 1
[    0.994922] Winwing WINCTRL 32 AGP Metal: Invalid code 772 type 1
[    0.994922] Winwing WINCTRL 32 AGP Metal: Invalid code 773 type 1
[    0.994923] Winwing WINCTRL 32 AGP Metal: Invalid code 774 type 1
[    0.994923] Winwing WINCTRL 32 AGP Metal: Invalid code 775 type 1
[    0.994924] Winwing WINCTRL 32 AGP Metal: Invalid code 776 type 1
[    0.994924] Winwing WINCTRL 32 AGP Metal: Invalid code 777 type 1
[    0.994961] input: Winwing WINCTRL 32 AGP Metal as /devices/pci0000:00/0000:00:08.1/0000:7a:00.4/usb9/9-1/9-1:1.0/0003:4098:BB80.0001/input/input2
[    0.995040] hid-generic 0003:4098:BB80.0001: input,hidraw0: USB HID v1.11 Joystick [Winwing WINCTRL 32 AGP Metal] on usb-0000:7a:00.4-1/input0
[    0.995063] usbcore: registered new interface driver usbhid
[    0.995064] usbhid: USB HID core driver
[    1.009023] ccp 0000:7a:00.2: enabling device (0000 -> 0002)
[    1.009619] ACPI: video: Video Device [VGA] (multi-head: yes  rom: no  post: no)
[    1.009735] input: Video Bus as /devices/LNXSYSTM:00/LNXSYBUS:00/PNP0A08:00/device:20/LNXVIDEO:00/input/input3
[    1.010264] ccp 0000:7a:00.2: tee enabled
[    1.010422] ccp 0000:7a:00.2: psp enabled
[    1.016653] i2c i2c-0: Failed to register i2c client MSFT8000:00 at 0x4e (-16)
[    1.021799] ACPI: bus type drm_connector registered
[    1.022205] ACPI: bus type thunderbolt registered
[    1.022418] thunderbolt 0000:79:00.0: enabling device (0000 -> 0002)
[    1.043334] Intel(R) 2.5G Ethernet Linux Driver
[    1.043339] Copyright(c) 2018 Intel Corporation.
[    1.043475] igc 0000:0b:00.0: PCIe PTM not supported by PCIe bus/controller
[    1.043798] piix4_smbus 0000:00:14.0: SMBus Host Controller at 0xb00, revision 0
[    1.043800] piix4_smbus 0000:00:14.0: Using register 0x02 for SMBus port selection
[    1.044875] i2c i2c-1: Successfully instantiated SPD at 0x51
[    1.045934] i2c i2c-1: Successfully instantiated SPD at 0x53
[    1.045960] piix4_smbus 0000:00:14.0: Auxiliary SMBus Host Controller at 0xb20
[    1.046150] Linux agpgart interface v0.103
[    1.048596] r8169 0000:0c:00.0 eth0: RTL8126A, 60:cf:84:85:e5:03, XID 64a, IRQ 167
[    1.048600] r8169 0000:0c:00.0 eth0: jumbo features [frames: 16362 bytes, tx checksumming: ko]
[    1.048790] sp5100_tco: SP5100/SB800 TCO WatchDog Timer Driver
[    1.048829] sp5100-tco sp5100-tco: Using 0xfeb00000 for watchdog MMIO address
[    1.048870] sp5100-tco sp5100-tco: initialized. heartbeat=60 sec (nowayout=0)
[    1.049377] r8169 0000:0c:00.0 enp12s0: renamed from eth0
[    1.068390] BTRFS: device fsid 81cb0d27-a629-456b-a460-2498db3e07a6 devid 2 transid 281899 /dev/nvme0n1p7 (259:14) scanned by (udev-worker) (315)
[    1.068929] BTRFS: device fsid 8c49f7a8-bf3b-43bb-b551-485101e92eb6 devid 1 transid 104567 /dev/nvme0n1p8 (259:15) scanned by (udev-worker) (282)
[    1.072443] BTRFS: device fsid 81cb0d27-a629-456b-a460-2498db3e07a6 devid 1 transid 281899 /dev/nvme1n1p2 (259:5) scanned by (udev-worker) (286)
[    1.072776] BTRFS: device fsid 8c49f7a8-bf3b-43bb-b551-485101e92eb6 devid 2 transid 104567 /dev/nvme1n1p3 (259:6) scanned by (udev-worker) (259)
[    1.073276] nvidia: loading out-of-tree module taints kernel.
[    1.073280] nvidia: module license 'NVIDIA' taints kernel.
[    1.073281] Disabling lock debugging due to kernel taint
[    1.073282] nvidia: module license taints kernel.
[    1.077721] BTRFS: device fsid 8c49f7a8-bf3b-43bb-b551-485101e92eb6 devid 3 transid 104567 /dev/nvme2n1p1 (259:1) scanned by (udev-worker) (289)
[    1.097874] igc 0000:0b:00.0 (unnamed net_device) (uninitialized): PHC added
[    1.099269] usb 9-2: new full-speed USB device number 3 using xhci_hcd
[    1.121933] nvidia-nvlink: Nvlink Core is being initialized, major device number 234

[    1.123407] igc 0000:0b:00.0: 4.000 Gb/s available PCIe bandwidth (5.0 GT/s PCIe x1 link)
[    1.123409] igc 0000:0b:00.0 eth0: MAC: 60:cf:84:85:e5:02
[    1.124334] nvidia 0000:01:00.0: vgaarb: VGA decodes changed: olddecodes=io+mem,decodes=none:owns=none
[    1.171298] NVRM: loading NVIDIA UNIX x86_64 Kernel Module  580.142  Tue Mar  3 20:04:04 UTC 2026
[    1.191750] usb 3-1: New USB device found, idVendor=3553, idProduct=c130, bcdDevice= 1.00
[    1.191752] usb 3-1: New USB device strings: Mfr=1, Product=2, SerialNumber=0
[    1.191752] usb 3-1: Product: MK321BT
[    1.191753] usb 3-1: Manufacturer: PCsensor
[    1.196827] usb 1-2: New USB device found, idVendor=4098, idProduct=bc27, bcdDevice= 1.00
[    1.196830] usb 1-2: New USB device strings: Mfr=1, Product=2, SerialNumber=3
[    1.196831] usb 1-2: Product: WINCTRL URSA MINOR 32 Joystick L
[    1.196832] usb 1-2: Manufacturer: Winwing
[    1.196833] usb 1-2: SerialNumber: 044750A28416422133465072
[    1.208457] usb 2-4: new SuperSpeed USB device number 2 using xhci_hcd
[    1.218564] input: Winwing WINCTRL URSA MINOR 32 Joystick L as /devices/pci0000:00/0000:00:02.1/0000:03:00.0/0000:04:08.0/0000:06:00.0/0000:07:0c.0/0000:0e:00.0/usb1/1-2/1-2:1.0/0003:4098:BC27.0002/input/input4
[    1.218629] hid-generic 0003:4098:BC27.0002: input,hidraw1: USB HID v1.11 Joystick [Winwing WINCTRL URSA MINOR 32 Joystick L] on usb-0000:0e:00.0-2/input0
[    1.225951] usb 2-4: New USB device found, idVendor=05e3, idProduct=0626, bcdDevice= 6.56
[    1.225952] usb 2-4: New USB device strings: Mfr=1, Product=2, SerialNumber=0
[    1.225953] usb 2-4: Product: USB3.1 Hub
[    1.225953] usb 2-4: Manufacturer: GenesysLogic
[    1.234107] hub 2-4:1.0: USB hub found
[    1.234551] hub 2-4:1.0: 4 ports detected
[    1.235166] input: PCsensor MK321BT Keyboard as /devices/pci0000:00/0000:00:02.1/0000:03:00.0/0000:04:0c.0/0000:10:00.0/usb3/3-1/3-1:1.0/0003:3553:C130.0003/input/input5
[    1.239919] usb 9-2: New USB device found, idVendor=1395, idProduct=00af, bcdDevice= 1.00
[    1.239921] usb 9-2: New USB device strings: Mfr=1, Product=2, SerialNumber=0
[    1.239921] usb 9-2: Product: EPOS PC 7 USB
[    1.239922] usb 9-2: Manufacturer: DSEA A/S
[    1.250219] input: DSEA A/S EPOS PC 7 USB as /devices/pci0000:00/0000:00:08.1/0000:7a:00.4/usb9/9-2/9-2:1.3/0003:1395:00AF.0004/input/input7
[    1.269522] usb 4-3: new SuperSpeed USB device number 2 using xhci_hcd
[    1.293701] usb 4-3: New USB device found, idVendor=0bda, idProduct=0411, bcdDevice= 1.23
[    1.293704] usb 4-3: New USB device strings: Mfr=1, Product=2, SerialNumber=0
[    1.293705] usb 4-3: Product: 4-Port USB 3.0 Hub
[    1.293706] usb 4-3: Manufacturer: Generic
[    1.303185] hub 4-3:1.0: USB hub found
[    1.305463] hub 4-3:1.0: 4 ports detected
[    1.310340] input: PCsensor MK321BT Mouse as /devices/pci0000:00/0000:00:02.1/0000:03:00.0/0000:04:0c.0/0000:10:00.0/usb3/3-1/3-1:1.0/0003:3553:C130.0003/input/input6
[    1.310375] hid-generic 0003:3553:C130.0003: input,hidraw2: USB HID v1.11 Keyboard [PCsensor MK321BT] on usb-0000:10:00.0-1/input0
[    1.318501] input: PCsensor MK321BT as /devices/pci0000:00/0000:00:02.1/0000:03:00.0/0000:04:0c.0/0000:10:00.0/usb3/3-1/3-1:1.1/0003:3553:C130.0005/input/input8
[    1.361334] hid-generic 0003:1395:00AF.0004: input,hidraw3: USB HID v1.00 Device [DSEA A/S EPOS PC 7 USB] on usb-0000:7a:00.4-2/input3
[    1.361343] hid-generic 0003:3553:C130.0005: input,hidraw4: USB HID v1.10 Device [PCsensor MK321BT] on usb-0000:10:00.0-1/input1
[    1.394280] usb 1-4: new high-speed USB device number 3 using xhci_hcd
[    1.421006] usb 4-5: new SuperSpeed USB device number 3 using xhci_hcd
[    1.469412] usb 4-5: New USB device found, idVendor=174c, idProduct=3074, bcdDevice= 0.01
[    1.469415] usb 4-5: New USB device strings: Mfr=2, Product=3, SerialNumber=0
[    1.469416] usb 4-5: Product: ASM107x
[    1.469417] usb 4-5: Manufacturer: ASUS TEK.
[    1.470275] tsc: Refined TSC clocksource calibration: 4699.982 MHz
[    1.470279] clocksource: tsc: mask: 0xffffffffffffffff max_cycles: 0x43bf5c57765, max_idle_ns: 440795387122 ns
[    1.470296] clocksource: Switched to clocksource tsc
[    1.480569] hub 4-5:1.0: USB hub found
[    1.484246] hub 4-5:1.0: 4 ports detected
[    1.613922] usb 1-4: New USB device found, idVendor=05e3, idProduct=0610, bcdDevice= 6.56
[    1.613925] usb 1-4: New USB device strings: Mfr=1, Product=2, SerialNumber=0
[    1.613926] usb 1-4: Product: USB2.1 Hub
[    1.613927] usb 1-4: Manufacturer: GenesysLogic
[    1.622964] hub 1-4:1.0: USB hub found
[    1.623280] usb 3-3: new high-speed USB device number 3 using xhci_hcd
[    1.626902] hub 1-4:1.0: 4 ports detected
[    1.725461] igc 0000:0b:00.0 eno1: renamed from eth0
[    1.727939] nvidia-modeset: Loading NVIDIA Kernel Mode Setting Driver for UNIX platforms  580.142  Tue Mar  3 18:59:57 UTC 2026
[    1.727960] amdgpu: vga_switcheroo: detected switching method \_SB_.PCI0.GP17.VGA_.ATPX handle
[    1.728011] amdgpu: ATPX version 1, functions 0x00000000
[    1.729252] [drm] [nvidia-drm] [GPU ID 0x00000100] Loading driver
[    1.730050] amdgpu: Virtual CRAT table created for CPU
[    1.730056] amdgpu: Topology: Add CPU node
[    1.730139] amdgpu 0000:7a:00.0: enabling device (0006 -> 0007)
[    1.730159] amdgpu 0000:7a:00.0: amdgpu: initializing kernel modesetting (IP DISCOVERY 0x1002:0x13C0 0x1043:0x8877 0xCB).
[    1.730166] amdgpu 0000:7a:00.0: amdgpu: register mmio base: 0xDF500000
[    1.730167] amdgpu 0000:7a:00.0: amdgpu: register mmio size: 524288
[    1.731861] amdgpu 0000:7a:00.0: amdgpu: detected ip block number 0 <common_v1_0_0> (nv_common)
[    1.731862] amdgpu 0000:7a:00.0: amdgpu: detected ip block number 1 <gmc_v10_0_0> (gmc_v10_0)
[    1.731863] amdgpu 0000:7a:00.0: amdgpu: detected ip block number 2 <ih_v5_0_0> (navi10_ih)
[    1.731864] amdgpu 0000:7a:00.0: amdgpu: detected ip block number 3 <psp_v13_0_0> (psp)
[    1.731865] amdgpu 0000:7a:00.0: amdgpu: detected ip block number 4 <smu_v13_0_0> (smu)
[    1.731865] amdgpu 0000:7a:00.0: amdgpu: detected ip block number 5 <dce_v1_0_0> (dm)
[    1.731866] amdgpu 0000:7a:00.0: amdgpu: detected ip block number 6 <gfx_v10_0_0> (gfx_v10_0)
[    1.731867] amdgpu 0000:7a:00.0: amdgpu: detected ip block number 7 <sdma_v5_2_0> (sdma_v5_2)
[    1.731868] amdgpu 0000:7a:00.0: amdgpu: detected ip block number 8 <vcn_v3_0_0> (vcn_v3_0)
[    1.731869] amdgpu 0000:7a:00.0: amdgpu: detected ip block number 9 <jpeg_v3_0_0> (jpeg_v3_0)
[    1.731879] amdgpu 0000:7a:00.0: amdgpu: Fetched VBIOS from VFCT
[    1.731880] amdgpu: ATOM BIOS: 102-RAPHAEL-008
[    1.732227] amdgpu 0000:7a:00.0: amdgpu: Trusted Memory Zone (TMZ) feature disabled as experimental (default)
[    1.732258] amdgpu 0000:7a:00.0: amdgpu: vm size is 262144 GB, 4 levels, block size is 9-bit, fragment size is 9-bit
[    1.732262] amdgpu 0000:7a:00.0: amdgpu: VRAM: 2048M 0x000000F400000000 - 0x000000F47FFFFFFF (2048M used)
[    1.732263] amdgpu 0000:7a:00.0: amdgpu: GART: 1024M 0x0000000000000000 - 0x000000003FFFFFFF
[    1.732268] [drm] Detected VRAM RAM=2048M, BAR=2048M
[    1.732268] [drm] RAM width 128bits DDR5
[    1.732317] amdgpu 0000:7a:00.0: amdgpu: amdgpu: 2048M of VRAM memory ready
[    1.732319] amdgpu 0000:7a:00.0: amdgpu: amdgpu: 47088M of GTT memory ready.
[    1.732334] [drm] GART: num cpu pages 262144, num gpu pages 262144
[    1.732427] [drm] PCIE GART of 1024M enabled (table at 0x000000F47FC00000).
[    1.732731] amdgpu 0000:7a:00.0: amdgpu: [drm] Loading DMUB firmware via PSP: version=0x05002000
[    1.732985] [drm] use_doorbell being set to: [true]
[    1.732997] amdgpu 0000:7a:00.0: amdgpu: [VCN instance 0] Found VCN firmware Version ENC: 1.33 DEC: 4 VEP: 0 Revision: 6
[    1.735408] nvidia 0000:01:00.0: Direct firmware load for nvidia/580.142/gsp_log_ga10x.bin failed with error -2
[    1.755070] amdgpu 0000:7a:00.0: amdgpu: reserve 0xa00000 from 0xf47e000000 for PSP TMR
[    1.815259] amdgpu 0000:7a:00.0: amdgpu: RAS: optional ras ta ucode is not available
[    1.819280] usb 1-6: new high-speed USB device number 4 using xhci_hcd
[    1.820967] amdgpu 0000:7a:00.0: amdgpu: RAP: optional rap ta ucode is not available
[    1.820968] amdgpu 0000:7a:00.0: amdgpu: SECUREDISPLAY: optional securedisplay ta ucode is not available
[    1.822147] amdgpu 0000:7a:00.0: amdgpu: SMU is initialized successfully!
[    1.822973] amdgpu 0000:7a:00.0: amdgpu: [drm] Display Core v3.2.359 initialized on DCN 3.1.5
[    1.822974] amdgpu 0000:7a:00.0: amdgpu: [drm] DP-HDMI FRL PCON supported
[    1.823736] amdgpu 0000:7a:00.0: amdgpu: [drm] DMUB hardware initialized: version=0x05002000
[    1.824433] amdgpu 0000:7a:00.0: amdgpu: [drm] HDMI-A-1: PSR support 0, DC PSR ver -1, sink PSR ver 0 DPCD caps 0x0 su_y_granularity 0
[    1.824472] amdgpu 0000:7a:00.0: amdgpu: [drm] DP-1: PSR support 0, DC PSR ver -1, sink PSR ver 0 DPCD caps 0x0 su_y_granularity 0
[    1.824493] amdgpu 0000:7a:00.0: amdgpu: [drm] DP-2: PSR support 0, DC PSR ver -1, sink PSR ver 0 DPCD caps 0x0 su_y_granularity 0
[    1.824776] amdgpu 0000:7a:00.0: amdgpu: kiq ring mec 2 pipe 1 q 0
[    1.827087] kfd kfd: amdgpu: Allocated 3969056 bytes on gart
[    1.827094] kfd kfd: amdgpu: Total number of KFD nodes to be created: 1
[    1.827206] amdgpu: Virtual CRAT table created for GPU
[    1.827295] amdgpu: Topology: Add dGPU node [0x13c0:0x1002]
[    1.827296] kfd kfd: amdgpu: added device 1002:13c0
[    1.827304] amdgpu 0000:7a:00.0: amdgpu: SE 1, SH per SE 1, CU per SH 2, active_cu_number 2
[    1.827305] amdgpu 0000:7a:00.0: amdgpu: ring gfx_0.0.0 uses VM inv eng 0 on hub 0
[    1.827306] amdgpu 0000:7a:00.0: amdgpu: ring gfx_0.1.0 uses VM inv eng 1 on hub 0
[    1.827307] amdgpu 0000:7a:00.0: amdgpu: ring comp_1.0.0 uses VM inv eng 4 on hub 0
[    1.827307] amdgpu 0000:7a:00.0: amdgpu: ring comp_1.1.0 uses VM inv eng 5 on hub 0
[    1.827307] amdgpu 0000:7a:00.0: amdgpu: ring comp_1.2.0 uses VM inv eng 6 on hub 0
[    1.827308] amdgpu 0000:7a:00.0: amdgpu: ring comp_1.3.0 uses VM inv eng 7 on hub 0
[    1.827308] amdgpu 0000:7a:00.0: amdgpu: ring comp_1.0.1 uses VM inv eng 8 on hub 0
[    1.827308] amdgpu 0000:7a:00.0: amdgpu: ring comp_1.1.1 uses VM inv eng 9 on hub 0
[    1.827308] amdgpu 0000:7a:00.0: amdgpu: ring comp_1.2.1 uses VM inv eng 10 on hub 0
[    1.827309] amdgpu 0000:7a:00.0: amdgpu: ring comp_1.3.1 uses VM inv eng 11 on hub 0
[    1.827309] amdgpu 0000:7a:00.0: amdgpu: ring kiq_0.2.1.0 uses VM inv eng 12 on hub 0
[    1.827309] amdgpu 0000:7a:00.0: amdgpu: ring sdma0 uses VM inv eng 13 on hub 0
[    1.827310] amdgpu 0000:7a:00.0: amdgpu: ring vcn_dec_0 uses VM inv eng 0 on hub 8
[    1.827310] amdgpu 0000:7a:00.0: amdgpu: ring vcn_enc_0.0 uses VM inv eng 1 on hub 8
[    1.827310] amdgpu 0000:7a:00.0: amdgpu: ring vcn_enc_0.1 uses VM inv eng 4 on hub 8
[    1.827310] amdgpu 0000:7a:00.0: amdgpu: ring jpeg_dec uses VM inv eng 5 on hub 8
[    1.828124] amdgpu 0000:7a:00.0: amdgpu: Runtime PM not available
[    1.828249] amdgpu 0000:7a:00.0: [drm] Registered 4 planes with drm panic
[    1.838284] [drm] Initialized amdgpu 3.64.0 for 0000:7a:00.0 on minor 1
[    1.840355] amdgpu 0000:7a:00.0: [drm] Cannot find any crtc or sizes
[    1.840365] [drm] pre_validate_dsc:1667 MST_DSC dsc precompute is not needed
[    1.848877] usb 3-3: New USB device found, idVendor=0bda, idProduct=5411, bcdDevice= 1.23
[    1.848880] usb 3-3: New USB device strings: Mfr=1, Product=2, SerialNumber=0
[    1.848881] usb 3-3: Product: 4-Port USB 2.0 Hub
[    1.848882] usb 3-3: Manufacturer: Generic
[    1.858933] hub 3-3:1.0: USB hub found
[    1.862866] hub 3-3:1.0: 4 ports detected
[    1.894547] usb 4-3.4: new SuperSpeed USB device number 4 using xhci_hcd
[    1.918124] usb 4-3.4: New USB device found, idVendor=0bda, idProduct=0411, bcdDevice= 1.23
[    1.918126] usb 4-3.4: New USB device strings: Mfr=1, Product=2, SerialNumber=0
[    1.918127] usb 4-3.4: Product: 4-Port USB 3.0 Hub
[    1.918128] usb 4-3.4: Manufacturer: Generic
[    1.930984] hub 4-3.4:1.0: USB hub found
[    1.932420] hub 4-3.4:1.0: 4 ports detected
[    2.036913] usb 1-6: New USB device found, idVendor=0489, idProduct=e13a, bcdDevice= 1.00
[    2.036916] usb 1-6: New USB device strings: Mfr=5, Product=6, SerialNumber=7
[    2.036917] usb 1-6: Product: Wireless_Device
