[    0.000122] x86/PAT: Configuration [0-7]: WB  WC  UC- UC  WB  WP  UC- WT  
[    0.000287] e820: update [mem 0x80000000-0xffffffff] usable ==> reserved
[    0.000291] last_pfn = 0x7a000 max_arch_pfn = 0x400000000
[    0.003254] esrt: Reserving ESRT space from 0x0000000065f43b18 to 0x0000000065f43b50.
[    0.003259] e820: update [mem 0x65f43000-0x65f43fff] usable ==> reserved
[    0.003268] Using GB pages for direct mapping
[    0.003529] Secure boot disabled
[    0.003530] RAMDISK: [mem 0x2ead5000-0x4251ffff]
[    0.003843] ACPI: Early table checksum verification disabled
[    0.003846] ACPI: RSDP 0x0000000070641014 000024 (v02 ALASKA)
[    0.003848] ACPI: XSDT 0x0000000070640728 000104 (v01 ALASKA A M I    01072009 AMI  01000013)
[    0.003852] ACPI: FACP 0x0000000070635000 000114 (v06 ALASKA A M I    01072009 AMI  00010013)
[    0.003854] ACPI: DSDT 0x000000007060E000 0147A2 (v24 ALASKA A M I    01072009 INTL 20230331)
[    0.003856] ACPI: FACS 0x0000000072627000 000040
[    0.003857] ACPI: SSDT 0x0000000070637000 00816C (v02 AMD    Splinter 00000002 MSFT 05000000)
[    0.003858] ACPI: SSDT 0x0000000070636000 000221 (v02 ALASKA CPUSSDT  01072009 AMI  01072009)
[    0.003859] ACPI: FIDT 0x0000000070627000 00009C (v01 ALASKA A M I    01072009 AMI  00010013)
[    0.003860] ACPI: MCFG 0x0000000070625000 00003C (v01 ALASKA A M I    01072009 MSFT 00010013)
[    0.003861] ACPI: HPET 0x0000000070624000 000038 (v01 ALASKA A M I    01072009 AMI  00000005)
[    0.003862] ACPI: FPDT 0x0000000070623000 000044 (v01 ALASKA A M I    01072009 AMI  01000013)
[    0.003863] ACPI: VFCT 0x000000007062A000 00AE84 (v01 ALASKA A M I    00000001 AMD  33504F47)
[    0.003864] ACPI: BGRT 0x0000000070629000 000038 (v01 ALASKA A M I    01072009 AMI  00010013)
[    0.003865] ACPI: WPBT 0x00000000704CC000 000040 (v01 ALASKA A M I    00000001 ASUS 00000001)
[    0.003866] ACPI: SSDT 0x00000000704C7000 004DEE (v02 AMD    AMD CPU  00000001 AMD  00000001)
[    0.003867] ACPI: SSDT 0x00000000704C6000 000041 (v01 AMD    AppCompD 00000001 INTL 20230331)
[    0.003868] ACPI: SSDT 0x00000000704B9000 00C682 (v02 AMD    DISCUSB4 00000002 INTL 20230331)
[    0.003869] ACPI: SSDT 0x00000000704B7000 00169E (v02 AMD    CPMDFIG2 00000001 INTL 20230331)
[    0.003870] ACPI: SSDT 0x00000000704B4000 002AA6 (v02 AMD    CDFAAIG2 00000001 INTL 20230331)
[    0.003871] ACPI: SSDT 0x00000000704B3000 00078F (v02 AMD    CPMDFDG1 00000001 INTL 20230331)
[    0.003872] ACPI: SSDT 0x00000000704A8000 00A665 (v02 AMD    CPMCMN   00000001 INTL 20230331)
[    0.003873] ACPI: SSDT 0x00000000704A5000 002959 (v02 AMD    AOD      00000001 INTL 20230331)
[    0.003874] ACPI: TPM2 0x00000000704A4000 00004C (v04 ALASKA A M I    00000001 AMI  00000000)
[    0.003875] ACPI: WSMT 0x00000000704A3000 000028 (v01 ALASKA A M I    01072009 AMI  00010013)
[    0.003876] ACPI: APIC 0x00000000704A2000 00015E (v06 ALASKA A M I    01072009 AMI  00010013)
[    0.003877] ACPI: IVRS 0x00000000704A1000 0000C8 (v02 AMD    AmdTable 00000001 AMD  00000001)
[    0.003878] ACPI: SSDT 0x00000000704A0000 000500 (v02 AMD    MEMTOOL0 00000002 INTL 20230331)
[    0.003879] ACPI: SSDT 0x000000007049F000 0009E6 (v02 AMD    CPMMSOSC 00000001 INTL 20230331)
[    0.003880] ACPI: SSDT 0x000000007049E000 00047C (v02 AMD    AMDWOV   00000001 INTL 20230331)
[    0.003881] ACPI: SSDT 0x000000007049D000 00053E (v01 AMD    CPMAPMFD 00000001 INTL 20230331)
[    0.003882] ACPI: SSDT 0x000000007049C000 00044E (v02 AMD    AmdTable 00000001 INTL 20230331)
[    0.003883] ACPI: SSDT 0x000000007049B000 000771 (v02 AMD    AmdTable 00000001 INTL 20230331)
[    0.003883] ACPI: Reserving FACP table memory at [mem 0x70635000-0x70635113]
[    0.003884] ACPI: Reserving DSDT table memory at [mem 0x7060e000-0x706227a1]
[    0.003884] ACPI: Reserving FACS table memory at [mem 0x72627000-0x7262703f]
[    0.003884] ACPI: Reserving SSDT table memory at [mem 0x70637000-0x7063f16b]
[    0.003885] ACPI: Reserving SSDT table memory at [mem 0x70636000-0x70636220]
[    0.003885] ACPI: Reserving FIDT table memory at [mem 0x70627000-0x7062709b]
[    0.003885] ACPI: Reserving MCFG table memory at [mem 0x70625000-0x7062503b]
[    0.003885] ACPI: Reserving HPET table memory at [mem 0x70624000-0x70624037]
[    0.003886] ACPI: Reserving FPDT table memory at [mem 0x70623000-0x70623043]
[    0.003886] ACPI: Reserving VFCT table memory at [mem 0x7062a000-0x70634e83]
[    0.003886] ACPI: Reserving BGRT table memory at [mem 0x70629000-0x70629037]
[    0.003886] ACPI: Reserving WPBT table memory at [mem 0x704cc000-0x704cc03f]
[    0.003886] ACPI: Reserving SSDT table memory at [mem 0x704c7000-0x704cbded]
[    0.003887] ACPI: Reserving SSDT table memory at [mem 0x704c6000-0x704c6040]
[    0.003887] ACPI: Reserving SSDT table memory at [mem 0x704b9000-0x704c5681]
[    0.003887] ACPI: Reserving SSDT table memory at [mem 0x704b7000-0x704b869d]
[    0.003887] ACPI: Reserving SSDT table memory at [mem 0x704b4000-0x704b6aa5]
[    0.003887] ACPI: Reserving SSDT table memory at [mem 0x704b3000-0x704b378e]
[    0.003888] ACPI: Reserving SSDT table memory at [mem 0x704a8000-0x704b2664]
[    0.003888] ACPI: Reserving SSDT table memory at [mem 0x704a5000-0x704a7958]
[    0.003888] ACPI: Reserving TPM2 table memory at [mem 0x704a4000-0x704a404b]
[    0.003888] ACPI: Reserving WSMT table memory at [mem 0x704a3000-0x704a3027]
[    0.003888] ACPI: Reserving APIC table memory at [mem 0x704a2000-0x704a215d]
[    0.003889] ACPI: Reserving IVRS table memory at [mem 0x704a1000-0x704a10c7]
[    0.003889] ACPI: Reserving SSDT table memory at [mem 0x704a0000-0x704a04ff]
[    0.003889] ACPI: Reserving SSDT table memory at [mem 0x7049f000-0x7049f9e5]
[    0.003889] ACPI: Reserving SSDT table memory at [mem 0x7049e000-0x7049e47b]
[    0.003889] ACPI: Reserving SSDT table memory at [mem 0x7049d000-0x7049d53d]
[    0.003890] ACPI: Reserving SSDT table memory at [mem 0x7049c000-0x7049c44d]
[    0.003890] ACPI: Reserving SSDT table memory at [mem 0x7049b000-0x7049b770]
[    0.003930] No NUMA configuration found
[    0.003931] Faking a node at [mem 0x0000000000000000-0x00000017fde7ffff]
[    0.003933] NODE_DATA(0) allocated [mem 0x17fde7ba80-0x17fde7ffff]
[    0.003982] Zone ranges:
[    0.003982]   DMA      [mem 0x0000000000001000-0x0000000000ffffff]
[    0.003983]   DMA32    [mem 0x0000000001000000-0x00000000ffffffff]
[    0.003983]   Normal   [mem 0x0000000100000000-0x00000017fde7ffff]
[    0.003984] Movable zone start for each node
[    0.003984] Early memory node ranges
[    0.003985]   node   0: [mem 0x0000000000001000-0x000000000009ffff]
[    0.003985]   node   0: [mem 0x0000000000100000-0x0000000009afefff]
[    0.003986]   node   0: [mem 0x000000000a000000-0x000000000a1fffff]
[    0.003986]   node   0: [mem 0x000000000a21e000-0x000000000affffff]
[    0.003986]   node   0: [mem 0x000000000b021000-0x0000000069c7ffff]
[    0.003986]   node   0: [mem 0x00000000781ff000-0x0000000079ff6fff]
[    0.003986]   node   0: [mem 0x0000000079ffc000-0x0000000079ffffff]
[    0.003987]   node   0: [mem 0x0000000100000000-0x00000017fde7ffff]
[    0.003989] Initmem setup node 0 [mem 0x0000000000001000-0x00000017fde7ffff]
[    0.003993] On node 0, zone DMA: 1 pages in unavailable ranges
[    0.004007] On node 0, zone DMA: 96 pages in unavailable ranges
[    0.004116] On node 0, zone DMA32: 1281 pages in unavailable ranges
[    0.004127] On node 0, zone DMA32: 30 pages in unavailable ranges
[    0.005253] On node 0, zone DMA32: 33 pages in unavailable ranges
[    0.005340] On node 0, zone DMA32: 25983 pages in unavailable ranges
[    0.005341] On node 0, zone DMA32: 5 pages in unavailable ranges
[    0.005503] On node 0, zone Normal: 24576 pages in unavailable ranges
[    0.005525] On node 0, zone Normal: 8576 pages in unavailable ranges
[    0.006516] ACPI: PM-Timer IO Port: 0x808
[    0.006521] ACPI: LAPIC_NMI (acpi_id[0xff] high edge lint[0x1])
[    0.006530] IOAPIC[0]: apic_id 32, version 33, address 0xfec00000, GSI 0-23
[    0.006534] IOAPIC[1]: apic_id 33, version 33, address 0xfec01000, GSI 24-55
[    0.006534] ACPI: INT_SRC_OVR (bus 0 bus_irq 0 global_irq 2 dfl dfl)
[    0.006536] ACPI: INT_SRC_OVR (bus 0 bus_irq 9 global_irq 9 low level)
[    0.006538] ACPI: Using ACPI (MADT) for SMP configuration information
[    0.006538] ACPI: HPET id: 0x10228201 base: 0xfed00000
[    0.006543] e820: update [mem 0x631a7000-0x631ecfff] usable ==> reserved
[    0.006551] CPU topo: Max. logical packages:   1
[    0.006551] CPU topo: Max. logical dies:       1
[    0.006551] CPU topo: Max. dies per package:   1
[    0.006553] CPU topo: Max. threads per core:   2
[    0.006554] CPU topo: Num. cores per package:     8
[    0.006554] CPU topo: Num. threads per package:  16
[    0.006554] CPU topo: Allowing 16 present CPUs plus 0 hotplug CPUs
[    0.006565] PM: hibernation: Registered nosave memory: [mem 0x00000000-0x00000fff]
[    0.006566] PM: hibernation: Registered nosave memory: [mem 0x000a0000-0x000fffff]
[    0.006566] PM: hibernation: Registered nosave memory: [mem 0x09aff000-0x09ffffff]
[    0.006567] PM: hibernation: Registered nosave memory: [mem 0x0a200000-0x0a21dfff]
[    0.006568] PM: hibernation: Registered nosave memory: [mem 0x0b000000-0x0b020fff]
[    0.006568] PM: hibernation: Registered nosave memory: [mem 0x631a7000-0x631ecfff]
[    0.006569] PM: hibernation: Registered nosave memory: [mem 0x65f43000-0x65f43fff]
[    0.006569] PM: hibernation: Registered nosave memory: [mem 0x69c80000-0x781fefff]
[    0.006570] PM: hibernation: Registered nosave memory: [mem 0x79ff7000-0x79ffbfff]
[    0.006570] PM: hibernation: Registered nosave memory: [mem 0x7a000000-0xffffffff]
[    0.006571] [mem 0x80000000-0xfedfffff] available for PCI devices
[    0.006572] Booting paravirtualized kernel on bare hardware
[    0.006573] clocksource: refined-jiffies: mask: 0xffffffff max_cycles: 0xffffffff, max_idle_ns: 1910969940391419 ns
[    0.010397] setup_percpu: NR_CPUS:128 nr_cpumask_bits:16 nr_cpu_ids:16 nr_node_ids:1
[    0.010514] percpu: Embedded 61 pages/cpu s212992 r8192 d28672 u262144
[    0.010517] pcpu-alloc: s212992 r8192 d28672 u262144 alloc=1*2097152
[    0.010519] pcpu-alloc: [0] 00 01 02 03 04 05 06 07 [0] 08 09 10 11 12 13 14 15 
[    0.010527] Kernel command line: audit=0 intel_pstate=disable amd_pstate=disable split_lock_detect=off  BOOT_IMAGE=/boot/vmlinuz-6.19.6-1-liquorix-amd64 root=UUID=1ed57562-ba95-49d6-9b23-9ea590095f40 ro quiet loglevel=3 pcie_aspm=off rd.systemd.show_status=false splash nvidia-drm.modeset=1
[    0.010536] audit: disabled (until reboot)
[    0.010562] PCIe ASPM is disabled
[    0.010573] Unknown kernel command line parameters "splash split_lock_detect=off", will be passed to user space.
[    0.010771] printk: log buffer data + meta data: 131072 + 458752 = 589824 bytes
[    0.011964] Dentry cache hash table entries: 8388608 (order: 14, 67108864 bytes, linear)
[    0.012976] Inode-cache hash table entries: 4194304 (order: 13, 33554432 bytes, linear)
[    0.013032] software IO TLB: area num 16.
[    0.015910] Fallback order for Node 0: 0 
[    0.015912] Built 1 zonelists, mobility grouping on.  Total pages: 24548187
[    0.015912] Policy zone: Normal
[    0.015921] mem auto-init: stack:off, heap alloc:on, heap free:off
[    0.020278] SLUB: HWalign=64, Order=0-3, MinObjects=0, CPUs=16, Nodes=1
[    0.028030] ftrace: allocating 56836 entries in 224 pages
[    0.028031] ftrace: allocated 224 pages with 3 groups
[    0.028054] sched/alt: PDS CPU Scheduler v6.19-r2 by Alfred Chen.
[    0.028091] rcu: Preemptible hierarchical RCU implementation.
[    0.028091] rcu: 	RCU restricting CPUs from NR_CPUS=128 to nr_cpu_ids=16.
[    0.028092] 	Trampoline variant of Tasks RCU enabled.
[    0.028092] 	Rude variant of Tasks RCU enabled.
[    0.028092] 	Tracing variant of Tasks RCU enabled.
[    0.028093] rcu: RCU calculated value of scheduler-enlistment delay is 100 jiffies.
[    0.028093] rcu: Adjusting geometry for rcu_fanout_leaf=16, nr_cpu_ids=16
[    0.028100] RCU Tasks: Setting shift to 4 and lim to 1 rcu_task_cb_adjust=1 rcu_task_cpu_ids=16.
[    0.028101] RCU Tasks Rude: Setting shift to 4 and lim to 1 rcu_task_cb_adjust=1 rcu_task_cpu_ids=16.
[    0.028102] RCU Tasks Trace: Setting shift to 4 and lim to 1 rcu_task_cb_adjust=1 rcu_task_cpu_ids=16.
[    0.030573] NR_IRQS: 8448, nr_irqs: 1096, preallocated irqs: 16
[    0.030744] rcu: 	Offload RCU callbacks from CPUs: 0-15.
[    0.030746] rcu: srcu_init: Setting srcu_struct sizes based on contention.
[    0.030859] Console: colour dummy device 80x25
[    0.030860] printk: legacy console [tty0] enabled
[    0.030880] ACPI: Core revision 20250807
[    0.031005] clocksource: hpet: mask: 0xffffffff max_cycles: 0xffffffff, max_idle_ns: 133484873504 ns
[    0.031016] APIC: Switch to symmetric I/O mode setup
[    0.031182] AMD-Vi: Using global IVHD EFR:0x246577efa2254afa, EFR2:0x0
[    0.031953] ..TIMER: vector=0x30 apic1=0 pin1=2 apic2=-1 pin2=-1
[    0.036020] clocksource: tsc-early: mask: 0xffffffffffffffff max_cycles: 0x43bf61f1c0b, max_idle_ns: 440795249625 ns
[    0.036023] Calibrating delay loop (skipped), value calculated using timer frequency.. 9399.97 BogoMIPS (lpj=4699989)
[    0.036036] RDSEED32 is broken. Disabling the corresponding CPUID bit.
[    0.036041] x86/cpu: User Mode Instruction Prevention (UMIP) activated
[    0.036077] LVT offset 1 assigned for vector 0xf9
[    0.036077] LVT offset 2 assigned for vector 0xf4
[    0.036344] Last level iTLB entries: 4KB 64, 2MB 64, 4MB 32
[    0.036344] Last level dTLB entries: 4KB 128, 2MB 128, 4MB 64, 1GB 0
[    0.036347] process: using mwait in idle threads
[    0.036348] mitigations: Enabled attack vectors: user_kernel, user_user, guest_host, guest_guest, SMT mitigations: auto
[    0.036350] Speculative Store Bypass: Mitigation: Speculative Store Bypass disabled via prctl
[    0.036351] Spectre V2 : Mitigation: Enhanced / Automatic IBRS
[    0.036352] Spectre V2 : User space: Mitigation: STIBP always-on protection
[    0.036352] Speculative Return Stack Overflow: Mitigation: IBPB on VMEXIT only
[    0.036352] VMSCAPE: Mitigation: IBPB on VMEXIT
[    0.036353] Spectre V1 : Mitigation: usercopy/swapgs barriers and __user pointer sanitization
[    0.036354] Spectre V2 : mitigation: Enabling conditional Indirect Branch Prediction Barrier
[    0.036360] x86/fpu: Supporting XSAVE feature 0x001: 'x87 floating point registers'
[    0.036361] x86/fpu: Supporting XSAVE feature 0x002: 'SSE registers'
[    0.036361] x86/fpu: Supporting XSAVE feature 0x004: 'AVX registers'
[    0.036362] x86/fpu: Supporting XSAVE feature 0x020: 'AVX-512 opmask'
[    0.036362] x86/fpu: Supporting XSAVE feature 0x040: 'AVX-512 Hi256'
[    0.036363] x86/fpu: Supporting XSAVE feature 0x080: 'AVX-512 ZMM_Hi256'
[    0.036363] x86/fpu: Supporting XSAVE feature 0x200: 'Protection Keys User registers'
[    0.036364] x86/fpu: Supporting XSAVE feature 0x800: 'Control-flow User registers'
[    0.036364] x86/fpu: Supporting XSAVE feature 0x1000: 'Control-flow Kernel registers (KVM only)'
[    0.036365] x86/fpu: xstate_offset[2]:  576, xstate_sizes[2]:  256
[    0.036365] x86/fpu: xstate_offset[5]:  832, xstate_sizes[5]:   64
[    0.036366] x86/fpu: xstate_offset[6]:  896, xstate_sizes[6]:  512
[    0.036366] x86/fpu: xstate_offset[7]: 1408, xstate_sizes[7]: 1024
[    0.036367] x86/fpu: xstate_offset[9]: 2432, xstate_sizes[9]:    8
[    0.036367] x86/fpu: xstate_offset[11]: 2440, xstate_sizes[11]:   16
[    0.036368] x86/fpu: xstate_offset[12]: 2456, xstate_sizes[12]:   24
[    0.036368] x86/fpu: Enabled xstate features 0x1ae7, context size is 2480 bytes, using 'compacted' format.
[    0.053946] Freeing SMP alternatives memory: 68K
[    0.053948] pid_max: default: 32768 minimum: 301
[    0.053978] Yama: becoming mindful.
[    0.054091] LSM support for eBPF active
[    0.054130] Mount-cache hash table entries: 131072 (order: 8, 1048576 bytes, linear)
[    0.054167] Mountpoint-cache hash table entries: 131072 (order: 8, 1048576 bytes, linear)
[    0.158007] smpboot: CPU0: AMD Ryzen 7 9800X3D 8-Core Processor (family: 0x1a, model: 0x44, stepping: 0x0)
[    0.158021] Performance Events: Fam17h+ 16-deep LBR, core perfctr, AMD PMU driver.
[    0.158021] ... version:                   2
[    0.158021] ... bit width:                 48
[    0.158021] ... generic counters:          6
[    0.158021] ... generic bitmap:            000000000000003f
[    0.158021] ... fixed-purpose counters:    0
[    0.158021] ... fixed-purpose bitmap:      0000000000000000
[    0.158021] ... value mask:                0000ffffffffffff
[    0.158021] ... max period:                00007fffffffffff
[    0.158021] ... global_ctrl mask:          000000000000003f
[    0.158021] signal: max sigframe size: 3376
[    0.158021] rcu: Hierarchical SRCU implementation.
[    0.158021] rcu: 	Max phase no-delay instances is 400.
[    0.158021] Timer migration: 2 hierarchy levels; 8 children per group; 2 crossnode level
[    0.158021] smp: Bringing up secondary CPUs ...
[    0.158021] smpboot: x86: Booting SMP configuration:
[    0.158021] .... node  #0, CPUs:        #1  #2  #3  #4  #5  #6  #7  #8  #9 #10 #11 #12 #13 #14 #15
[    0.160079] Spectre V2 : Update user space SMT mitigation: STIBP always-on
[    0.160079] smp: Brought up 1 node, 16 CPUs
[    0.160079] smpboot: Total of 16 processors activated (150399.64 BogoMIPS)
[    0.161029] sched: smt mask: 0x0000ffff
[    0.161048] sched: idle select func -> p1_idle_select_func
[    0.161049] sched: cpu#00 topo: 0x00000101 - smt
[    0.161050] sched: cpu#00 topo: 0x0000ffff - coregroup
[    0.161051] sched: cpu#00 llc_id = 0, llc_mask idx = 1
[    0.161052] sched: cpu#01 topo: 0x00000202 - smt
[    0.161052] sched: cpu#01 topo: 0x0000ffff - coregroup
[    0.161052] sched: cpu#01 llc_id = 0, llc_mask idx = 1
[    0.161052] sched: cpu#02 topo: 0x00000404 - smt
[    0.161053] sched: cpu#02 topo: 0x0000ffff - coregroup
[    0.161053] sched: cpu#02 llc_id = 0, llc_mask idx = 1
[    0.161053] sched: cpu#03 topo: 0x00000808 - smt
[    0.161054] sched: cpu#03 topo: 0x0000ffff - coregroup
[    0.161054] sched: cpu#03 llc_id = 0, llc_mask idx = 1
[    0.161054] sched: cpu#04 topo: 0x00001010 - smt
[    0.161054] sched: cpu#04 topo: 0x0000ffff - coregroup
[    0.161054] sched: cpu#04 llc_id = 0, llc_mask idx = 1
[    0.161055] sched: cpu#05 topo: 0x00002020 - smt
[    0.161055] sched: cpu#05 topo: 0x0000ffff - coregroup
[    0.161055] sched: cpu#05 llc_id = 0, llc_mask idx = 1
[    0.161055] sched: cpu#06 topo: 0x00004040 - smt
[    0.161056] sched: cpu#06 topo: 0x0000ffff - coregroup
[    0.161056] sched: cpu#06 llc_id = 0, llc_mask idx = 1
[    0.161056] sched: cpu#07 topo: 0x00008080 - smt
[    0.161056] sched: cpu#07 topo: 0x0000ffff - coregroup
[    0.161056] sched: cpu#07 llc_id = 0, llc_mask idx = 1
[    0.161057] sched: cpu#08 topo: 0x00000101 - smt
[    0.161057] sched: cpu#08 topo: 0x0000ffff - coregroup
[    0.161057] sched: cpu#08 llc_id = 0, llc_mask idx = 1
[    0.161057] sched: cpu#09 topo: 0x00000202 - smt
[    0.161057] sched: cpu#09 topo: 0x0000ffff - coregroup
[    0.161057] sched: cpu#09 llc_id = 0, llc_mask idx = 1
[    0.161058] sched: cpu#10 topo: 0x00000404 - smt
[    0.161058] sched: cpu#10 topo: 0x0000ffff - coregroup
[    0.161058] sched: cpu#10 llc_id = 0, llc_mask idx = 1
[    0.161058] sched: cpu#11 topo: 0x00000808 - smt
[    0.161059] sched: cpu#11 topo: 0x0000ffff - coregroup
[    0.161059] sched: cpu#11 llc_id = 0, llc_mask idx = 1
[    0.161059] sched: cpu#12 topo: 0x00001010 - smt
[    0.161059] sched: cpu#12 topo: 0x0000ffff - coregroup
[    0.161059] sched: cpu#12 llc_id = 0, llc_mask idx = 1
[    0.161060] sched: cpu#13 topo: 0x00002020 - smt
[    0.161060] sched: cpu#13 topo: 0x0000ffff - coregroup
[    0.161060] sched: cpu#13 llc_id = 0, llc_mask idx = 1
[    0.161060] sched: cpu#14 topo: 0x00004040 - smt
[    0.161060] sched: cpu#14 topo: 0x0000ffff - coregroup
[    0.161061] sched: cpu#14 llc_id = 0, llc_mask idx = 1
[    0.161061] sched: cpu#15 topo: 0x00008080 - smt
[    0.161061] sched: cpu#15 topo: 0x0000ffff - coregroup
[    0.161061] sched: cpu#15 llc_id = 0, llc_mask idx = 1
[    0.214739] node 0 deferred pages initialised in 53ms
[    0.214739] Memory: 96088848K/98192748K available (22705K kernel code, 2832K rwdata, 14640K rodata, 4080K init, 2876K bss, 2087040K reserved, 0K cma-reserved)
[    0.215044] devtmpfs: initialized
[    0.215260] ACPI: PM: Registering ACPI NVS region [mem 0x0a200000-0x0a21dfff] (122880 bytes)
[    0.215260] ACPI: PM: Registering ACPI NVS region [mem 0x70642000-0x72641fff] (33554432 bytes)
[    0.215260] clocksource: jiffies: mask: 0xffffffff max_cycles: 0xffffffff, max_idle_ns: 1911260446275000 ns
[    0.215260] posixtimers hash table entries: 8192 (order: 5, 131072 bytes, linear)
[    0.215260] futex hash table entries: 4096 (262144 bytes on 1 NUMA nodes, total 256 KiB, linear).
[    0.215333] NET: Registered PF_NETLINK/PF_ROUTE protocol family
[    0.215529] DMA: preallocated 4096 KiB GFP_KERNEL pool for atomic allocations
[    0.216084] DMA: preallocated 4096 KiB GFP_KERNEL|GFP_DMA pool for atomic allocations
[    0.216255] DMA: preallocated 4096 KiB GFP_KERNEL|GFP_DMA32 pool for atomic allocations
[    0.216303] thermal_sys: Registered thermal governor 'fair_share'
[    0.216304] thermal_sys: Registered thermal governor 'bang_bang'
[    0.216305] thermal_sys: Registered thermal governor 'step_wise'
[    0.216305] thermal_sys: Registered thermal governor 'user_space'
[    0.216309] cpuidle: using governor ladder
[    0.216309] cpuidle: using governor menu
[    0.216309] acpiphp: ACPI Hot Plug PCI Controller Driver version: 0.5
[    0.216309] PCI: ECAM [mem 0xe0000000-0xefffffff] (base 0xe0000000) for domain 0000 [bus 00-ff]
[    0.216309] PCI: Using configuration type 1 for base access
[    0.216309] kprobes: kprobe jump-optimization is enabled. All kprobes are optimized if possible.
[    0.217030] HugeTLB: registered 1.00 GiB page size, pre-allocated 0 pages
[    0.217030] HugeTLB: 16380 KiB vmemmap can be freed for a 1.00 GiB page
[    0.217031] HugeTLB: registered 2.00 MiB page size, pre-allocated 0 pages
[    0.217031] HugeTLB: 28 KiB vmemmap can be freed for a 2.00 MiB page
[    0.217414] raid6: skipped pq benchmark and selected avx512x4
[    0.217415] raid6: using avx512x2 recovery algorithm
[    0.217448] ACPI: Added _OSI(Module Device)
[    0.217448] ACPI: Added _OSI(Processor Device)
[    0.217448] ACPI: Added _OSI(Processor Aggregator Device)
[    0.221266] ACPI: 17 ACPI AML tables successfully acquired and loaded
[    0.235875] ACPI: USB4 _OSC: OS supports USB3+ DisplayPort+ PCIe+ XDomain+
[    0.235876] ACPI: USB4 _OSC: OS controls USB3+ DisplayPort+ PCIe+ XDomain+
[    0.236077] ACPI: EC: EC started
[    0.236077] ACPI: EC: interrupt blocked
[    0.236210] ACPI: EC: EC_CMD/EC_SC=0x66, EC_DATA=0x62
[    0.236212] ACPI: \_SB_.PCI0.SBRG.EC0_: Boot DSDT EC used to handle transactions
[    0.236212] ACPI: Interpreter enabled
[    0.236221] ACPI: PM: (supports S0 S3 S4 S5)
[    0.236221] ACPI: Using IOAPIC for interrupt routing
[    0.255647] PCI: Using host bridge windows from ACPI; if necessary, use "pci=nocrs" and report a bug
[    0.255647] PCI: Ignoring E820 reservations for host bridge windows
[    0.255761] ACPI: Enabled 9 GPEs in block 00 to 1F
[    0.256700] ACPI: \_SB_.PCI0.GPP0.M237: New power resource
[    0.257955] ACPI: \_SB_.PCI0.GPP8.PWRS: New power resource
[    0.260218] ACPI: \_SB_.PCI0.GPP8.U4UP.PWRS: New power resource
[    0.263755] ACPI: \_SB_.PCI0.GPP8.U4UP.U4P0.PWRS: New power resource
[    0.267253] ACPI: \_SB_.PCI0.GPP8.U4UP.U4P0.UP0D.PWRS: New power resource
[    0.267439] ACPI: \_SB_.PCI0.GPP8.U4UP.U4P1.PWRS: New power resource
[    0.270929] ACPI: \_SB_.PCI0.GPP8.U4UP.U4P1.UP1D.PWRS: New power resource
[    0.271061] ACPI: \_SB_.PCI0.GPP8.U4UP.U4P2.PWRS: New power resource
[    0.274514] ACPI: \_SB_.PCI0.GPP8.U4UP.U4P2.UXHC.PWRS: New power resource
[    0.278186] ACPI: \_SB_.PCI0.GPP8.U4UP.U4P3.PWRS: New power resource
[    0.281638] ACPI: \_SB_.PCI0.GPP8.U4UP.U4P3.UHI0.PWRS: New power resource
[    0.286316] ACPI: PCI Root Bridge [PCI0] (domain 0000 [bus 00-ff])
[    0.286320] acpi PNP0A08:00: _OSC: OS supports [ExtendedConfig Segments MSI EDR HPX-Type3]
[    0.286320] acpi PNP0A08:00: _OSC: not requesting OS control; OS requires [ExtendedConfig ASPM ClockPM MSI]
[    0.286543] PCI host bridge to bus 0000:00
[    0.286544] pci_bus 0000:00: root bus resource [io  0x0000-0x03af window]
[    0.286545] pci_bus 0000:00: root bus resource [io  0x03e0-0x0cf7 window]
[    0.286545] pci_bus 0000:00: root bus resource [io  0x03b0-0x03df window]
[    0.286546] pci_bus 0000:00: root bus resource [io  0x0d00-0xffff window]
[    0.286547] pci_bus 0000:00: root bus resource [mem 0x000a0000-0x000dffff window]
[    0.286547] pci_bus 0000:00: root bus resource [mem 0x80000000-0xdfffffff window]
[    0.286547] pci_bus 0000:00: root bus resource [mem 0x1880000000-0xffffffffff window]
[    0.286548] pci_bus 0000:00: root bus resource [bus 00-ff]
[    0.286559] pci 0000:00:00.0: [1022:14d8] type 00 class 0x060000 conventional PCI endpoint
[    0.286624] pci 0000:00:00.2: [1022:14d9] type 00 class 0x080600 conventional PCI endpoint
[    0.286674] pci 0000:00:01.0: [1022:14da] type 00 class 0x060000 conventional PCI endpoint
[    0.286715] pci 0000:00:01.1: [1022:14db] type 01 class 0x060400 PCIe Root Port
[    0.286726] pci 0000:00:01.1: PCI bridge to [bus 01]
[    0.286729] pci 0000:00:01.1:   bridge window [io  0xf000-0xffff]
[    0.286730] pci 0000:00:01.1:   bridge window [mem 0xdd000000-0xde0fffff]
[    0.286735] pci 0000:00:01.1:   bridge window [mem 0xf000000000-0xf801ffffff 64bit pref]
[    0.286784] pci 0000:00:01.1: PME# supported from D0 D3hot D3cold
[    0.286933] pci 0000:00:01.2: [1022:14db] type 01 class 0x060400 PCIe Root Port
[    0.286944] pci 0000:00:01.2: PCI bridge to [bus 02]
[    0.286947] pci 0000:00:01.2:   bridge window [mem 0xdf700000-0xdf7fffff]
[    0.286956] pci 0000:00:01.2: enabling Extended Tags
[    0.286999] pci 0000:00:01.2: PME# supported from D0 D3hot D3cold
[    0.287079] pci 0000:00:02.0: [1022:14da] type 00 class 0x060000 conventional PCI endpoint
[    0.287120] pci 0000:00:02.1: [1022:14db] type 01 class 0x060400 PCIe Root Port
[    0.287130] pci 0000:00:02.1: PCI bridge to [bus 03-11]
[    0.287133] pci 0000:00:02.1:   bridge window [io  0xe000-0xefff]
[    0.287134] pci 0000:00:02.1:   bridge window [mem 0xde200000-0xdeffffff]
[    0.287143] pci 0000:00:02.1: enabling Extended Tags
[    0.287186] pci 0000:00:02.1: PME# supported from D0 D3hot D3cold
[    0.287304] pci 0000:00:02.2: [1022:14db] type 01 class 0x060400 PCIe Root Port
[    0.287315] pci 0000:00:02.2: PCI bridge to [bus 12-79]
[    0.287317] pci 0000:00:02.2:   bridge window [io  0x7000-0xcfff]
[    0.287319] pci 0000:00:02.2:   bridge window [mem 0xac000000-0xdc7fffff]
[    0.287323] pci 0000:00:02.2:   bridge window [mem 0xb000000000-0xefffffffff 64bit pref]
[    0.287369] pci 0000:00:02.2: PME# supported from D0 D3hot D3cold
[    0.288491] pci 0000:00:03.0: [1022:14da] type 00 class 0x060000 conventional PCI endpoint
[    0.288535] pci 0000:00:04.0: [1022:14da] type 00 class 0x060000 conventional PCI endpoint
[    0.288582] pci 0000:00:08.0: [1022:14da] type 00 class 0x060000 conventional PCI endpoint
[    0.288623] pci 0000:00:08.1: [1022:14dd] type 01 class 0x060400 PCIe Root Port
[    0.288631] pci 0000:00:08.1: PCI bridge to [bus 7a]
[    0.288633] pci 0000:00:08.1:   bridge window [io  0xd000-0xdfff]
[    0.288634] pci 0000:00:08.1:   bridge window [mem 0xdf000000-0xdf5fffff]
[    0.288638] pci 0000:00:08.1:   bridge window [mem 0xf810000000-0xf81fffffff 64bit pref]
[    0.288641] pci 0000:00:08.1: enabling Extended Tags
[    0.288664] pci 0000:00:08.1: PME# supported from D0 D3hot D3cold
[    0.288724] pci 0000:00:08.3: [1022:14dd] type 01 class 0x060400 PCIe Root Port
[    0.288732] pci 0000:00:08.3: PCI bridge to [bus 7b]
[    0.288735] pci 0000:00:08.3:   bridge window [mem 0xdf600000-0xdf6fffff]
[    0.288741] pci 0000:00:08.3: enabling Extended Tags
[    0.288764] pci 0000:00:08.3: PME# supported from D0 D3hot D3cold
[    0.288826] pci 0000:00:14.0: [1022:790b] type 00 class 0x0c0500 conventional PCI endpoint
[    0.288885] pci 0000:00:14.3: [1022:790e] type 00 class 0x060100 conventional PCI endpoint
[    0.288953] pci 0000:00:18.0: [1022:14e0] type 00 class 0x060000 conventional PCI endpoint
[    0.288972] pci 0000:00:18.1: [1022:14e1] type 00 class 0x060000 conventional PCI endpoint
[    0.288990] pci 0000:00:18.2: [1022:14e2] type 00 class 0x060000 conventional PCI endpoint
[    0.289008] pci 0000:00:18.3: [1022:14e3] type 00 class 0x060000 conventional PCI endpoint
[    0.289026] pci 0000:00:18.4: [1022:14e4] type 00 class 0x060000 conventional PCI endpoint
[    0.289045] pci 0000:00:18.5: [1022:14e5] type 00 class 0x060000 conventional PCI endpoint
[    0.289063] pci 0000:00:18.6: [1022:14e6] type 00 class 0x060000 conventional PCI endpoint
[    0.289080] pci 0000:00:18.7: [1022:14e7] type 00 class 0x060000 conventional PCI endpoint
[    0.289143] pci 0000:01:00.0: [10de:2684] type 00 class 0x030000 PCIe Legacy Endpoint
[    0.289160] pci 0000:01:00.0: BAR 0 [mem 0xdd000000-0xddffffff]
[    0.289161] pci 0000:01:00.0: BAR 1 [mem 0xf000000000-0xf7ffffffff 64bit pref]
[    0.289163] pci 0000:01:00.0: BAR 3 [mem 0xf800000000-0xf801ffffff 64bit pref]
[    0.289164] pci 0000:01:00.0: BAR 5 [io  0xf000-0xf07f]
[    0.289164] pci 0000:01:00.0: ROM [mem 0xde000000-0xde07ffff pref]
[    0.289201] pci 0000:01:00.0: PME# supported from D0 D3hot
[    0.289314] pci 0000:01:00.1: [10de:22ba] type 00 class 0x040300 PCIe Endpoint
[    0.289330] pci 0000:01:00.1: BAR 0 [mem 0xde080000-0xde083fff]
[    0.289397] pci 0000:00:01.1: PCI bridge to [bus 01]
[    0.289586] pci 0000:02:00.0: [15b7:5049] type 00 class 0x010802 PCIe Endpoint
[    0.289608] pci 0000:02:00.0: BAR 0 [mem 0xdf700000-0xdf703fff 64bit]
[    0.289729] pci 0000:00:01.2: PCI bridge to [bus 02]
[    0.289780] pci 0000:03:00.0: [1022:43f4] type 01 class 0x060400 PCIe Switch Upstream Port
[    0.289795] pci 0000:03:00.0: PCI bridge to [bus 04-11]
[    0.289799] pci 0000:03:00.0:   bridge window [io  0xe000-0xefff]
[    0.289801] pci 0000:03:00.0:   bridge window [mem 0xde200000-0xdeffffff]
[    0.289813] pci 0000:03:00.0: enabling Extended Tags
[    0.289856] pci 0000:03:00.0: PME# supported from D0 D3hot D3cold
[    0.289995] pci 0000:00:02.1: PCI bridge to [bus 03-11]
[    0.290048] pci 0000:04:00.0: [1022:43f5] type 01 class 0x060400 PCIe Switch Downstream Port
[    0.290063] pci 0000:04:00.0: PCI bridge to [bus 05]
[    0.290081] pci 0000:04:00.0: enabling Extended Tags
[    0.290124] pci 0000:04:00.0: PME# supported from D0 D3hot D3cold
[    0.290223] pci 0000:04:08.0: [1022:43f5] type 01 class 0x060400 PCIe Switch Downstream Port
[    0.290238] pci 0000:04:08.0: PCI bridge to [bus 06-0f]
[    0.290242] pci 0000:04:08.0:   bridge window [io  0xe000-0xefff]
[    0.290243] pci 0000:04:08.0:   bridge window [mem 0xde200000-0xdecfffff]
[    0.290257] pci 0000:04:08.0: enabling Extended Tags
[    0.290300] pci 0000:04:08.0: PME# supported from D0 D3hot D3cold
[    0.290416] pci 0000:04:0c.0: [1022:43f5] type 01 class 0x060400 PCIe Switch Downstream Port
[    0.290431] pci 0000:04:0c.0: PCI bridge to [bus 10]
[    0.290435] pci 0000:04:0c.0:   bridge window [mem 0xdef00000-0xdeffffff]
[    0.290448] pci 0000:04:0c.0: enabling Extended Tags
[    0.290477] pci 0000:04:0c.0: PME# supported from D0 D3hot D3cold
[    0.290540] pci 0000:04:0d.0: [1022:43f5] type 01 class 0x060400 PCIe Switch Downstream Port
[    0.290556] pci 0000:04:0d.0: PCI bridge to [bus 11]
[    0.290559] pci 0000:04:0d.0:   bridge window [mem 0xdee00000-0xdeefffff]
[    0.290572] pci 0000:04:0d.0: enabling Extended Tags
[    0.290601] pci 0000:04:0d.0: PME# supported from D0 D3hot D3cold
[    0.290655] pci 0000:03:00.0: PCI bridge to [bus 04-11]
[    0.290682] pci 0000:04:00.0: PCI bridge to [bus 05]
[    0.290725] pci 0000:06:00.0: [1022:43f4] type 01 class 0x060400 PCIe Switch Upstream Port
[    0.290750] pci 0000:06:00.0: PCI bridge to [bus 07-0f]
[    0.290755] pci 0000:06:00.0:   bridge window [io  0xe000-0xefff]
[    0.290758] pci 0000:06:00.0:   bridge window [mem 0xde200000-0xdecfffff]
[    0.290779] pci 0000:06:00.0: enabling Extended Tags
[    0.290849] pci 0000:06:00.0: PME# supported from D0 D3hot D3cold
[    0.291007] pci 0000:04:08.0: PCI bridge to [bus 06-0f]
[    0.291082] pci 0000:07:00.0: [1022:43f5] type 01 class 0x060400 PCIe Switch Downstream Port
[    0.291107] pci 0000:07:00.0: PCI bridge to [bus 08]
[    0.291114] pci 0000:07:00.0:   bridge window [mem 0xdec00000-0xdecfffff]
[    0.291136] pci 0000:07:00.0: enabling Extended Tags
[    0.291207] pci 0000:07:00.0: PME# supported from D0 D3hot D3cold
[    0.291350] pci 0000:07:04.0: [1022:43f5] type 01 class 0x060400 PCIe Switch Downstream Port
[    0.291375] pci 0000:07:04.0: PCI bridge to [bus 09]
[    0.291383] pci 0000:07:04.0:   bridge window [mem 0xde200000-0xde4fffff]
[    0.291405] pci 0000:07:04.0: enabling Extended Tags
[    0.291476] pci 0000:07:04.0: PME# supported from D0 D3hot D3cold
[    0.291615] pci 0000:07:05.0: [1022:43f5] type 01 class 0x060400 PCIe Switch Downstream Port
[    0.291640] pci 0000:07:05.0: PCI bridge to [bus 0a]
[    0.291669] pci 0000:07:05.0: enabling Extended Tags
[    0.291740] pci 0000:07:05.0: PME# supported from D0 D3hot D3cold
[    0.291879] pci 0000:07:06.0: [1022:43f5] type 01 class 0x060400 PCIe Switch Downstream Port
[    0.291904] pci 0000:07:06.0: PCI bridge to [bus 0b]
[    0.291911] pci 0000:07:06.0:   bridge window [mem 0xde600000-0xde7fffff]
[    0.291933] pci 0000:07:06.0: enabling Extended Tags
[    0.292004] pci 0000:07:06.0: PME# supported from D0 D3hot D3cold
[    0.292145] pci 0000:07:07.0: [1022:43f5] type 01 class 0x060400 PCIe Switch Downstream Port
[    0.292169] pci 0000:07:07.0: PCI bridge to [bus 0c]
[    0.292175] pci 0000:07:07.0:   bridge window [io  0xe000-0xefff]
[    0.292177] pci 0000:07:07.0:   bridge window [mem 0xdeb00000-0xdebfffff]
[    0.292199] pci 0000:07:07.0: enabling Extended Tags
[    0.292270] pci 0000:07:07.0: PME# supported from D0 D3hot D3cold
[    0.292410] pci 0000:07:08.0: [1022:43f5] type 01 class 0x060400 PCIe Switch Downstream Port
[    0.292435] pci 0000:07:08.0: PCI bridge to [bus 0d]
[    0.292442] pci 0000:07:08.0:   bridge window [mem 0xdea00000-0xdeafffff]
[    0.292464] pci 0000:07:08.0: enabling Extended Tags
[    0.292535] pci 0000:07:08.0: PME# supported from D0 D3hot D3cold
[    0.292679] pci 0000:07:0c.0: [1022:43f5] type 01 class 0x060400 PCIe Switch Downstream Port
[    0.292704] pci 0000:07:0c.0: PCI bridge to [bus 0e]
[    0.292709] pci 0000:07:0c.0:   bridge window [mem 0xde900000-0xde9fffff]
[    0.292730] pci 0000:07:0c.0: enabling Extended Tags
[    0.292777] pci 0000:07:0c.0: PME# supported from D0 D3hot D3cold
[    0.292862] pci 0000:07:0d.0: [1022:43f5] type 01 class 0x060400 PCIe Switch Downstream Port
[    0.292887] pci 0000:07:0d.0: PCI bridge to [bus 0f]
[    0.292892] pci 0000:07:0d.0:   bridge window [mem 0xde800000-0xde8fffff]
[    0.292913] pci 0000:07:0d.0: enabling Extended Tags
[    0.292960] pci 0000:07:0d.0: PME# supported from D0 D3hot D3cold
[    0.293039] pci 0000:06:00.0: PCI bridge to [bus 07-0f]
[    0.293141] pci 0000:08:00.0: [144d:a80c] type 00 class 0x010802 PCIe Endpoint
[    0.293197] pci 0000:08:00.0: BAR 0 [mem 0xdec00000-0xdec03fff 64bit]
[    0.293213] pci 0000:08:00.0: enabling Extended Tags
[    0.293513] pci 0000:07:00.0: PCI bridge to [bus 08]
[    0.293577] pci 0000:09:00.0: [14c3:7927] type 00 class 0x028000 PCIe Endpoint
[    0.293638] pci 0000:09:00.0: BAR 0 [mem 0xde200000-0xde3fffff 64bit]
[    0.293642] pci 0000:09:00.0: BAR 2 [mem 0xde400000-0xde407fff 64bit]
[    0.293656] pci 0000:09:00.0: enabling Extended Tags
[    0.293756] pci 0000:09:00.0: PME# supported from D0 D3hot D3cold
[    0.293932] pci 0000:07:04.0: PCI bridge to [bus 09]
[    0.293974] pci 0000:07:05.0: PCI bridge to [bus 0a]
[    0.294059] pci 0000:0b:00.0: [8086:125c] type 00 class 0x020000 PCIe Endpoint
[    0.294123] pci 0000:0b:00.0: BAR 0 [mem 0xde600000-0xde6fffff]
[    0.294129] pci 0000:0b:00.0: BAR 3 [mem 0xde700000-0xde703fff]
[    0.294256] pci 0000:0b:00.0: PME# supported from D0 D3hot D3cold
[    0.294439] pci 0000:07:06.0: PCI bridge to [bus 0b]
[    0.294509] pci 0000:0c:00.0: [10ec:8126] type 00 class 0x020000 PCIe Endpoint
[    0.294577] pci 0000:0c:00.0: BAR 0 [io  0xe000-0xe0ff]
[    0.294583] pci 0000:0c:00.0: BAR 2 [mem 0xdeb00000-0xdeb0ffff 64bit]
[    0.294587] pci 0000:0c:00.0: BAR 4 [mem 0xdeb10000-0xdeb13fff 64bit]
[    0.294746] pci 0000:0c:00.0: supports D1 D2
[    0.294747] pci 0000:0c:00.0: PME# supported from D0 D1 D2 D3hot D3cold
[    0.295027] pci 0000:07:07.0: PCI bridge to [bus 0c]
[    0.295131] pci 0000:0d:00.0: [15b7:5049] type 00 class 0x010802 PCIe Endpoint
[    0.295182] pci 0000:0d:00.0: BAR 0 [mem 0xdea00000-0xdea03fff 64bit]
[    0.295461] pci 0000:07:08.0: PCI bridge to [bus 0d]
[    0.295519] pci 0000:0e:00.0: [1022:43fd] type 00 class 0x0c0330 PCIe Legacy Endpoint
[    0.295558] pci 0000:0e:00.0: BAR 0 [mem 0xde900000-0xde907fff 64bit]
[    0.295569] pci 0000:0e:00.0: enabling Extended Tags
[    0.295623] pci 0000:0e:00.0: PME# supported from D0 D3hot D3cold
[    0.295697] pci 0000:07:0c.0: PCI bridge to [bus 0e]
[    0.295758] pci 0000:0f:00.0: [1022:43f6] type 00 class 0x010601 PCIe Legacy Endpoint
[    0.295801] pci 0000:0f:00.0: BAR 5 [mem 0xde880000-0xde8803ff]
[    0.295802] pci 0000:0f:00.0: ROM [mem 0xde800000-0xde87ffff pref]
[    0.295808] pci 0000:0f:00.0: enabling Extended Tags
[    0.295853] pci 0000:0f:00.0: PME# supported from D0 D3hot D3cold
[    0.295903] pci 0000:07:0d.0: PCI bridge to [bus 0f]
[    0.295991] pci 0000:10:00.0: [1022:43fd] type 00 class 0x0c0330 PCIe Legacy Endpoint
[    0.296014] pci 0000:10:00.0: BAR 0 [mem 0xdef00000-0xdef07fff 64bit]
[    0.296022] pci 0000:10:00.0: enabling Extended Tags
[    0.296056] pci 0000:10:00.0: PME# supported from D0 D3hot D3cold
[    0.296111] pci 0000:04:0c.0: PCI bridge to [bus 10]
[    0.296146] pci 0000:11:00.0: [1022:43f6] type 00 class 0x010601 PCIe Legacy Endpoint
[    0.296173] pci 0000:11:00.0: BAR 5 [mem 0xdee80000-0xdee803ff]
[    0.296174] pci 0000:11:00.0: ROM [mem 0xdee00000-0xdee7ffff pref]
[    0.296178] pci 0000:11:00.0: enabling Extended Tags
[    0.296205] pci 0000:11:00.0: PME# supported from D0 D3hot D3cold
[    0.296240] pci 0000:04:0d.0: PCI bridge to [bus 11]
[    0.296312] pci 0000:12:00.0: [1b21:2421] type 01 class 0x060400 PCIe Switch Upstream Port
[    0.296327] pci 0000:12:00.0: PCI bridge to [bus 13-79]
[    0.296330] pci 0000:12:00.0:   bridge window [io  0x7000-0xcfff]
[    0.296332] pci 0000:12:00.0:   bridge window [mem 0xac000000-0xdc7fffff]
[    0.296338] pci 0000:12:00.0:   bridge window [mem 0xb000000000-0xefffffffff 64bit pref]
[    0.296389] pci 0000:12:00.0: PME# supported from D0 D3hot D3cold
[    0.297538] pci 0000:00:02.2: PCI bridge to [bus 12-79]
[    0.297580] pci 0000:13:00.0: [1b21:2423] type 01 class 0x060400 PCIe Switch Downstream Port
[    0.297595] pci 0000:13:00.0: PCI bridge to [bus 18-47]
[    0.297598] pci 0000:13:00.0:   bridge window [io  0x7000-0x9fff]
[    0.297600] pci 0000:13:00.0:   bridge window [mem 0xac000000-0xc3ffffff]
[    0.297606] pci 0000:13:00.0:   bridge window [mem 0xb000000000-0xcfffffffff 64bit pref]
[    0.297664] pci 0000:13:00.0: PME# supported from D0 D3hot D3cold
[    0.298900] pci 0000:13:01.0: [1b21:2423] type 01 class 0x060400 PCIe Switch Downstream Port
[    0.298915] pci 0000:13:01.0: PCI bridge to [bus 48-77]
[    0.298919] pci 0000:13:01.0:   bridge window [io  0xa000-0xcfff]
[    0.298920] pci 0000:13:01.0:   bridge window [mem 0xc4000000-0xdbffffff]
[    0.298926] pci 0000:13:01.0:   bridge window [mem 0xd000000000-0xefffffffff 64bit pref]
[    0.298984] pci 0000:13:01.0: PME# supported from D0 D3hot D3cold
[    0.300221] pci 0000:13:02.0: [1b21:2423] type 01 class 0x060400 PCIe Switch Downstream Port
[    0.300237] pci 0000:13:02.0: PCI bridge to [bus 78]
[    0.300240] pci 0000:13:02.0:   bridge window [mem 0xdc000000-0xdc3fffff]
[    0.300289] pci 0000:13:02.0: PME# supported from D0 D3hot D3cold
[    0.301382] pci 0000:13:03.0: [1b21:2423] type 01 class 0x060400 PCIe Switch Downstream Port
[    0.301398] pci 0000:13:03.0: PCI bridge to [bus 79]
[    0.301401] pci 0000:13:03.0:   bridge window [mem 0xdc400000-0xdc7fffff]
[    0.301450] pci 0000:13:03.0: PME# supported from D0 D3hot D3cold
[    0.302549] pci 0000:12:00.0: PCI bridge to [bus 13-79]
[    0.302583] pci 0000:13:00.0: PCI bridge to [bus 18-47]
[    0.302618] pci 0000:13:01.0: PCI bridge to [bus 48-77]
[    0.302657] pci 0000:78:00.0: [1b21:2426] type 00 class 0x0c0330 PCIe Legacy Endpoint
[    0.302681] pci 0000:78:00.0: BAR 0 [mem 0xdc000000-0xdc007fff 64bit]
[    0.302723] pci 0000:78:00.0: PME# supported from D0 D3hot D3cold
[    0.303808] pci 0000:13:02.0: PCI bridge to [bus 78]
[    0.303852] pci 0000:79:00.0: [1b21:2425] type 00 class 0x0c0340 PCIe Legacy Endpoint
[    0.303874] pci 0000:79:00.0: BAR 0 [mem 0xdc400000-0xdc43ffff 64bit]
[    0.303876] pci 0000:79:00.0: BAR 2 [mem 0xdc440000-0xdc44ffff 64bit]
[    0.303917] pci 0000:79:00.0: PME# supported from D0 D3hot D3cold
[    0.305055] pci 0000:13:03.0: PCI bridge to [bus 79]
[    0.305121] pci 0000:7a:00.0: [1002:13c0] type 00 class 0x030000 PCIe Legacy Endpoint
[    0.305135] pci 0000:7a:00.0: BAR 0 [mem 0xf810000000-0xf81fffffff 64bit pref]
[    0.305137] pci 0000:7a:00.0: BAR 2 [mem 0xdf000000-0xdf1fffff 64bit pref]
[    0.305137] pci 0000:7a:00.0: BAR 4 [io  0xd000-0xd0ff]
[    0.305138] pci 0000:7a:00.0: BAR 5 [mem 0xdf500000-0xdf57ffff]
[    0.305141] pci 0000:7a:00.0: enabling Extended Tags
[    0.305174] pci 0000:7a:00.0: PME# supported from D1 D2 D3hot D3cold
[    0.305235] pci 0000:7a:00.1: [1002:1640] type 00 class 0x040300 PCIe Legacy Endpoint
[    0.305248] pci 0000:7a:00.1: BAR 0 [mem 0xdf580000-0xdf583fff]
[    0.305253] pci 0000:7a:00.1: enabling Extended Tags
[    0.305273] pci 0000:7a:00.1: PME# supported from D1 D2 D3hot D3cold
[    0.305310] pci 0000:7a:00.2: [1022:1649] type 00 class 0x108000 PCIe Endpoint
[    0.305345] pci 0000:7a:00.2: BAR 2 [mem 0xdf400000-0xdf4fffff]
[    0.305346] pci 0000:7a:00.2: BAR 5 [mem 0xdf584000-0xdf585fff]
[    0.305349] pci 0000:7a:00.2: enabling Extended Tags
[    0.305401] pci 0000:7a:00.3: [1022:15b6] type 00 class 0x0c0330 PCIe Endpoint
[    0.305415] pci 0000:7a:00.3: BAR 0 [mem 0xdf300000-0xdf3fffff 64bit]
[    0.305420] pci 0000:7a:00.3: enabling Extended Tags
[    0.305441] pci 0000:7a:00.3: PME# supported from D0 D3hot D3cold
[    0.305480] pci 0000:7a:00.4: [1022:15b7] type 00 class 0x0c0330 PCIe Endpoint
[    0.305494] pci 0000:7a:00.4: BAR 0 [mem 0xdf200000-0xdf2fffff 64bit]
[    0.305499] pci 0000:7a:00.4: enabling Extended Tags
[    0.305520] pci 0000:7a:00.4: PME# supported from D0 D3hot D3cold
[    0.305553] pci 0000:00:08.1: PCI bridge to [bus 7a]
[    0.305574] pci 0000:7b:00.0: [1022:15b8] type 00 class 0x0c0330 PCIe Endpoint
[    0.305593] pci 0000:7b:00.0: BAR 0 [mem 0xdf600000-0xdf6fffff 64bit]
[    0.305597] pci 0000:7b:00.0: enabling Extended Tags
[    0.305624] pci 0000:7b:00.0: PME# supported from D0 D3hot D3cold
[    0.305669] pci 0000:00:08.3: PCI bridge to [bus 7b]
[    0.317001] ACPI: PCI: Interrupt link LNKA configured for IRQ 0
[    0.317016] ACPI: PCI: Interrupt link LNKB configured for IRQ 0
[    0.317029] ACPI: PCI: Interrupt link LNKC configured for IRQ 0
[    0.317044] ACPI: PCI: Interrupt link LNKD configured for IRQ 0
[    0.317057] ACPI: PCI: Interrupt link LNKE configured for IRQ 0
[    0.317067] ACPI: PCI: Interrupt link LNKF configured for IRQ 0
[    0.317078] ACPI: PCI: Interrupt link LNKG configured for IRQ 0
[    0.317088] ACPI: PCI: Interrupt link LNKH configured for IRQ 0
[    0.317513] ACPI: EC: interrupt unblocked
[    0.317514] ACPI: EC: event unblocked
[    0.317518] ACPI: EC: EC_CMD/EC_SC=0x66, EC_DATA=0x62
[    0.317518] ACPI: EC: GPE=0x4
[    0.317518] ACPI: \_SB_.PCI0.SBRG.EC0_: Boot DSDT EC initialization complete
[    0.317519] ACPI: \_SB_.PCI0.SBRG.EC0_: EC: Used to handle transactions and events
[    0.317554] iommu: Default domain type: Translated
[    0.317555] iommu: DMA domain TLB invalidation policy: lazy mode
[    0.318082] SCSI subsystem initialized
[    0.318085] libata version 3.00 loaded.
[    0.318085] ACPI: bus type USB registered
[    0.318085] usbcore: registered new interface driver usbfs
[    0.318085] usbcore: registered new interface driver hub
[    0.318085] usbcore: registered new device driver usb
[    0.318085] pps_core: LinuxPPS API ver. 1 registered
[    0.318085] pps_core: Software ver. 5.3.6 - Copyright 2005-2007 Rodolfo Giometti <giometti@linux.it>
[    0.318085] PTP clock support registered
[    0.318085] EDAC MC: Ver: 3.0.0
[    0.318389] efivars: Registered efivars operations
[    0.318389] NetLabel: Initializing
[    0.318389] NetLabel:  domain hash size = 128
[    0.318389] NetLabel:  protocols = UNLABELED CIPSOv4 CALIPSO
[    0.318389] NetLabel:  unlabeled traffic allowed by default
[    0.318389] mctp: management component transport protocol core
[    0.318389] NET: Registered PF_MCTP protocol family
[    0.318389] PCI: Using ACPI for IRQ routing
[    0.323421] PCI: pci_cache_line_size set to 64 bytes
[    0.323423] pci 0000:00:02.1: bridge window [mem 0xde200000-0xdeffffff]: can't claim; address conflict with AMDIF031:00 [mem 0xde800000-0xde800fff]
[    0.323426] pci 0000:03:00.0: bridge window [mem 0xde200000-0xdeffffff]: can't claim; no compatible bridge window
[    0.323427] pci 0000:04:08.0: bridge window [mem 0xde200000-0xdecfffff]: can't claim; no compatible bridge window
[    0.323428] pci 0000:06:00.0: bridge window [mem 0xde200000-0xdecfffff]: can't claim; no compatible bridge window
[    0.323430] pci 0000:07:00.0: bridge window [mem 0xdec00000-0xdecfffff]: can't claim; no compatible bridge window
[    0.323431] pci 0000:07:04.0: bridge window [mem 0xde200000-0xde4fffff]: can't claim; no compatible bridge window
[    0.323433] pci 0000:07:06.0: bridge window [mem 0xde600000-0xde7fffff]: can't claim; no compatible bridge window
[    0.323434] pci 0000:07:07.0: bridge window [mem 0xdeb00000-0xdebfffff]: can't claim; no compatible bridge window
[    0.323436] pci 0000:07:08.0: bridge window [mem 0xdea00000-0xdeafffff]: can't claim; no compatible bridge window
[    0.323437] pci 0000:07:0c.0: bridge window [mem 0xde900000-0xde9fffff]: can't claim; no compatible bridge window
[    0.323439] pci 0000:07:0d.0: bridge window [mem 0xde800000-0xde8fffff]: can't claim; no compatible bridge window
[    0.323440] pci 0000:04:0c.0: bridge window [mem 0xdef00000-0xdeffffff]: can't claim; no compatible bridge window
[    0.323441] pci 0000:04:0d.0: bridge window [mem 0xdee00000-0xdeefffff]: can't claim; no compatible bridge window
[    0.323628] pci 0000:08:00.0: BAR 0 [mem 0xdec00000-0xdec03fff 64bit]: can't claim; no compatible bridge window
[    0.323660] pci 0000:0b:00.0: BAR 0 [mem 0xde600000-0xde6fffff]: can't claim; no compatible bridge window
[    0.323660] pci 0000:0b:00.0: BAR 3 [mem 0xde700000-0xde703fff]: can't claim; no compatible bridge window
[    0.323664] pci 0000:0c:00.0: BAR 2 [mem 0xdeb00000-0xdeb0ffff 64bit]: can't claim; no compatible bridge window
[    0.323664] pci 0000:0c:00.0: BAR 4 [mem 0xdeb10000-0xdeb13fff 64bit]: can't claim; no compatible bridge window
[    0.323707] pci 0000:0d:00.0: BAR 0 [mem 0xdea00000-0xdea03fff 64bit]: can't claim; no compatible bridge window
[    0.323709] pci 0000:0e:00.0: BAR 0 [mem 0xde900000-0xde907fff 64bit]: can't claim; no compatible bridge window
[    0.323712] pci 0000:0f:00.0: BAR 5 [mem 0xde880000-0xde8803ff]: can't claim; no compatible bridge window
[    0.323714] pci 0000:10:00.0: BAR 0 [mem 0xdef00000-0xdef07fff 64bit]: can't claim; no compatible bridge window
[    0.323716] pci 0000:11:00.0: BAR 5 [mem 0xdee80000-0xdee803ff]: can't claim; no compatible bridge window
[    0.323746] pci 0000:09:00.0: BAR 0 [mem 0xde200000-0xde3fffff 64bit]: can't claim; no compatible bridge window
[    0.323746] pci 0000:09:00.0: BAR 2 [mem 0xde400000-0xde407fff 64bit]: can't claim; no compatible bridge window
[    0.323777] e820: reserve RAM buffer [mem 0x09aff000-0x0bffffff]
[    0.323778] e820: reserve RAM buffer [mem 0x0a200000-0x0bffffff]
[    0.323778] e820: reserve RAM buffer [mem 0x0b000000-0x0bffffff]
[    0.323779] e820: reserve RAM buffer [mem 0x631a7000-0x63ffffff]
[    0.323779] e820: reserve RAM buffer [mem 0x65f43000-0x67ffffff]
[    0.323779] e820: reserve RAM buffer [mem 0x69c80000-0x6bffffff]
[    0.323780] e820: reserve RAM buffer [mem 0x79ff7000-0x7bffffff]
[    0.323780] e820: reserve RAM buffer [mem 0x7a000000-0x7bffffff]
[    0.323780] e820: reserve RAM buffer [mem 0x17fde80000-0x17ffffffff]
[    0.324031] pci 0000:01:00.0: vgaarb: setting as boot VGA device
[    0.324031] pci 0000:01:00.0: vgaarb: bridge control possible
[    0.324031] pci 0000:01:00.0: vgaarb: VGA device added: decodes=io+mem,owns=none,locks=none
[    0.324036] pci 0000:7a:00.0: vgaarb: bridge control possible
[    0.324036] pci 0000:7a:00.0: vgaarb: VGA device added: decodes=io+mem,owns=none,locks=none
[    0.324037] vgaarb: loaded
[    0.324039] hpet0: at MMIO 0xfed00000, IRQs 2, 8, 0
[    0.324039] hpet0: 3 comparators, 32-bit 14.318180 MHz counter
[    0.326035] clocksource: Switched to clocksource tsc-early
[    0.326338] VFS: Disk quotas dquot_6.6.0
[    0.326342] VFS: Dquot-cache hash table entries: 512 (order 0, 4096 bytes)
[    0.326406] pnp: PnP ACPI init
[    0.326458] system 00:00: [mem 0xe0000000-0xefffffff] has been reserved
[    0.326484] system 00:01: [mem 0x1800000000-0x187fffffff window] has been reserved
[    0.326553] system 00:03: [io  0x0290-0x029f] has been reserved
[    0.326553] system 00:03: [io  0x0200-0x023f] has been reserved
[    0.326614] system 00:04: [io  0x04d0-0x04d1] has been reserved
[    0.326614] system 00:04: [io  0x040b] has been reserved
[    0.326615] system 00:04: [io  0x04d6] has been reserved
[    0.326615] system 00:04: [io  0x0c00-0x0c01] has been reserved
[    0.326615] system 00:04: [io  0x0c14] has been reserved
[    0.326616] system 00:04: [io  0x0c50-0x0c51] has been reserved
[    0.326616] system 00:04: [io  0x0c52] has been reserved
[    0.326617] system 00:04: [io  0x0c6c] has been reserved
[    0.326617] system 00:04: [io  0x0c6f] has been reserved
[    0.326617] system 00:04: [io  0x0cd8-0x0cdf] has been reserved
[    0.326618] system 00:04: [io  0x0800-0x089f] has been reserved
[    0.326618] system 00:04: [io  0x0b00-0x0b0f] has been reserved
[    0.326618] system 00:04: [io  0x0b20-0x0b3f] has been reserved
[    0.326619] system 00:04: [io  0x0900-0x090f] has been reserved
[    0.326619] system 00:04: [io  0x0910-0x091f] has been reserved
[    0.326620] system 00:04: [mem 0xfedc0000-0xfedc0fff] has been reserved
[    0.326620] system 00:04: [mem 0xfee00000-0xfee00fff] has been reserved
[    0.326621] system 00:04: [mem 0xfec10000-0xfec10fff] has been reserved
[    0.326621] system 00:04: [mem 0xfeb00000-0xfeb00fff] has been reserved
[    0.326622] system 00:04: [mem 0xff000000-0xffffffff] has been reserved
[    0.327455] pnp: PnP ACPI: found 5 devices
[    0.332448] clocksource: acpi_pm: mask: 0xffffff max_cycles: 0xffffff, max_idle_ns: 2085701024 ns
[    0.332473] NET: Registered PF_INET protocol family
[    0.332553] IP idents hash table entries: 262144 (order: 9, 2097152 bytes, linear)
[    0.339549] tcp_listen_portaddr_hash hash table entries: 65536 (order: 8, 1048576 bytes, linear)
[    0.339582] Table-perturb hash table entries: 65536 (order: 6, 262144 bytes, linear)
[    0.339731] TCP established hash table entries: 524288 (order: 10, 4194304 bytes, linear)
[    0.339926] TCP bind hash table entries: 65536 (order: 9, 2097152 bytes, linear)
[    0.339968] TCP: Hash tables configured (established 524288 bind 65536)
[    0.340038] MPTCP token hash table entries: 65536 (order: 9, 1572864 bytes, linear)
[    0.340218] UDP hash table entries: 65536 (order: 10, 4194304 bytes, linear)
[    0.340456] UDP-Lite hash table entries: 65536 (order: 10, 4194304 bytes, linear)
[    0.340582] NET: Registered PF_UNIX/PF_LOCAL protocol family
[    0.340585] NET: Registered PF_XDP protocol family
[    0.340588] pci 0000:0f:00.0: ROM [mem 0xde800000-0xde87ffff pref]: can't claim; no compatible bridge window
[    0.340589] pci 0000:11:00.0: ROM [mem 0xdee00000-0xdee7ffff pref]: can't claim; no compatible bridge window
[    0.340602] pci 0000:00:02.1: bridge window [mem 0x80000000-0x80bfffff]: assigned
[    0.340603] pci 0000:00:01.1: PCI bridge to [bus 01]
[    0.340605] pci 0000:00:01.1:   bridge window [io  0xf000-0xffff]
[    0.340607] pci 0000:00:01.1:   bridge window [mem 0xdd000000-0xde0fffff]
[    0.340608] pci 0000:00:01.1:   bridge window [mem 0xf000000000-0xf801ffffff 64bit pref]
[    0.340618] pci 0000:00:01.2: PCI bridge to [bus 02]
[    0.340619] pci 0000:00:01.2:   bridge window [mem 0xdf700000-0xdf7fffff]
[    0.340629] pci 0000:03:00.0: bridge window [mem 0x80000000-0x80bfffff]: assigned
[    0.340630] pci 0000:04:08.0: bridge window [mem 0x80000000-0x809fffff]: assigned
[    0.340631] pci 0000:04:0c.0: bridge window [mem 0x80a00000-0x80afffff]: assigned
[    0.340631] pci 0000:04:0d.0: bridge window [mem 0x80b00000-0x80bfffff]: assigned
[    0.340632] pci 0000:04:00.0: PCI bridge to [bus 05]
[    0.340643] pci 0000:06:00.0: bridge window [mem 0x80000000-0x809fffff]: assigned
[    0.340644] pci 0000:07:04.0: bridge window [mem 0x80000000-0x802fffff]: assigned
[    0.340644] pci 0000:07:00.0: bridge window [mem 0x80300000-0x803fffff]: assigned
[    0.340645] pci 0000:07:06.0: bridge window [mem 0x80400000-0x805fffff]: assigned
[    0.340645] pci 0000:07:07.0: bridge window [mem 0x80600000-0x806fffff]: assigned
[    0.340646] pci 0000:07:08.0: bridge window [mem 0x80700000-0x807fffff]: assigned
[    0.340646] pci 0000:07:0c.0: bridge window [mem 0x80800000-0x808fffff]: assigned
[    0.340646] pci 0000:07:0d.0: bridge window [mem 0x80900000-0x809fffff]: assigned
[    0.340648] pci 0000:08:00.0: BAR 0 [mem 0x80300000-0x80303fff 64bit]: assigned
[    0.340698] pci 0000:07:00.0: PCI bridge to [bus 08]
[    0.340701] pci 0000:07:00.0:   bridge window [mem 0x80300000-0x803fffff]
[    0.340708] pci 0000:09:00.0: BAR 0 [mem 0x80000000-0x801fffff 64bit]: assigned
[    0.340720] pci 0000:09:00.0: BAR 2 [mem 0x80200000-0x80207fff 64bit]: assigned
[    0.340732] pci 0000:07:04.0: PCI bridge to [bus 09]
[    0.340735] pci 0000:07:04.0:   bridge window [mem 0x80000000-0x802fffff]
[    0.340742] pci 0000:07:05.0: PCI bridge to [bus 0a]
[    0.340751] pci 0000:0b:00.0: BAR 0 [mem 0x80400000-0x804fffff]: assigned
[    0.340779] pci 0000:0b:00.0: BAR 3 [mem 0x80500000-0x80503fff]: assigned
[    0.340783] pci 0000:07:06.0: PCI bridge to [bus 0b]
[    0.340786] pci 0000:07:06.0:   bridge window [mem 0x80400000-0x805fffff]
[    0.340793] pci 0000:0c:00.0: BAR 2 [mem 0x80600000-0x8060ffff 64bit]: assigned
[    0.340806] pci 0000:0c:00.0: BAR 4 [mem 0x80610000-0x80613fff 64bit]: assigned
[    0.340819] pci 0000:07:07.0: PCI bridge to [bus 0c]
[    0.340820] pci 0000:07:07.0:   bridge window [io  0xe000-0xefff]
[    0.340824] pci 0000:07:07.0:   bridge window [mem 0x80600000-0x806fffff]
[    0.340830] pci 0000:0d:00.0: BAR 0 [mem 0x80700000-0x80703fff 64bit]: assigned
[    0.340931] pci 0000:07:08.0: PCI bridge to [bus 0d]
[    0.340935] pci 0000:07:08.0:   bridge window [mem 0x80700000-0x807fffff]
[    0.340941] pci 0000:0e:00.0: BAR 0 [mem 0x80800000-0x80807fff 64bit]: assigned
[    0.340948] pci 0000:07:0c.0: PCI bridge to [bus 0e]
[    0.340951] pci 0000:07:0c.0:   bridge window [mem 0x80800000-0x808fffff]
[    0.340958] pci 0000:0f:00.0: ROM [mem 0x80900000-0x8097ffff pref]: assigned
[    0.340958] pci 0000:0f:00.0: BAR 5 [mem 0x80980000-0x809803ff]: assigned
[    0.340961] pci 0000:07:0d.0: PCI bridge to [bus 0f]
[    0.340964] pci 0000:07:0d.0:   bridge window [mem 0x80900000-0x809fffff]
[    0.340970] pci 0000:06:00.0: PCI bridge to [bus 07-0f]
[    0.340972] pci 0000:06:00.0:   bridge window [io  0xe000-0xefff]
[    0.340975] pci 0000:06:00.0:   bridge window [mem 0x80000000-0x809fffff]
[    0.340981] pci 0000:04:08.0: PCI bridge to [bus 06-0f]
[    0.340982] pci 0000:04:08.0:   bridge window [io  0xe000-0xefff]
[    0.340984] pci 0000:04:08.0:   bridge window [mem 0x80000000-0x809fffff]
[    0.340989] pci 0000:10:00.0: BAR 0 [mem 0x80a00000-0x80a07fff 64bit]: assigned
[    0.340993] pci 0000:04:0c.0: PCI bridge to [bus 10]
[    0.340996] pci 0000:04:0c.0:   bridge window [mem 0x80a00000-0x80afffff]
[    0.341000] pci 0000:11:00.0: ROM [mem 0x80b00000-0x80b7ffff pref]: assigned
[    0.341000] pci 0000:11:00.0: BAR 5 [mem 0x80b80000-0x80b803ff]: assigned
[    0.341002] pci 0000:04:0d.0: PCI bridge to [bus 11]
[    0.341004] pci 0000:04:0d.0:   bridge window [mem 0x80b00000-0x80bfffff]
[    0.341008] pci 0000:03:00.0: PCI bridge to [bus 04-11]
[    0.341009] pci 0000:03:00.0:   bridge window [io  0xe000-0xefff]
[    0.341011] pci 0000:03:00.0:   bridge window [mem 0x80000000-0x80bfffff]
[    0.341015] pci 0000:00:02.1: PCI bridge to [bus 03-11]
[    0.341016] pci 0000:00:02.1:   bridge window [io  0xe000-0xefff]
[    0.341018] pci 0000:00:02.1:   bridge window [mem 0x80000000-0x80bfffff]
[    0.341028] pci 0000:13:00.0: PCI bridge to [bus 18-47]
[    0.341029] pci 0000:13:00.0:   bridge window [io  0x7000-0x9fff]
[    0.341031] pci 0000:13:00.0:   bridge window [mem 0xac000000-0xc3ffffff]
[    0.341032] pci 0000:13:00.0:   bridge window [mem 0xb000000000-0xcfffffffff 64bit pref]
[    0.341035] pci 0000:13:01.0: PCI bridge to [bus 48-77]
[    0.341036] pci 0000:13:01.0:   bridge window [io  0xa000-0xcfff]
[    0.341038] pci 0000:13:01.0:   bridge window [mem 0xc4000000-0xdbffffff]
[    0.341040] pci 0000:13:01.0:   bridge window [mem 0xd000000000-0xefffffffff 64bit pref]
[    0.341042] pci 0000:13:02.0: PCI bridge to [bus 78]
[    0.341045] pci 0000:13:02.0:   bridge window [mem 0xdc000000-0xdc3fffff]
[    0.341049] pci 0000:13:03.0: PCI bridge to [bus 79]
[    0.341051] pci 0000:13:03.0:   bridge window [mem 0xdc400000-0xdc7fffff]
[    0.341054] pci 0000:12:00.0: PCI bridge to [bus 13-79]
[    0.341055] pci 0000:12:00.0:   bridge window [io  0x7000-0xcfff]
[    0.341058] pci 0000:12:00.0:   bridge window [mem 0xac000000-0xdc7fffff]
[    0.341059] pci 0000:12:00.0:   bridge window [mem 0xb000000000-0xefffffffff 64bit pref]
[    0.341062] pci 0000:00:02.2: PCI bridge to [bus 12-79]
[    0.341063] pci 0000:00:02.2:   bridge window [io  0x7000-0xcfff]
[    0.341064] pci 0000:00:02.2:   bridge window [mem 0xac000000-0xdc7fffff]
[    0.341065] pci 0000:00:02.2:   bridge window [mem 0xb000000000-0xefffffffff 64bit pref]
[    0.341074] pci 0000:00:08.1: PCI bridge to [bus 7a]
[    0.341079] pci 0000:00:08.1:   bridge window [io  0xd000-0xdfff]
[    0.341081] pci 0000:00:08.1:   bridge window [mem 0xdf000000-0xdf5fffff]
[    0.341082] pci 0000:00:08.1:   bridge window [mem 0xf810000000-0xf81fffffff 64bit pref]
[    0.341083] pci 0000:00:08.3: PCI bridge to [bus 7b]
[    0.341085] pci 0000:00:08.3:   bridge window [mem 0xdf600000-0xdf6fffff]
[    0.341087] pci_bus 0000:00: resource 4 [io  0x0000-0x03af window]
[    0.341088] pci_bus 0000:00: resource 5 [io  0x03e0-0x0cf7 window]
[    0.341088] pci_bus 0000:00: resource 6 [io  0x03b0-0x03df window]
[    0.341089] pci_bus 0000:00: resource 7 [io  0x0d00-0xffff window]
[    0.341089] pci_bus 0000:00: resource 8 [mem 0x000a0000-0x000dffff window]
[    0.341089] pci_bus 0000:00: resource 9 [mem 0x80000000-0xdfffffff window]
[    0.341090] pci_bus 0000:00: resource 10 [mem 0x1880000000-0xffffffffff window]
[    0.341090] pci_bus 0000:01: resource 0 [io  0xf000-0xffff]
[    0.341091] pci_bus 0000:01: resource 1 [mem 0xdd000000-0xde0fffff]
[    0.341091] pci_bus 0000:01: resource 2 [mem 0xf000000000-0xf801ffffff 64bit pref]
[    0.341092] pci_bus 0000:02: resource 1 [mem 0xdf700000-0xdf7fffff]
[    0.341092] pci_bus 0000:03: resource 0 [io  0xe000-0xefff]
[    0.341093] pci_bus 0000:03: resource 1 [mem 0x80000000-0x80bfffff]
[    0.341093] pci_bus 0000:04: resource 0 [io  0xe000-0xefff]
[    0.341093] pci_bus 0000:04: resource 1 [mem 0x80000000-0x80bfffff]
[    0.341094] pci_bus 0000:06: resource 0 [io  0xe000-0xefff]
[    0.341094] pci_bus 0000:06: resource 1 [mem 0x80000000-0x809fffff]
[    0.341094] pci_bus 0000:07: resource 0 [io  0xe000-0xefff]
[    0.341095] pci_bus 0000:07: resource 1 [mem 0x80000000-0x809fffff]
[    0.341095] pci_bus 0000:08: resource 1 [mem 0x80300000-0x803fffff]
[    0.341096] pci_bus 0000:09: resource 1 [mem 0x80000000-0x802fffff]
[    0.341096] pci_bus 0000:0b: resource 1 [mem 0x80400000-0x805fffff]
[    0.341096] pci_bus 0000:0c: resource 0 [io  0xe000-0xefff]
[    0.341097] pci_bus 0000:0c: resource 1 [mem 0x80600000-0x806fffff]
[    0.341097] pci_bus 0000:0d: resource 1 [mem 0x80700000-0x807fffff]
[    0.341097] pci_bus 0000:0e: resource 1 [mem 0x80800000-0x808fffff]
[    0.341098] pci_bus 0000:0f: resource 1 [mem 0x80900000-0x809fffff]
[    0.341098] pci_bus 0000:10: resource 1 [mem 0x80a00000-0x80afffff]
[    0.341098] pci_bus 0000:11: resource 1 [mem 0x80b00000-0x80bfffff]
[    0.341099] pci_bus 0000:12: resource 0 [io  0x7000-0xcfff]
[    0.341099] pci_bus 0000:12: resource 1 [mem 0xac000000-0xdc7fffff]
[    0.341099] pci_bus 0000:12: resource 2 [mem 0xb000000000-0xefffffffff 64bit pref]
[    0.341100] pci_bus 0000:13: resource 0 [io  0x7000-0xcfff]
[    0.341100] pci_bus 0000:13: resource 1 [mem 0xac000000-0xdc7fffff]
[    0.341100] pci_bus 0000:13: resource 2 [mem 0xb000000000-0xefffffffff 64bit pref]
[    0.341101] pci_bus 0000:18: resource 0 [io  0x7000-0x9fff]
[    0.341101] pci_bus 0000:18: resource 1 [mem 0xac000000-0xc3ffffff]
[    0.341101] pci_bus 0000:18: resource 2 [mem 0xb000000000-0xcfffffffff 64bit pref]
[    0.341102] pci_bus 0000:48: resource 0 [io  0xa000-0xcfff]
[    0.341102] pci_bus 0000:48: resource 1 [mem 0xc4000000-0xdbffffff]
[    0.341102] pci_bus 0000:48: resource 2 [mem 0xd000000000-0xefffffffff 64bit pref]
[    0.341103] pci_bus 0000:78: resource 1 [mem 0xdc000000-0xdc3fffff]
[    0.341103] pci_bus 0000:79: resource 1 [mem 0xdc400000-0xdc7fffff]
[    0.341103] pci_bus 0000:7a: resource 0 [io  0xd000-0xdfff]
[    0.341104] pci_bus 0000:7a: resource 1 [mem 0xdf000000-0xdf5fffff]
[    0.341104] pci_bus 0000:7a: resource 2 [mem 0xf810000000-0xf81fffffff 64bit pref]
[    0.341104] pci_bus 0000:7b: resource 1 [mem 0xdf600000-0xdf6fffff]
[    0.341156] pci 0000:01:00.1: extending delay after power-on from D3hot to 20 msec
[    0.341167] pci 0000:01:00.1: D0 power state depends on 0000:01:00.0
[    0.341578] pci 0000:7a:00.1: D0 power state depends on 0000:7a:00.0
[    0.341679] PCI: CLS 64 bytes, default 64
[    0.341694] pci 0000:00:00.2: AMD-Vi: IOMMU performance counters supported
[    0.341710] Trying to unpack rootfs image as initramfs...
[    0.341730] pci 0000:00:01.0: Adding to iommu group 0
[    0.341740] pci 0000:00:01.1: Adding to iommu group 1
[    0.341748] pci 0000:00:01.2: Adding to iommu group 2
[    0.341767] pci 0000:00:02.0: Adding to iommu group 3
[    0.341776] pci 0000:00:02.1: Adding to iommu group 4
[    0.341784] pci 0000:00:02.2: Adding to iommu group 5
[    0.341793] pci 0000:00:03.0: Adding to iommu group 6
[    0.341803] pci 0000:00:04.0: Adding to iommu group 7
[    0.341822] pci 0000:00:08.0: Adding to iommu group 8
[    0.341829] pci 0000:00:08.1: Adding to iommu group 9
[    0.341836] pci 0000:00:08.3: Adding to iommu group 10
[    0.341849] pci 0000:00:14.0: Adding to iommu group 11
[    0.341855] pci 0000:00:14.3: Adding to iommu group 11
[    0.341889] pci 0000:00:18.0: Adding to iommu group 12
[    0.341895] pci 0000:00:18.1: Adding to iommu group 12
[    0.341901] pci 0000:00:18.2: Adding to iommu group 12
[    0.341907] pci 0000:00:18.3: Adding to iommu group 12
[    0.341913] pci 0000:00:18.4: Adding to iommu group 12
[    0.341919] pci 0000:00:18.5: Adding to iommu group 12
[    0.341926] pci 0000:00:18.6: Adding to iommu group 12
[    0.341932] pci 0000:00:18.7: Adding to iommu group 12
[    0.341952] pci 0000:01:00.0: Adding to iommu group 13
[    0.341965] pci 0000:01:00.1: Adding to iommu group 13
[    0.341973] pci 0000:02:00.0: Adding to iommu group 14
[    0.341981] pci 0000:03:00.0: Adding to iommu group 15
[    0.341997] pci 0000:04:00.0: Adding to iommu group 16
[    0.342008] pci 0000:04:08.0: Adding to iommu group 17
[    0.342020] pci 0000:04:0c.0: Adding to iommu group 18
[    0.342031] pci 0000:04:0d.0: Adding to iommu group 19
[    0.342036] pci 0000:06:00.0: Adding to iommu group 17
[    0.342047] pci 0000:07:00.0: Adding to iommu group 17
[    0.342058] pci 0000:07:04.0: Adding to iommu group 17
[    0.342069] pci 0000:07:05.0: Adding to iommu group 17
[    0.342080] pci 0000:07:06.0: Adding to iommu group 17
[    0.342092] pci 0000:07:07.0: Adding to iommu group 17
[    0.342103] pci 0000:07:08.0: Adding to iommu group 17
[    0.342114] pci 0000:07:0c.0: Adding to iommu group 17
[    0.342125] pci 0000:07:0d.0: Adding to iommu group 17
[    0.342132] pci 0000:08:00.0: Adding to iommu group 17
[    0.342138] pci 0000:09:00.0: Adding to iommu group 17
[    0.342145] pci 0000:0b:00.0: Adding to iommu group 17
[    0.342152] pci 0000:0c:00.0: Adding to iommu group 17
[    0.342160] pci 0000:0d:00.0: Adding to iommu group 17
[    0.342163] pci 0000:0e:00.0: Adding to iommu group 17
[    0.342165] pci 0000:0f:00.0: Adding to iommu group 17
[    0.342167] pci 0000:10:00.0: Adding to iommu group 18
[    0.342168] pci 0000:11:00.0: Adding to iommu group 19
[    0.342176] pci 0000:12:00.0: Adding to iommu group 20
[    0.342188] pci 0000:13:00.0: Adding to iommu group 21
[    0.342199] pci 0000:13:01.0: Adding to iommu group 22
[    0.342211] pci 0000:13:02.0: Adding to iommu group 23
[    0.342223] pci 0000:13:03.0: Adding to iommu group 24
[    0.342226] pci 0000:78:00.0: Adding to iommu group 23
[    0.342230] pci 0000:79:00.0: Adding to iommu group 24
[    0.342249] pci 0000:7a:00.0: Adding to iommu group 25
[    0.342258] pci 0000:7a:00.1: Adding to iommu group 26
[    0.342268] pci 0000:7a:00.2: Adding to iommu group 27
[    0.342277] pci 0000:7a:00.3: Adding to iommu group 28
[    0.342285] pci 0000:7a:00.4: Adding to iommu group 29
[    0.342293] pci 0000:7b:00.0: Adding to iommu group 30
[    0.343860] AMD-Vi: Extended features (0x246577efa2254afa, 0x0): PPR NX GT [5] IA GA PC GA_vAPIC
[    0.343863] AMD-Vi: Interrupt remapping enabled
[    0.419606] AMD-Vi: Virtual APIC enabled
[    0.419613] PCI-DMA: Using software bounce buffering for IO (SWIOTLB)
[    0.419616] software IO TLB: mapped [mem 0x000000005e1e1000-0x00000000621e1000] (64MB)
[    0.419634] RAPL PMU: API unit is 2^-32 Joules, 2 fixed counters, 163840 ms ovfl timer
[    0.419635] RAPL PMU: hw unit of domain package 2^-16 Joules
[    0.419636] RAPL PMU: hw unit of domain core 2^-16 Joules
[    0.419638] LVT offset 0 assigned for vector 0x400
[    0.419699] perf: AMD IBS detected (0x00081bff)
[    0.419703] perf/amd_iommu: Detected AMD IOMMU #0 (2 banks, 4 counters/bank).
[    0.420106] Initialise system trusted keyrings
[    0.420117] Key type blacklist registered
[    0.420133] workingset: timestamp_bits=40 max_order=25 bucket_order=0
[    0.420270] SGI XFS with ACLs, security attributes, realtime, scrub, repair, quota, debug enabled
[    0.424302] xor: automatically using best checksumming function   avx       
[    0.424303] Key type asymmetric registered
[    0.424304] Asymmetric key parser 'x509' registered
[    0.424310] Block layer SCSI generic (bsg) driver version 0.4 loaded (major 243)
[    0.424332] io scheduler mq-deadline registered
[    0.424333] io scheduler kyber registered
[    0.424341] io scheduler bfq registered
[    0.425151] ledtrig-cpu: registered to indicate activity on CPUs
[    0.427329] input: Power Button as /devices/LNXSYSTM:00/LNXSYBUS:00/PNP0C0C:00/input/input0
[    0.427340] ACPI: button: Power Button [PWRB]
[    0.427350] input: Power Button as /devices/LNXSYSTM:00/LNXPWRBN:00/input/input1
[    0.431273] ACPI: button: Power Button [PWRF]
[    0.431440] Monitor-Mwait will be used to enter C-1 state
[    0.432360] Estimated ratio of average max frequency by base frequency (times 1024): 1086
[    0.432465] Serial: 8250/16550 driver, 4 ports, IRQ sharing enabled
[    0.453913] serial8250: ttyS0 at I/O 0x3f8 (irq = 4, base_baud = 115200) is a 16550A
[    0.454620] Key type psk registered
[    0.454751] nvme nvme1: pci function 0000:08:00.0
[    0.454753] nvme nvme0: pci function 0000:02:00.0
[    0.454759] nvme nvme2: pci function 0000:0d:00.0
[    0.455088] ahci 0000:0f:00.0: AHCI vers 0001.0301, 32 command slots, 6 Gbps, SATA mode
[    0.455089] ahci 0000:0f:00.0: 4/6 ports implemented (port mask 0xf)
[    0.455090] ahci 0000:0f:00.0: flags: 64bit ncq sntf stag pm led clo only pmp pio slum part sxs deso sadm sds apst 
[    0.455286] scsi host0: ahci
[    0.455333] scsi host1: ahci
[    0.455362] scsi host2: ahci
[    0.455389] scsi host3: ahci
[    0.455418] scsi host4: ahci
[    0.455444] scsi host5: ahci
[    0.455455] ata1: SATA max UDMA/133 abar m1024@0x80980000 port 0x80980100 irq 44 lpm-pol 0
[    0.455461] ata2: SATA max UDMA/133 abar m1024@0x80980000 port 0x80980180 irq 44 lpm-pol 0
[    0.455463] ata3: SATA max UDMA/133 abar m1024@0x80980000 port 0x80980200 irq 44 lpm-pol 0
[    0.455464] ata4: SATA max UDMA/133 abar m1024@0x80980000 port 0x80980280 irq 44 lpm-pol 0
[    0.455465] ata5: DUMMY
[    0.455465] ata6: DUMMY
[    0.455549] ahci 0000:11:00.0: AHCI vers 0001.0301, 32 command slots, 6 Gbps, SATA mode
[    0.455550] ahci 0000:11:00.0: 4/6 ports implemented (port mask 0xf)
[    0.455551] ahci 0000:11:00.0: flags: 64bit ncq sntf stag pm led clo only pmp pio slum part sxs deso sadm sds apst 
[    0.455687] scsi host6: ahci
[    0.455713] scsi host7: ahci
[    0.455739] scsi host8: ahci
[    0.455764] scsi host9: ahci
[    0.455792] scsi host10: ahci
[    0.455819] scsi host11: ahci
[    0.455833] ata7: SATA max UDMA/133 abar m1024@0x80b80000 port 0x80b80100 irq 49 lpm-pol 0
[    0.455833] ata8: SATA max UDMA/133 abar m1024@0x80b80000 port 0x80b80180 irq 49 lpm-pol 0
[    0.455834] ata9: SATA max UDMA/133 abar m1024@0x80b80000 port 0x80b80200 irq 49 lpm-pol 0
[    0.455835] ata10: SATA max UDMA/133 abar m1024@0x80b80000 port 0x80b80280 irq 49 lpm-pol 0
[    0.455836] ata11: DUMMY
[    0.455836] ata12: DUMMY
[    0.455935] xhci_hcd 0000:0e:00.0: xHCI Host Controller
[    0.455938] xhci_hcd 0000:0e:00.0: new USB bus registered, assigned bus number 1
[    0.460525] nvme nvme1: D3 entry latency set to 10 seconds
[    0.462914] nvme nvme1: 16/0/0 default/read/poll queues
[    0.469106]  nvme1n1: p1
[    0.484832] nvme nvme0: 16/0/0 default/read/poll queues
[    0.485070] nvme nvme2: 16/0/0 default/read/poll queues
[    0.487552]  nvme2n1: p1 p2 p3 p4
[    0.487646]  nvme0n1: p1 p2 p3 p4 p5 p6 p7 p8
[    0.511990] xhci_hcd 0000:0e:00.0: hcc params 0x0200ef81 hci version 0x110 quirks 0x0000000000000010
[    0.512247] xhci_hcd 0000:0e:00.0: xHCI Host Controller
[    0.512248] xhci_hcd 0000:0e:00.0: new USB bus registered, assigned bus number 2
[    0.512249] xhci_hcd 0000:0e:00.0: Host supports USB 3.2 Enhanced SuperSpeed
[    0.512963] usb usb1: New USB device found, idVendor=1d6b, idProduct=0002, bcdDevice= 6.19
[    0.512964] usb usb1: New USB device strings: Mfr=3, Product=2, SerialNumber=1
[    0.512964] usb usb1: Product: xHCI Host Controller
[    0.512965] usb usb1: Manufacturer: Linux 6.19.6-1-liquorix-amd64 xhci-hcd
[    0.512965] usb usb1: SerialNumber: 0000:0e:00.0
[    0.513027] hub 1-0:1.0: USB hub found
[    0.513041] hub 1-0:1.0: 12 ports detected
[    0.513605] usb usb2: We don't know the algorithms for LPM for this host, disabling LPM.
[    0.513610] usb usb2: New USB device found, idVendor=1d6b, idProduct=0003, bcdDevice= 6.19
[    0.513611] usb usb2: New USB device strings: Mfr=3, Product=2, SerialNumber=1
[    0.513611] usb usb2: Product: xHCI Host Controller
[    0.513611] usb usb2: Manufacturer: Linux 6.19.6-1-liquorix-amd64 xhci-hcd
[    0.513612] usb usb2: SerialNumber: 0000:0e:00.0
[    0.513642] hub 2-0:1.0: USB hub found
[    0.513648] hub 2-0:1.0: 5 ports detected
[    0.513923] xhci_hcd 0000:10:00.0: xHCI Host Controller
[    0.513924] xhci_hcd 0000:10:00.0: new USB bus registered, assigned bus number 3
[    0.569973] xhci_hcd 0000:10:00.0: hcc params 0x0200ef81 hci version 0x110 quirks 0x0000000000000010
[    0.570213] xhci_hcd 0000:10:00.0: xHCI Host Controller
[    0.570213] xhci_hcd 0000:10:00.0: new USB bus registered, assigned bus number 4
[    0.570214] xhci_hcd 0000:10:00.0: Host supports USB 3.2 Enhanced SuperSpeed
[    0.570935] usb usb3: New USB device found, idVendor=1d6b, idProduct=0002, bcdDevice= 6.19
[    0.570936] usb usb3: New USB device strings: Mfr=3, Product=2, SerialNumber=1
[    0.570936] usb usb3: Product: xHCI Host Controller
[    0.570936] usb usb3: Manufacturer: Linux 6.19.6-1-liquorix-amd64 xhci-hcd
[    0.570937] usb usb3: SerialNumber: 0000:10:00.0
[    0.571000] hub 3-0:1.0: USB hub found
[    0.571008] hub 3-0:1.0: 12 ports detected
[    0.571487] usb usb4: We don't know the algorithms for LPM for this host, disabling LPM.
[    0.571491] usb usb4: New USB device found, idVendor=1d6b, idProduct=0003, bcdDevice= 6.19
[    0.571492] usb usb4: New USB device strings: Mfr=3, Product=2, SerialNumber=1
[    0.571492] usb usb4: Product: xHCI Host Controller
[    0.571492] usb usb4: Manufacturer: Linux 6.19.6-1-liquorix-amd64 xhci-hcd
[    0.571493] usb usb4: SerialNumber: 0000:10:00.0
[    0.571526] hub 4-0:1.0: USB hub found
[    0.571534] hub 4-0:1.0: 5 ports detected
[    0.571761] xhci_hcd 0000:78:00.0: xHCI Host Controller
[    0.571763] xhci_hcd 0000:78:00.0: new USB bus registered, assigned bus number 5
[    0.574576] xhci_hcd 0000:78:00.0: hcc params 0x0200ef81 hci version 0x120 quirks 0x0000000200000010
[    0.576517] xhci_hcd 0000:78:00.0: xHCI Host Controller
[    0.576518] xhci_hcd 0000:78:00.0: new USB bus registered, assigned bus number 6
[    0.576519] xhci_hcd 0000:78:00.0: Host supports USB 3.2 Enhanced SuperSpeed
[    0.576535] usb usb5: New USB device found, idVendor=1d6b, idProduct=0002, bcdDevice= 6.19
[    0.576536] usb usb5: New USB device strings: Mfr=3, Product=2, SerialNumber=1
[    0.576536] usb usb5: Product: xHCI Host Controller
[    0.576536] usb usb5: Manufacturer: Linux 6.19.6-1-liquorix-amd64 xhci-hcd
[    0.576537] usb usb5: SerialNumber: 0000:78:00.0
[    0.576576] hub 5-0:1.0: USB hub found
[    0.576784] hub 5-0:1.0: 2 ports detected
[    0.577430] usb usb6: We don't know the algorithms for LPM for this host, disabling LPM.
[    0.577434] usb usb6: New USB device found, idVendor=1d6b, idProduct=0003, bcdDevice= 6.19
[    0.577435] usb usb6: New USB device strings: Mfr=3, Product=2, SerialNumber=1
[    0.577435] usb usb6: Product: xHCI Host Controller
[    0.577435] usb usb6: Manufacturer: Linux 6.19.6-1-liquorix-amd64 xhci-hcd
[    0.577436] usb usb6: SerialNumber: 0000:78:00.0
[    0.577468] hub 6-0:1.0: USB hub found
[    0.577661] hub 6-0:1.0: 2 ports detected
[    0.578121] xhci_hcd 0000:7a:00.3: xHCI Host Controller
[    0.578123] xhci_hcd 0000:7a:00.3: new USB bus registered, assigned bus number 7
[    0.578470] xhci_hcd 0000:7a:00.3: hcc params 0x0120ffc5 hci version 0x120 quirks 0x0000000200000010
[    0.578639] xhci_hcd 0000:7a:00.3: xHCI Host Controller
[    0.578640] xhci_hcd 0000:7a:00.3: new USB bus registered, assigned bus number 8
[    0.578640] xhci_hcd 0000:7a:00.3: Host supports USB 3.1 Enhanced SuperSpeed
[    0.578648] usb usb7: New USB device found, idVendor=1d6b, idProduct=0002, bcdDevice= 6.19
[    0.578648] usb usb7: New USB device strings: Mfr=3, Product=2, SerialNumber=1
[    0.578649] usb usb7: Product: xHCI Host Controller
[    0.578649] usb usb7: Manufacturer: Linux 6.19.6-1-liquorix-amd64 xhci-hcd
[    0.578650] usb usb7: SerialNumber: 0000:7a:00.3
[    0.578687] hub 7-0:1.0: USB hub found
[    0.578689] hub 7-0:1.0: 2 ports detected
[    0.578783] usb usb8: We don't know the algorithms for LPM for this host, disabling LPM.
[    0.578786] usb usb8: New USB device found, idVendor=1d6b, idProduct=0003, bcdDevice= 6.19
[    0.578787] usb usb8: New USB device strings: Mfr=3, Product=2, SerialNumber=1
[    0.578787] usb usb8: Product: xHCI Host Controller
[    0.578787] usb usb8: Manufacturer: Linux 6.19.6-1-liquorix-amd64 xhci-hcd
[    0.578788] usb usb8: SerialNumber: 0000:7a:00.3
[    0.578820] hub 8-0:1.0: USB hub found
[    0.578821] hub 8-0:1.0: 2 ports detected
[    0.578936] xhci_hcd 0000:7a:00.4: xHCI Host Controller
[    0.578938] xhci_hcd 0000:7a:00.4: new USB bus registered, assigned bus number 9
[    0.579277] xhci_hcd 0000:7a:00.4: hcc params 0x0120ffc5 hci version 0x120 quirks 0x0000000200000010
[    0.579447] xhci_hcd 0000:7a:00.4: xHCI Host Controller
[    0.579447] xhci_hcd 0000:7a:00.4: new USB bus registered, assigned bus number 10
[    0.579448] xhci_hcd 0000:7a:00.4: Host supports USB 3.1 Enhanced SuperSpeed
[    0.579456] usb usb9: New USB device found, idVendor=1d6b, idProduct=0002, bcdDevice= 6.19
[    0.579457] usb usb9: New USB device strings: Mfr=3, Product=2, SerialNumber=1
[    0.579457] usb usb9: Product: xHCI Host Controller
[    0.579457] usb usb9: Manufacturer: Linux 6.19.6-1-liquorix-amd64 xhci-hcd
[    0.579458] usb usb9: SerialNumber: 0000:7a:00.4
[    0.579494] hub 9-0:1.0: USB hub found
[    0.579496] hub 9-0:1.0: 2 ports detected
[    0.579592] usb usb10: We don't know the algorithms for LPM for this host, disabling LPM.
[    0.579603] usb usb10: New USB device found, idVendor=1d6b, idProduct=0003, bcdDevice= 6.19
[    0.579608] usb usb10: New USB device strings: Mfr=3, Product=2, SerialNumber=1
[    0.579609] usb usb10: Product: xHCI Host Controller
[    0.579610] usb usb10: Manufacturer: Linux 6.19.6-1-liquorix-amd64 xhci-hcd
[    0.579611] usb usb10: SerialNumber: 0000:7a:00.4
[    0.579690] hub 10-0:1.0: USB hub found
[    0.579698] hub 10-0:1.0: 2 ports detected
[    0.580001] xhci_hcd 0000:7b:00.0: xHCI Host Controller
[    0.580005] xhci_hcd 0000:7b:00.0: new USB bus registered, assigned bus number 11
[    0.581268] xhci_hcd 0000:7b:00.0: USB3 root hub has no ports
[    0.581282] xhci_hcd 0000:7b:00.0: hcc params 0x0110ffc5 hci version 0x120 quirks 0x0000000200000010
[    0.581473] usb usb11: New USB device found, idVendor=1d6b, idProduct=0002, bcdDevice= 6.19
[    0.581473] usb usb11: New USB device strings: Mfr=3, Product=2, SerialNumber=1
[    0.581474] usb usb11: Product: xHCI Host Controller
[    0.581474] usb usb11: Manufacturer: Linux 6.19.6-1-liquorix-amd64 xhci-hcd
[    0.581475] usb usb11: SerialNumber: 0000:7b:00.0
[    0.581514] hub 11-0:1.0: USB hub found
[    0.581516] hub 11-0:1.0: 1 port detected
[    0.581611] i8042: PNP: No PS/2 controller found.
[    0.581661] rtc_cmos 00:02: RTC can wake from S4
[    0.581798] rtc_cmos 00:02: registered as rtc0
[    0.581819] rtc_cmos 00:02: setting system clock to 2026-03-21T14:06:38 UTC (1774101998)
[    0.581835] rtc_cmos 00:02: alarms up to one month, y3k, 114 bytes nvram
[    0.581852] amd_pstate: driver load is disabled, boot with specific mode to enable this
[    0.581863] efifb: probing for efifb
[    0.581869] efifb: framebuffer at 0xf000000000, using 8640k, total 8640k
[    0.581870] efifb: mode is 1920x1080x32, linelength=8192, pages=1
[    0.581871] efifb: scrolling: redraw
[    0.581871] efifb: Truecolor: size=8:8:8:8, shift=24:16:8:0
[    0.582307] Console: switching to colour frame buffer device 240x67
[    0.582695] fb0: EFI VGA frame buffer device
[    0.582710] hid: raw HID events driver (C) Jiri Kosina
[    0.582795] NET: Registered PF_INET6 protocol family
[    0.582936] Segment Routing with IPv6
[    0.582936] RPL Segment Routing with IPv6
[    0.582940] In-situ OAM (IOAM) with IPv6
[    0.582963] Key type dns_resolver registered
[    0.583596] microcode: Current revision: 0x0b404023
[    0.583827] resctrl: L3 allocation detected
[    0.583828] resctrl: MB allocation detected
[    0.583828] resctrl: SMBA allocation detected
[    0.583828] resctrl: L3 monitoring detected
[    0.583838] IPI shorthand broadcast: enabled
[    0.584326] sched_clock: Marking stable (584010001, 255842)->(610629819, -26363976)
[    0.584436] registered taskstats version 1
[    0.584525] Loading compiled-in X.509 certificates
[    0.585164] Demotion targets for Node 0: null
[    0.585179] Key type .fscrypt registered
[    0.585179] Key type fscrypt-provisioning registered
[    0.585267] Btrfs loaded, experimental=on, assert=on, zoned=yes, fsverity=yes
[    0.586258] RAS: Correctable Errors collector initialized.
[    0.588087] clk: Disabling unused clocks
[    0.588089] PM: genpd: Disabling unused power domains
[    0.612665] Freeing initrd memory: 321836K
[    0.766905] ata7: SATA link down (SStatus 0 SControl 300)
[    0.766908] ata4: SATA link down (SStatus 0 SControl 330)
[    0.766926] ata9: SATA link down (SStatus 0 SControl 300)
[    0.766931] ata3: SATA link down (SStatus 0 SControl 330)
[    0.766943] ata10: SATA link down (SStatus 0 SControl 300)
[    0.766960] ata2: SATA link down (SStatus 0 SControl 330)
[    0.766984] ata1: SATA link down (SStatus 0 SControl 330)
[    0.812631] usb 1-2: new full-speed USB device number 2 using xhci_hcd
[    0.814634] usb 9-1: new full-speed USB device number 2 using xhci_hcd
[    0.867630] usb 3-1: new full-speed USB device number 2 using xhci_hcd
[    0.926653] ata8: SATA link up 6.0 Gbps (SStatus 133 SControl 300)
[    0.926886] ata8.00: Model 'Samsung SSD 870 EVO 4TB', rev 'SVT03B6Q', applying quirks: noncqtrim zeroaftertrim noncqonati nolpmonati
[    0.926925] ata8.00: supports DRM functions and may not be fully accessible
[    0.926926] ata8.00: ATA-11: Samsung SSD 870 EVO 4TB, SVT03B6Q, max UDMA/133
[    0.927330] ata8.00: 7814037168 sectors, multi 1: LBA48 NCQ (depth 32), AA
[    0.930321] ata8.00: Features: Trust Dev-Sleep DIPM NCQ-sndrcv
[    0.930593] ata8.00: supports DRM functions and may not be fully accessible
[    0.934105] ata8.00: configured for UDMA/133
[    0.934253] scsi 7:0:0:0: Direct-Access     ATA      Samsung SSD 870  3B6Q PQ: 0 ANSI: 5
[    0.934440] ata8.00: Enabling discard_zeroes_data
[    0.934447] sd 7:0:0:0: [sda] 7814037168 512-byte logical blocks: (4.00 TB/3.64 TiB)
[    0.934453] sd 7:0:0:0: [sda] Write Protect is off
[    0.934456] sd 7:0:0:0: [sda] Mode Sense: 00 3a 00 00
[    0.934462] sd 7:0:0:0: [sda] Write cache: enabled, read cache: enabled, doesn't support DPO or FUA
[    0.934510] sd 7:0:0:0: [sda] Preferred minimum I/O size 512 bytes
[    0.934629] ata8.00: Enabling discard_zeroes_data
[    0.942466]  sda: sda1
[    0.943390] sd 7:0:0:0: [sda] supports TCG Opal
[    0.943391] sd 7:0:0:0: [sda] Attached SCSI disk
[    0.944269] Freeing unused decrypted memory: 2028K
[    0.944566] Freeing unused kernel image (initmem) memory: 4080K
[    0.944571] Write protecting the kernel read-only data: 40960k
[    0.944795] Freeing unused kernel image (text/rodata gap) memory: 1868K
[    0.944909] Freeing unused kernel image (rodata/data gap) memory: 1744K
[    0.944912] Run /init as init process
[    0.944913]   with arguments:
[    0.944913]     /init
[    0.944913]     splash
[    0.944913]   with environment:
[    0.944914]     HOME=/
[    0.944914]     TERM=linux
[    0.944914]     split_lock_detect=off
[    0.964395] usb 9-1: New USB device found, idVendor=4098, idProduct=bb80, bcdDevice= 1.09
[    0.964398] usb 9-1: New USB device strings: Mfr=1, Product=2, SerialNumber=3
[    0.964399] usb 9-1: Product: WINCTRL 32 AGP Metal
[    0.964399] usb 9-1: Manufacturer: Winwing
[    0.964400] usb 9-1: SerialNumber: 70F6F0280662487543163052
[    0.979465] Winwing WINCTRL 32 AGP Metal: Invalid code 768 type 1
[    0.979467] Winwing WINCTRL 32 AGP Metal: Invalid code 769 type 1
[    0.979467] Winwing WINCTRL 32 AGP Metal: Invalid code 770 type 1
[    0.979467] Winwing WINCTRL 32 AGP Metal: Invalid code 771 type 1
[    0.979468] Winwing WINCTRL 32 AGP Metal: Invalid code 772 type 1
[    0.979468] Winwing WINCTRL 32 AGP Metal: Invalid code 773 type 1
[    0.979468] Winwing WINCTRL 32 AGP Metal: Invalid code 774 type 1
[    0.979468] Winwing WINCTRL 32 AGP Metal: Invalid code 775 type 1
[    0.979469] Winwing WINCTRL 32 AGP Metal: Invalid code 776 type 1
[    0.979469] Winwing WINCTRL 32 AGP Metal: Invalid code 777 type 1
[    0.979490] input: Winwing WINCTRL 32 AGP Metal as /devices/pci0000:00/0000:00:08.1/0000:7a:00.4/usb9/9-1/9-1:1.0/0003:4098:BB80.0001/input/input2
[    0.979540] hid-generic 0003:4098:BB80.0001: input,hidraw0: USB HID v1.11 Joystick [Winwing WINCTRL 32 AGP Metal] on usb-0000:7a:00.4-1/input0
[    0.979553] usbcore: registered new interface driver usbhid
[    0.979553] usbhid: USB HID core driver
[    0.987856] ACPI: video: Video Device [VGA] (multi-head: yes  rom: no  post: no)
[    0.987965] input: Video Bus as /devices/LNXSYSTM:00/LNXSYBUS:00/PNP0A08:00/device:20/LNXVIDEO:00/input/input3
[    0.988303] ccp 0000:7a:00.2: enabling device (0000 -> 0002)
[    0.989591] ccp 0000:7a:00.2: tee enabled
[    0.989759] ccp 0000:7a:00.2: psp enabled
[    0.995792] Intel(R) 2.5G Ethernet Linux Driver
[    0.995794] Copyright(c) 2018 Intel Corporation.
[    0.995902] igc 0000:0b:00.0: PCIe PTM not supported by PCIe bus/controller
[    0.996346] i2c i2c-0: Failed to register i2c client MSFT8000:00 at 0x4e (-16)
[    1.000585] ACPI: bus type drm_connector registered
[    1.000602] ACPI: bus type thunderbolt registered
[    1.000803] thunderbolt 0000:79:00.0: enabling device (0000 -> 0002)
[    1.002058] piix4_smbus 0000:00:14.0: SMBus Host Controller at 0xb00, revision 0
[    1.002060] piix4_smbus 0000:00:14.0: Using register 0x02 for SMBus port selection
[    1.003204] i2c i2c-1: Successfully instantiated SPD at 0x51
[    1.004313] i2c i2c-1: Successfully instantiated SPD at 0x53
[    1.004333] piix4_smbus 0000:00:14.0: Auxiliary SMBus Host Controller at 0xb20
[    1.004587] r8169 0000:0c:00.0 eth0: RTL8126A, 60:cf:84:85:e5:03, XID 64a, IRQ 155
[    1.004590] r8169 0000:0c:00.0 eth0: jumbo features [frames: 16362 bytes, tx checksumming: ko]
[    1.005464] r8169 0000:0c:00.0 enp12s0: renamed from eth0
[    1.016677] sp5100_tco: SP5100/SB800 TCO WatchDog Timer Driver
[    1.016714] sp5100-tco sp5100-tco: Using 0xfeb00000 for watchdog MMIO address
[    1.016775] sp5100-tco sp5100-tco: initialized. heartbeat=60 sec (nowayout=0)
[    1.019209] Linux agpgart interface v0.103
[    1.036489] BTRFS: device fsid 81cb0d27-a629-456b-a460-2498db3e07a6 devid 2 transid 283089 /dev/nvme0n1p7 (259:14) scanned by (udev-worker) (271)
[    1.036789] BTRFS: device fsid 8c49f7a8-bf3b-43bb-b551-485101e92eb6 devid 1 transid 105397 /dev/nvme0n1p8 (259:15) scanned by (udev-worker) (295)
[    1.047828] BTRFS: device fsid 81cb0d27-a629-456b-a460-2498db3e07a6 devid 1 transid 283089 /dev/nvme2n1p2 (259:5) scanned by (udev-worker) (284)
[    1.047955] BTRFS: device fsid 8c49f7a8-bf3b-43bb-b551-485101e92eb6 devid 2 transid 105397 /dev/nvme2n1p3 (259:6) scanned by (udev-worker) (267)
[    1.047972] BTRFS: device fsid 8c49f7a8-bf3b-43bb-b551-485101e92eb6 devid 3 transid 105397 /dev/nvme1n1p1 (259:1) scanned by (udev-worker) (285)
[    1.049282] nvidia: loading out-of-tree module taints kernel.
[    1.049286] nvidia: module license 'NVIDIA' taints kernel.
[    1.049287] Disabling lock debugging due to kernel taint
[    1.049288] nvidia: module license taints kernel.
[    1.053608] igc 0000:0b:00.0 (unnamed net_device) (uninitialized): PHC added
[    1.078473] igc 0000:0b:00.0: 4.000 Gb/s available PCIe bandwidth (5.0 GT/s PCIe x1 link)
[    1.078476] igc 0000:0b:00.0 eth0: MAC: 60:cf:84:85:e5:02
[    1.083271] usb 9-2: new full-speed USB device number 3 using xhci_hcd
[    1.094660] nvidia-nvlink: Nvlink Core is being initialized, major device number 234

[    1.094775] igc 0000:0b:00.0 eno1: renamed from eth0
[    1.096969] nvidia 0000:01:00.0: vgaarb: VGA decodes changed: olddecodes=io+mem,decodes=none:owns=none
[    1.145305] NVRM: loading NVIDIA UNIX x86_64 Kernel Module  580.142  Tue Mar  3 20:04:04 UTC 2026
[    1.181693] usb 1-2: New USB device found, idVendor=4098, idProduct=bc27, bcdDevice= 1.00
[    1.181696] usb 1-2: New USB device strings: Mfr=1, Product=2, SerialNumber=3
[    1.181698] usb 1-2: Product: WINCTRL URSA MINOR 32 Joystick L
[    1.181699] usb 1-2: Manufacturer: Winwing
[    1.181700] usb 1-2: SerialNumber: 044750A28416422133465072
[    1.193279] usb 2-4: new SuperSpeed USB device number 2 using xhci_hcd
[    1.203385] input: Winwing WINCTRL URSA MINOR 32 Joystick L as /devices/pci0000:00/0000:00:02.1/0000:03:00.0/0000:04:08.0/0000:06:00.0/0000:07:0c.0/0000:0e:00.0/usb1/1-2/1-2:1.0/0003:4098:BC27.0002/input/input4
[    1.203432] hid-generic 0003:4098:BC27.0002: input,hidraw1: USB HID v1.11 Joystick [Winwing WINCTRL URSA MINOR 32 Joystick L] on usb-0000:0e:00.0-2/input0
[    1.209610] usb 3-1: New USB device found, idVendor=3553, idProduct=c130, bcdDevice= 1.00
[    1.209613] usb 3-1: New USB device strings: Mfr=1, Product=2, SerialNumber=0
[    1.209614] usb 3-1: Product: MK321BT
[    1.209615] usb 3-1: Manufacturer: PCsensor
[    1.211799] usb 2-4: New USB device found, idVendor=05e3, idProduct=0626, bcdDevice= 6.56
[    1.211800] usb 2-4: New USB device strings: Mfr=1, Product=2, SerialNumber=0
[    1.211800] usb 2-4: Product: USB3.1 Hub
[    1.211801] usb 2-4: Manufacturer: GenesysLogic
[    1.219961] hub 2-4:1.0: USB hub found
[    1.220412] hub 2-4:1.0: 4 ports detected
[    1.226472] usb 9-2: New USB device found, idVendor=1395, idProduct=00af, bcdDevice= 1.00
[    1.226474] usb 9-2: New USB device strings: Mfr=1, Product=2, SerialNumber=0
[    1.226475] usb 9-2: Product: EPOS PC 7 USB
[    1.226475] usb 9-2: Manufacturer: DSEA A/S
[    1.237724] input: DSEA A/S EPOS PC 7 USB as /devices/pci0000:00/0000:00:08.1/0000:7a:00.4/usb9/9-2/9-2:1.3/0003:1395:00AF.0003/input/input5
[    1.262532] usb 4-3: new SuperSpeed USB device number 2 using xhci_hcd
[    1.279460] input: PCsensor MK321BT Keyboard as /devices/pci0000:00/0000:00:02.1/0000:03:00.0/0000:04:0c.0/0000:10:00.0/usb3/3-1/3-1:1.0/0003:3553:C130.0004/input/input6
[    1.286545] usb 4-3: New USB device found, idVendor=0bda, idProduct=0411, bcdDevice= 1.23
[    1.286547] usb 4-3: New USB device strings: Mfr=1, Product=2, SerialNumber=0
[    1.286548] usb 4-3: Product: 4-Port USB 3.0 Hub
[    1.286549] usb 4-3: Manufacturer: Generic
[    1.288322] hid-generic 0003:1395:00AF.0003: input,hidraw2: USB HID v1.00 Device [DSEA A/S EPOS PC 7 USB] on usb-0000:7a:00.4-2/input3
[    1.295942] hub 4-3:1.0: USB hub found
[    1.297178] hub 4-3:1.0: 4 ports detected
[    1.363332] input: PCsensor MK321BT Mouse as /devices/pci0000:00/0000:00:02.1/0000:03:00.0/0000:04:0c.0/0000:10:00.0/usb3/3-1/3-1:1.0/0003:3553:C130.0004/input/input7
[    1.363368] hid-generic 0003:3553:C130.0004: input,hidraw3: USB HID v1.11 Keyboard [PCsensor MK321BT] on usb-0000:10:00.0-1/input0
[    1.378384] input: PCsensor MK321BT as /devices/pci0000:00/0000:00:02.1/0000:03:00.0/0000:04:0c.0/0000:10:00.0/usb3/3-1/3-1:1.1/0003:3553:C130.0005/input/input8
[    1.378430] hid-generic 0003:3553:C130.0005: input,hidraw4: USB HID v1.10 Device [PCsensor MK321BT] on usb-0000:10:00.0-1/input1
[    1.381278] usb 1-4: new high-speed USB device number 3 using xhci_hcd
[    1.414015] usb 4-5: new SuperSpeed USB device number 3 using xhci_hcd
[    1.462299] usb 4-5: New USB device found, idVendor=174c, idProduct=3074, bcdDevice= 0.01
[    1.462302] usb 4-5: New USB device strings: Mfr=2, Product=3, SerialNumber=0
[    1.462303] usb 4-5: Product: ASM107x
[    1.462304] usb 4-5: Manufacturer: ASUS TEK.
[    1.470272] tsc: Refined TSC clocksource calibration: 4699.979 MHz
[    1.470276] clocksource: tsc: mask: 0xffffffffffffffff max_cycles: 0x43bf5a19bf4, max_idle_ns: 440795442120 ns
[    1.470293] clocksource: Switched to clocksource tsc
[    1.473459] hub 4-5:1.0: USB hub found
[    1.477137] hub 4-5:1.0: 4 ports detected
[    1.600809] usb 1-4: New USB device found, idVendor=05e3, idProduct=0610, bcdDevice= 6.56
[    1.600813] usb 1-4: New USB device strings: Mfr=1, Product=2, SerialNumber=0
[    1.600814] usb 1-4: Product: USB2.1 Hub
[    1.600815] usb 1-4: Manufacturer: GenesysLogic
[    1.609851] hub 1-4:1.0: USB hub found
[    1.613797] hub 1-4:1.0: 4 ports detected
[    1.616268] usb 3-3: new high-speed USB device number 3 using xhci_hcd
[    1.677829] amdgpu: vga_switcheroo: detected switching method \_SB_.PCI0.GP17.VGA_.ATPX handle
[    1.677870] amdgpu: ATPX version 1, functions 0x00000000
[    1.677871] nvidia-modeset: Loading NVIDIA Kernel Mode Setting Driver for UNIX platforms  580.142  Tue Mar  3 18:59:57 UTC 2026
[    1.679231] [drm] [nvidia-drm] [GPU ID 0x00000100] Loading driver
[    1.680004] amdgpu: Virtual CRAT table created for CPU
[    1.680009] amdgpu: Topology: Add CPU node
[    1.680077] amdgpu 0000:7a:00.0: enabling device (0006 -> 0007)
[    1.680094] amdgpu 0000:7a:00.0: amdgpu: initializing kernel modesetting (IP DISCOVERY 0x1002:0x13C0 0x1043:0x8877 0xCB).
[    1.680101] amdgpu 0000:7a:00.0: amdgpu: register mmio base: 0xDF500000
[    1.680102] amdgpu 0000:7a:00.0: amdgpu: register mmio size: 524288
[    1.681734] amdgpu 0000:7a:00.0: amdgpu: detected ip block number 0 <common_v1_0_0> (nv_common)
[    1.681737] amdgpu 0000:7a:00.0: amdgpu: detected ip block number 1 <gmc_v10_0_0> (gmc_v10_0)
[    1.681738] amdgpu 0000:7a:00.0: amdgpu: detected ip block number 2 <ih_v5_0_0> (navi10_ih)
[    1.681739] amdgpu 0000:7a:00.0: amdgpu: detected ip block number 3 <psp_v13_0_0> (psp)
[    1.681739] amdgpu 0000:7a:00.0: amdgpu: detected ip block number 4 <smu_v13_0_0> (smu)
[    1.681740] amdgpu 0000:7a:00.0: amdgpu: detected ip block number 5 <dce_v1_0_0> (dm)
[    1.681741] amdgpu 0000:7a:00.0: amdgpu: detected ip block number 6 <gfx_v10_0_0> (gfx_v10_0)
[    1.681742] amdgpu 0000:7a:00.0: amdgpu: detected ip block number 7 <sdma_v5_2_0> (sdma_v5_2)
[    1.681743] amdgpu 0000:7a:00.0: amdgpu: detected ip block number 8 <vcn_v3_0_0> (vcn_v3_0)
[    1.681743] amdgpu 0000:7a:00.0: amdgpu: detected ip block number 9 <jpeg_v3_0_0> (jpeg_v3_0)
[    1.681753] amdgpu 0000:7a:00.0: amdgpu: Fetched VBIOS from VFCT
[    1.681754] amdgpu: ATOM BIOS: 102-RAPHAEL-008
[    1.682066] amdgpu 0000:7a:00.0: amdgpu: Trusted Memory Zone (TMZ) feature disabled as experimental (default)
[    1.682096] amdgpu 0000:7a:00.0: amdgpu: vm size is 262144 GB, 4 levels, block size is 9-bit, fragment size is 9-bit
[    1.682100] amdgpu 0000:7a:00.0: amdgpu: VRAM: 2048M 0x000000F400000000 - 0x000000F47FFFFFFF (2048M used)
[    1.682101] amdgpu 0000:7a:00.0: amdgpu: GART: 1024M 0x0000000000000000 - 0x000000003FFFFFFF
[    1.682106] [drm] Detected VRAM RAM=2048M, BAR=2048M
[    1.682106] [drm] RAM width 128bits DDR5
[    1.682146] amdgpu 0000:7a:00.0: amdgpu: amdgpu: 2048M of VRAM memory ready
[    1.682147] amdgpu 0000:7a:00.0: amdgpu: amdgpu: 47088M of GTT memory ready.
[    1.682161] [drm] GART: num cpu pages 262144, num gpu pages 262144
[    1.682251] [drm] PCIE GART of 1024M enabled (table at 0x000000F47FC00000).
[    1.682561] amdgpu 0000:7a:00.0: amdgpu: [drm] Loading DMUB firmware via PSP: version=0x05002000
[    1.682789] [drm] use_doorbell being set to: [true]
[    1.682800] amdgpu 0000:7a:00.0: amdgpu: [VCN instance 0] Found VCN firmware Version ENC: 1.33 DEC: 4 VEP: 0 Revision: 6
[    1.685377] nvidia 0000:01:00.0: Direct firmware load for nvidia/580.142/gsp_log_ga10x.bin failed with error -2
[    1.704866] amdgpu 0000:7a:00.0: amdgpu: reserve 0xa00000 from 0xf47e000000 for PSP TMR
[    1.764966] amdgpu 0000:7a:00.0: amdgpu: RAS: optional ras ta ucode is not available
[    1.770865] amdgpu 0000:7a:00.0: amdgpu: RAP: optional rap ta ucode is not available
[    1.770866] amdgpu 0000:7a:00.0: amdgpu: SECUREDISPLAY: optional securedisplay ta ucode is not available
[    1.772016] amdgpu 0000:7a:00.0: amdgpu: SMU is initialized successfully!
[    1.772710] amdgpu 0000:7a:00.0: amdgpu: [drm] Display Core v3.2.359 initialized on DCN 3.1.5
[    1.772711] amdgpu 0000:7a:00.0: amdgpu: [drm] DP-HDMI FRL PCON supported
[    1.773473] amdgpu 0000:7a:00.0: amdgpu: [drm] DMUB hardware initialized: version=0x05002000
[    1.774187] amdgpu 0000:7a:00.0: amdgpu: [drm] HDMI-A-1: PSR support 0, DC PSR ver -1, sink PSR ver 0 DPCD caps 0x0 su_y_granularity 0
[    1.774214] amdgpu 0000:7a:00.0: amdgpu: [drm] DP-1: PSR support 0, DC PSR ver -1, sink PSR ver 0 DPCD caps 0x0 su_y_granularity 0
[    1.774234] amdgpu 0000:7a:00.0: amdgpu: [drm] DP-2: PSR support 0, DC PSR ver -1, sink PSR ver 0 DPCD caps 0x0 su_y_granularity 0
[    1.774494] amdgpu 0000:7a:00.0: amdgpu: kiq ring mec 2 pipe 1 q 0
[    1.776812] kfd kfd: amdgpu: Allocated 3969056 bytes on gart
[    1.776818] kfd kfd: amdgpu: Total number of KFD nodes to be created: 1
[    1.776936] amdgpu: Virtual CRAT table created for GPU
[    1.777020] amdgpu: Topology: Add dGPU node [0x13c0:0x1002]
[    1.777020] kfd kfd: amdgpu: added device 1002:13c0
[    1.777028] amdgpu 0000:7a:00.0: amdgpu: SE 1, SH per SE 1, CU per SH 2, active_cu_number 2
[    1.777030] amdgpu 0000:7a:00.0: amdgpu: ring gfx_0.0.0 uses VM inv eng 0 on hub 0
[    1.777030] amdgpu 0000:7a:00.0: amdgpu: ring gfx_0.1.0 uses VM inv eng 1 on hub 0
[    1.777031] amdgpu 0000:7a:00.0: amdgpu: ring comp_1.0.0 uses VM inv eng 4 on hub 0
[    1.777031] amdgpu 0000:7a:00.0: amdgpu: ring comp_1.1.0 uses VM inv eng 5 on hub 0
[    1.777031] amdgpu 0000:7a:00.0: amdgpu: ring comp_1.2.0 uses VM inv eng 6 on hub 0
[    1.777032] amdgpu 0000:7a:00.0: amdgpu: ring comp_1.3.0 uses VM inv eng 7 on hub 0
[    1.777032] amdgpu 0000:7a:00.0: amdgpu: ring comp_1.0.1 uses VM inv eng 8 on hub 0
[    1.777032] amdgpu 0000:7a:00.0: amdgpu: ring comp_1.1.1 uses VM inv eng 9 on hub 0
[    1.777032] amdgpu 0000:7a:00.0: amdgpu: ring comp_1.2.1 uses VM inv eng 10 on hub 0
[    1.777033] amdgpu 0000:7a:00.0: amdgpu: ring comp_1.3.1 uses VM inv eng 11 on hub 0
[    1.777033] amdgpu 0000:7a:00.0: amdgpu: ring kiq_0.2.1.0 uses VM inv eng 12 on hub 0
[    1.777033] amdgpu 0000:7a:00.0: amdgpu: ring sdma0 uses VM inv eng 13 on hub 0
[    1.777033] amdgpu 0000:7a:00.0: amdgpu: ring vcn_dec_0 uses VM inv eng 0 on hub 8
[    1.777034] amdgpu 0000:7a:00.0: amdgpu: ring vcn_enc_0.0 uses VM inv eng 1 on hub 8
[    1.777034] amdgpu 0000:7a:00.0: amdgpu: ring vcn_enc_0.1 uses VM inv eng 4 on hub 8
[    1.777034] amdgpu 0000:7a:00.0: amdgpu: ring jpeg_dec uses VM inv eng 5 on hub 8
[    1.777807] amdgpu 0000:7a:00.0: amdgpu: Runtime PM not available
[    1.777929] amdgpu 0000:7a:00.0: [drm] Registered 4 planes with drm panic
[    1.793280] [drm] Initialized amdgpu 3.64.0 for 0000:7a:00.0 on minor 1
[    1.797130] amdgpu 0000:7a:00.0: [drm] Cannot find any crtc or sizes
[    1.797144] [drm] pre_validate_dsc:1667 MST_DSC dsc precompute is not needed
[    1.808267] usb 1-6: new high-speed USB device number 4 using xhci_hcd
[    1.839754] usb 3-3: New USB device found, idVendor=0bda, idProduct=5411, bcdDevice= 1.23
[    1.839757] usb 3-3: New USB device strings: Mfr=1, Product=2, SerialNumber=0
[    1.839758] usb 3-3: Product: 4-Port USB 2.0 Hub
[    1.839759] usb 3-3: Manufacturer: Generic
[    1.849811] hub 3-3:1.0: USB hub found
